Machine model: Mac16,5
OS version: 24G419
Boot arguments: 
Boot time: Sun Jan 18 19:40:49 2026



*** Sampled system activity (Tue Jan 20 15:04:14 2026 +0100) (1016.93ms elapsed) ***


**** Processor usage ****

E-Cluster Online: 100%
E-Cluster HW active frequency: 1938 MHz
E-Cluster HW active residency:  82.98% (1020 MHz:  15% 1404 MHz:  15% 1788 MHz:  12% 2112 MHz: 4.9% 2352 MHz: 1.9% 2532 MHz: 3.0% 2592 MHz:  31%)
E-Cluster idle residency:  17.02%
E-Cluster down residency:   0.00%
CPU 0 frequency: 1901 MHz
CPU 0 active residency:  51.14% (1020 MHz: 9.9% 1404 MHz: 9.7% 1788 MHz: 7.9% 2112 MHz: 3.1% 2352 MHz: 1.1% 2532 MHz: 1.6% 2592 MHz:  18%)
CPU 0 idle residency:  48.86%
CPU 0 down residency:   0.00%
CPU 1 frequency: 1877 MHz
CPU 1 active residency:  41.67% (1020 MHz: 8.1% 1404 MHz: 8.8% 1788 MHz: 6.5% 2112 MHz: 2.2% 2352 MHz: 1.1% 2532 MHz: 1.5% 2592 MHz:  14%)
CPU 1 idle residency:  58.33%
CPU 1 down residency:   0.00%
CPU 2 frequency: 1946 MHz
CPU 2 active residency:  36.06% (1020 MHz: 5.6% 1404 MHz: 6.6% 1788 MHz: 6.2% 2112 MHz: 2.7% 2352 MHz: .76% 2532 MHz: 1.4% 2592 MHz:  13%)
CPU 2 idle residency:  63.94%
CPU 2 down residency:   0.00%
CPU 3 frequency: 1900 MHz
CPU 3 active residency:  35.23% (1020 MHz: 5.2% 1404 MHz: 7.2% 1788 MHz: 8.1% 2112 MHz: 1.9% 2352 MHz: .64% 2532 MHz: 1.6% 2592 MHz:  11%)
CPU 3 idle residency:  64.77%
CPU 3 down residency:   0.00%

P0-Cluster Online: 53%
P0-Cluster HW active frequency: 3427 MHz
P0-Cluster HW active residency:  39.95% (1260 MHz: 4.3% 1512 MHz:   0% 1800 MHz: 1.5% 2088 MHz: .97% 2352 MHz: 1.7% 2616 MHz: 3.0% 2868 MHz: 1.3% 3096 MHz: 1.3% 3300 MHz: .19% 3468 MHz:   0% 3624 MHz: 2.0% 3756 MHz:   0% 3828 MHz:   0% 3888 MHz: 1.3% 3948 MHz: 9.4% 3996 MHz: 1.5% 4044 MHz: 1.9% 4104 MHz:   0% 4416 MHz: 2.3% 4512 MHz: 7.4%)
P0-Cluster idle residency:  13.13%
P0-Cluster down residency:  46.92%
CPU 4 frequency: 4419 MHz
CPU 4 active residency:   1.66% (1260 MHz:   0% 1512 MHz:   0% 1800 MHz:   0% 2088 MHz:   0% 2352 MHz:   0% 2616 MHz:   0% 2868 MHz:   0% 3096 MHz: .02% 3300 MHz:   0% 3468 MHz:   0% 3624 MHz: .10% 3756 MHz:   0% 3828 MHz:   0% 3888 MHz:   0% 3948 MHz:   0% 3996 MHz:   0% 4044 MHz: .08% 4104 MHz:   0% 4416 MHz:   0% 4512 MHz: 1.5%)
CPU 4 idle residency:  49.10%
CPU 4 down residency:  49.25%
CPU 5 frequency: 4411 MHz
CPU 5 active residency:   8.60% (1260 MHz: .01% 1512 MHz:   0% 1800 MHz:   0% 2088 MHz:   0% 2352 MHz:   0% 2616 MHz:   0% 2868 MHz: .00% 3096 MHz: .00% 3300 MHz:   0% 3468 MHz:   0% 3624 MHz: .74% 3756 MHz:   0% 3828 MHz:   0% 3888 MHz:   0% 3948 MHz:   0% 3996 MHz:   0% 4044 MHz: .35% 4104 MHz:   0% 4416 MHz:   0% 4512 MHz: 7.5%)
CPU 5 idle residency:  42.23%
CPU 5 down residency:  49.17%
CPU 6 frequency: 4400 MHz
CPU 6 active residency:  11.29% (1260 MHz: .03% 1512 MHz:   0% 1800 MHz:   0% 2088 MHz:   0% 2352 MHz:   0% 2616 MHz:   0% 2868 MHz: .00% 3096 MHz: .03% 3300 MHz:   0% 3468 MHz:   0% 3624 MHz: .85% 3756 MHz:   0% 3828 MHz:   0% 3888 MHz:   0% 3948 MHz:   0% 3996 MHz:   0% 4044 MHz: .80% 4104 MHz:   0% 4416 MHz:   0% 4512 MHz: 9.6%)
CPU 6 idle residency:  39.89%
CPU 6 down residency:  48.82%
CPU 7 frequency: 4424 MHz
CPU 7 active residency:   0.53% (1260 MHz: .01% 1512 MHz:   0% 1800 MHz:   0% 2088 MHz:   0% 2352 MHz:   0% 2616 MHz:   0% 2868 MHz:   0% 3096 MHz:   0% 3300 MHz:   0% 3468 MHz:   0% 3624 MHz: .03% 3756 MHz:   0% 3828 MHz:   0% 3888 MHz:   0% 3948 MHz:   0% 3996 MHz:   0% 4044 MHz: .00% 4104 MHz:   0% 4416 MHz:   0% 4512 MHz: .50%)
CPU 7 idle residency:  49.11%
CPU 7 down residency:  50.36%
CPU 8 frequency: 4417 MHz
CPU 8 active residency:  14.22% (1260 MHz: .02% 1512 MHz:   0% 1800 MHz:   0% 2088 MHz:   0% 2352 MHz:   0% 2616 MHz:   0% 2868 MHz: .01% 3096 MHz: .01% 3300 MHz:   0% 3468 MHz:   0% 3624 MHz: 1.1% 3756 MHz:   0% 3828 MHz:   0% 3888 MHz:   0% 3948 MHz:   0% 3996 MHz:   0% 4044 MHz: .62% 4104 MHz:   0% 4416 MHz:   0% 4512 MHz:  12%)
CPU 8 idle residency:  34.38%
CPU 8 down residency:  51.40%
CPU 9 frequency: 4405 MHz
CPU 9 active residency:  14.56% (1260 MHz: .03% 1512 MHz:   0% 1800 MHz:   0% 2088 MHz:   0% 2352 MHz:   0% 2616 MHz:   0% 2868 MHz: .01% 3096 MHz: .02% 3300 MHz:   0% 3468 MHz:   0% 3624 MHz: 1.2% 3756 MHz:   0% 3828 MHz:   0% 3888 MHz:   0% 3948 MHz:   0% 3996 MHz:   0% 4044 MHz: .74% 4104 MHz:   0% 4416 MHz:   0% 4512 MHz:  13%)
CPU 9 idle residency:  34.20%
CPU 9 down residency:  51.25%

P1-Cluster HW active frequency: 3887 MHz
P1-Cluster HW active residency:  66.06% (1260 MHz: 1.0% 1512 MHz:   0% 1800 MHz: .53% 2088 MHz: 1.4% 2352 MHz: .49% 2616 MHz: 1.2% 2868 MHz: .78% 3096 MHz: .78% 3300 MHz: .39% 3468 MHz: .39% 3624 MHz: .39% 3756 MHz:   0% 3828 MHz: .73% 3888 MHz: 8.7% 3948 MHz:  23% 3996 MHz: 7.7% 4044 MHz: 6.5% 4104 MHz:   0% 4416 MHz: 2.9% 4512 MHz: 9.3%)
P1-Cluster idle residency:   4.91%
P1-Cluster down residency:  29.03%
CPU 10 frequency: 4195 MHz
CPU 10 active residency:  22.31% (1260 MHz: .32% 1512 MHz:   0% 1800 MHz: .18% 2088 MHz: .25% 2352 MHz: .37% 2616 MHz: .66% 2868 MHz: .38% 3096 MHz: .42% 3300 MHz: .39% 3468 MHz: .32% 3624 MHz: .37% 3756 MHz:   0% 3828 MHz: .62% 3888 MHz:   0% 3948 MHz: .20% 3996 MHz:   0% 4044 MHz:   0% 4104 MHz:   0% 4416 MHz:   0% 4512 MHz:  18%)
CPU 10 idle residency:  48.72%
CPU 10 down residency:  28.97%
CPU 11 frequency: 4282 MHz
CPU 11 active residency:  33.17% (1260 MHz: .37% 1512 MHz:   0% 1800 MHz: .11% 2088 MHz: .95% 2352 MHz: .06% 2616 MHz: .48% 2868 MHz: .26% 3096 MHz: .47% 3300 MHz: .38% 3468 MHz: .31% 3624 MHz: .36% 3756 MHz:   0% 3828 MHz: .65% 3888 MHz:   0% 3948 MHz: .21% 3996 MHz:   0% 4044 MHz:   0% 4104 MHz:   0% 4416 MHz:   0% 4512 MHz:  29%)
CPU 11 idle residency:  37.86%
CPU 11 down residency:  28.97%
CPU 12 frequency: 4167 MHz
CPU 12 active residency:  38.81% (1260 MHz: .45% 1512 MHz:   0% 1800 MHz: .46% 2088 MHz: 1.4% 2352 MHz: .49% 2616 MHz: 1.2% 2868 MHz: .78% 3096 MHz: .78% 3300 MHz: .30% 3468 MHz: .31% 3624 MHz: .39% 3756 MHz:   0% 3828 MHz: .65% 3888 MHz:   0% 3948 MHz: .20% 3996 MHz:   0% 4044 MHz:   0% 4104 MHz:   0% 4416 MHz:   0% 4512 MHz:  31%)
CPU 12 idle residency:  32.23%
CPU 12 down residency:  28.97%
CPU 13 frequency: 4261 MHz
CPU 13 active residency:  34.26% (1260 MHz: .36% 1512 MHz:   0% 1800 MHz: .37% 2088 MHz: .78% 2352 MHz: .34% 2616 MHz: .46% 2868 MHz: .27% 3096 MHz: .52% 3300 MHz: .36% 3468 MHz: .39% 3624 MHz: .39% 3756 MHz:   0% 3828 MHz: .70% 3888 MHz:   0% 3948 MHz: .20% 3996 MHz:   0% 4044 MHz:   0% 4104 MHz:   0% 4416 MHz:   0% 4512 MHz:  29%)
CPU 13 idle residency:  36.77%
CPU 13 down residency:  28.97%
CPU 14 frequency: 4199 MHz
CPU 14 active residency:  28.53% (1260 MHz: .32% 1512 MHz:   0% 1800 MHz: .25% 2088 MHz: .80% 2352 MHz: .22% 2616 MHz: .74% 2868 MHz: .45% 3096 MHz: .67% 3300 MHz: .37% 3468 MHz: .37% 3624 MHz: .37% 3756 MHz:   0% 3828 MHz: .62% 3888 MHz:   0% 3948 MHz: .21% 3996 MHz:   0% 4044 MHz:   0% 4104 MHz:   0% 4416 MHz:   0% 4512 MHz:  23%)
CPU 14 idle residency:  42.50%
CPU 14 down residency:  28.97%
CPU 15 frequency: 4302 MHz
CPU 15 active residency:  29.97% (1260 MHz: .35% 1512 MHz:   0% 1800 MHz: .02% 2088 MHz: .41% 2352 MHz: .33% 2616 MHz: .72% 2868 MHz: .12% 3096 MHz: .18% 3300 MHz: .33% 3468 MHz: .39% 3624 MHz: .32% 3756 MHz:   0% 3828 MHz: .62% 3888 MHz:   0% 3948 MHz: .18% 3996 MHz:   0% 4044 MHz:   0% 4104 MHz:   0% 4416 MHz:   0% 4512 MHz:  26%)
CPU 15 idle residency:  41.07%
CPU 15 down residency:  28.97%

CPU Power: 5191 mW
GPU Power: 24930 mW
ANE Power: 0 mW
Combined Power (CPU + GPU + ANE): 30121 mW

**** GPU usage ****

GPU HW active frequency: 1578 MHz
GPU HW active residency: 100.00% (338 MHz:   0% 618 MHz:   0% 796 MHz:   0% 924 MHz:   0% 952 MHz:   0% 1056 MHz:   0% 1062 MHz:   0% 1182 MHz:   0% 1182 MHz:   0% 1312 MHz:   0% 1242 MHz:   0% 1380 MHz:   0% 1326 MHz:   0% 1470 MHz:   0% 1578 MHz: 100%)
GPU SW requested state: (P1 :   0% P2 :   0% P3 :   0% P4 :   0% P5 :   0% P6 :   0% P7 :   0% P8 :   0% P9 :   0% P10 : 100% P11 :   0% P12 :   0% P13 :   0% P14 :   0% P15 :   0%)
GPU SW state: (SW_P1 :   0% SW_P2 :   0% SW_P3 :   0% SW_P4 :   0% SW_P5 :   0% SW_P6 :   0% SW_P7 :   0% SW_P8 :   0% SW_P9 :   0% SW_P10 : 100% SW_P11 :   0% SW_P12 :   0% SW_P13 :   0% SW_P14 :   0% SW_P15 :   0%)
GPU idle residency:   0.00%
GPU Power: 24929 mW



*** Sampled system activity (Tue Jan 20 15:04:15 2026 +0100) (1021.04ms elapsed) ***


**** Processor usage ****

E-Cluster Online: 100%
E-Cluster HW active frequency: 2199 MHz
E-Cluster HW active residency:  51.60% (1020 MHz:  13% 1404 MHz: .32% 1788 MHz: .14% 2112 MHz:   0% 2352 MHz:   0% 2532 MHz: .00% 2592 MHz:  39%)
E-Cluster idle residency:  48.40%
E-Cluster down residency:   0.00%
CPU 0 frequency: 2203 MHz
CPU 0 active residency:  25.44% (1020 MHz: 6.1% 1404 MHz: .11% 1788 MHz: .19% 2112 MHz:   0% 2352 MHz: .02% 2532 MHz:   0% 2592 MHz:  19%)
CPU 0 idle residency:  74.56%
CPU 0 down residency:   0.00%
CPU 1 frequency: 2203 MHz
CPU 1 active residency:  13.97% (1020 MHz: 3.4% 1404 MHz: .08% 1788 MHz: .02% 2112 MHz:   0% 2352 MHz: .01% 2532 MHz:   0% 2592 MHz:  10%)
CPU 1 idle residency:  86.03%
CPU 1 down residency:   0.00%
CPU 2 frequency: 2311 MHz
CPU 2 active residency:  10.42% (1020 MHz: 1.8% 1404 MHz: .06% 1788 MHz: .00% 2112 MHz:   0% 2352 MHz: .00% 2532 MHz:   0% 2592 MHz: 8.5%)
CPU 2 idle residency:  89.58%
CPU 2 down residency:   0.00%
CPU 3 frequency: 2266 MHz
CPU 3 active residency:   5.50% (1020 MHz: 1.1% 1404 MHz: .01% 1788 MHz:   0% 2112 MHz:   0% 2352 MHz:   0% 2532 MHz:   0% 2592 MHz: 4.4%)
CPU 3 idle residency:  94.50%
CPU 3 down residency:   0.00%

P0-Cluster Online: 8%
P0-Cluster HW active frequency: 1664 MHz
P0-Cluster HW active residency:   1.86% (1260 MHz: 1.5% 1512 MHz:   0% 1800 MHz: .17% 2088 MHz:   0% 2352 MHz:   0% 2616 MHz:   0% 2868 MHz:   0% 3096 MHz:   0% 3300 MHz:   0% 3468 MHz:   0% 3624 MHz:   0% 3756 MHz:   0% 3828 MHz:   0% 3888 MHz: .01% 3948 MHz: .02% 3996 MHz:   0% 4044 MHz:   0% 4104 MHz:   0% 4416 MHz: .03% 4512 MHz: .15%)
P0-Cluster idle residency:   4.53%
P0-Cluster down residency:  93.61%
CPU 4 frequency: 2501 MHz
CPU 4 active residency:   4.61% (1260 MHz: .33% 1512 MHz:   0% 1800 MHz: .87% 2088 MHz: .16% 2352 MHz: .70% 2616 MHz: 1.3% 2868 MHz: .75% 3096 MHz: .09% 3300 MHz:   0% 3468 MHz:   0% 3624 MHz:   0% 3756 MHz:   0% 3828 MHz:   0% 3888 MHz:   0% 3948 MHz:   0% 3996 MHz:   0% 4044 MHz:   0% 4104 MHz:   0% 4416 MHz:   0% 4512 MHz: .36%)
CPU 4 idle residency:   5.79%
CPU 4 down residency:  89.60%
CPU 5 frequency: 2522 MHz
CPU 5 active residency:   4.48% (1260 MHz: .34% 1512 MHz:   0% 1800 MHz: .34% 2088 MHz: .03% 2352 MHz: .92% 2616 MHz: 1.7% 2868 MHz: .73% 3096 MHz: .31% 3300 MHz:   0% 3468 MHz:   0% 3624 MHz: .00% 3756 MHz:   0% 3828 MHz:   0% 3888 MHz:   0% 3948 MHz:   0% 3996 MHz:   0% 4044 MHz:   0% 4104 MHz:   0% 4416 MHz:   0% 4512 MHz: .13%)
CPU 5 idle residency:   5.81%
CPU 5 down residency:  89.72%
CPU 6 frequency: 2512 MHz
CPU 6 active residency:   3.84% (1260 MHz: .34% 1512 MHz:   0% 1800 MHz: .44% 2088 MHz:   0% 2352 MHz: .57% 2616 MHz: 1.2% 2868 MHz: .40% 3096 MHz: .80% 3300 MHz:   0% 3468 MHz:   0% 3624 MHz:   0% 3756 MHz:   0% 3828 MHz:   0% 3888 MHz:   0% 3948 MHz:   0% 3996 MHz:   0% 4044 MHz:   0% 4104 MHz:   0% 4416 MHz:   0% 4512 MHz: .05%)
CPU 6 idle residency:   5.86%
CPU 6 down residency:  90.30%
CPU 7 frequency: 2860 MHz
CPU 7 active residency:   6.53% (1260 MHz: .36% 1512 MHz:   0% 1800 MHz: .92% 2088 MHz: .53% 2352 MHz: 1.1% 2616 MHz: 1.1% 2868 MHz: .62% 3096 MHz: .05% 3300 MHz: .00% 3468 MHz:   0% 3624 MHz: .00% 3756 MHz:   0% 3828 MHz:   0% 3888 MHz:   0% 3948 MHz: .21% 3996 MHz:   0% 4044 MHz:   0% 4104 MHz: .36% 4416 MHz:   0% 4512 MHz: 1.3%)
CPU 7 idle residency:   5.65%
CPU 7 down residency:  87.82%
CPU 8 frequency: 2931 MHz
CPU 8 active residency:   8.14% (1260 MHz: .35% 1512 MHz:   0% 1800 MHz: .65% 2088 MHz: .37% 2352 MHz: 1.3% 2616 MHz: 2.0% 2868 MHz: .63% 3096 MHz: .77% 3300 MHz: .06% 3468 MHz:   0% 3624 MHz: .00% 3756 MHz:   0% 3828 MHz:   0% 3888 MHz:   0% 3948 MHz: .21% 3996 MHz:   0% 4044 MHz:   0% 4104 MHz: .36% 4416 MHz:   0% 4512 MHz: 1.4%)
CPU 8 idle residency:   5.55%
CPU 8 down residency:  86.31%
CPU 9 frequency: 2902 MHz
CPU 9 active residency:   7.96% (1260 MHz: .34% 1512 MHz:   0% 1800 MHz: .78% 2088 MHz: .31% 2352 MHz: 1.2% 2616 MHz: 2.0% 2868 MHz: .78% 3096 MHz: .69% 3300 MHz: .03% 3468 MHz:   0% 3624 MHz: .00% 3756 MHz:   0% 3828 MHz:   0% 3888 MHz:   0% 3948 MHz: .21% 3996 MHz:   0% 4044 MHz:   0% 4104 MHz: .24% 4416 MHz:   0% 4512 MHz: 1.4%)
CPU 9 idle residency:   5.52%
CPU 9 down residency:  86.53%

P1-Cluster HW active frequency: 3559 MHz
P1-Cluster HW active residency:  96.00% (1260 MHz: .44% 1512 MHz:   0% 1800 MHz: 3.6% 2088 MHz: 4.7% 2352 MHz: 9.5% 2616 MHz: 6.8% 2868 MHz: .07% 3096 MHz: 1.4% 3300 MHz:   0% 3468 MHz:   0% 3624 MHz: 1.4% 3756 MHz:   0% 3828 MHz:   0% 3888 MHz: 9.9% 3948 MHz:  29% 3996 MHz: 9.6% 4044 MHz: 9.9% 4104 MHz:   0% 4416 MHz: 2.9% 4512 MHz: 7.2%)
P1-Cluster idle residency:   4.00%
P1-Cluster down residency:   0.00%
CPU 10 frequency: 3717 MHz
CPU 10 active residency:  39.32% (1260 MHz: .03% 1512 MHz:   0% 1800 MHz: 2.3% 2088 MHz: 1.8% 2352 MHz: 4.7% 2616 MHz: 4.2% 2868 MHz:   0% 3096 MHz: .91% 3300 MHz:   0% 3468 MHz:   0% 3624 MHz: .95% 3756 MHz:   0% 3828 MHz:   0% 3888 MHz:   0% 3948 MHz:   0% 3996 MHz:   0% 4044 MHz: .60% 4104 MHz:   0% 4416 MHz:   0% 4512 MHz:  24%)
CPU 10 idle residency:  60.68%
CPU 10 down residency:   0.00%
CPU 11 frequency: 4121 MHz
CPU 11 active residency:  49.13% (1260 MHz: .04% 1512 MHz:   0% 1800 MHz: 1.4% 2088 MHz: .87% 2352 MHz: 4.1% 2616 MHz: 2.0% 2868 MHz: .05% 3096 MHz: .23% 3300 MHz:   0% 3468 MHz:   0% 3624 MHz: .15% 3756 MHz:   0% 3828 MHz:   0% 3888 MHz:   0% 3948 MHz:   0% 3996 MHz:   0% 4044 MHz: .41% 4104 MHz:   0% 4416 MHz:   0% 4512 MHz:  40%)
CPU 11 idle residency:  50.87%
CPU 11 down residency:   0.00%
CPU 12 frequency: 3812 MHz
CPU 12 active residency:  57.73% (1260 MHz: .07% 1512 MHz:   0% 1800 MHz: 2.8% 2088 MHz: 3.3% 2352 MHz: 6.6% 2616 MHz: 4.3% 2868 MHz: .02% 3096 MHz: .90% 3300 MHz:   0% 3468 MHz:   0% 3624 MHz: .85% 3756 MHz:   0% 3828 MHz:   0% 3888 MHz:   0% 3948 MHz:   0% 3996 MHz:   0% 4044 MHz: .39% 4104 MHz:   0% 4416 MHz:   0% 4512 MHz:  39%)
CPU 12 idle residency:  42.27%
CPU 12 down residency:   0.00%
CPU 13 frequency: 4252 MHz
CPU 13 active residency:  44.64% (1260 MHz: .04% 1512 MHz:   0% 1800 MHz: .18% 2088 MHz: 2.3% 2352 MHz: 1.4% 2616 MHz: 1.1% 2868 MHz: .00% 3096 MHz: .04% 3300 MHz:   0% 3468 MHz:   0% 3624 MHz: .02% 3756 MHz:   0% 3828 MHz:   0% 3888 MHz:   0% 3948 MHz:   0% 3996 MHz:   0% 4044 MHz: .06% 4104 MHz:   0% 4416 MHz:   0% 4512 MHz:  39%)
CPU 13 idle residency:  55.36%
CPU 13 down residency:   0.00%
CPU 14 frequency: 3171 MHz
CPU 14 active residency:  28.21% (1260 MHz: .02% 1512 MHz:   0% 1800 MHz: 2.8% 2088 MHz: 2.7% 2352 MHz: 6.2% 2616 MHz: 4.1% 2868 MHz:   0% 3096 MHz: .95% 3300 MHz:   0% 3468 MHz:   0% 3624 MHz: .97% 3756 MHz:   0% 3828 MHz:   0% 3888 MHz:   0% 3948 MHz:   0% 3996 MHz:   0% 4044 MHz: .54% 4104 MHz:   0% 4416 MHz:   0% 4512 MHz: 9.9%)
CPU 14 idle residency:  71.79%
CPU 14 down residency:   0.00%
CPU 15 frequency: 4425 MHz
CPU 15 active residency:  39.40% (1260 MHz: .04% 1512 MHz:   0% 1800 MHz: .31% 2088 MHz: .06% 2352 MHz: .35% 2616 MHz: .38% 2868 MHz: .00% 3096 MHz: .18% 3300 MHz:   0% 3468 MHz:   0% 3624 MHz: .32% 3756 MHz:   0% 3828 MHz:   0% 3888 MHz:   0% 3948 MHz:   0% 3996 MHz:   0% 4044 MHz: .71% 4104 MHz:   0% 4416 MHz:   0% 4512 MHz:  37%)
CPU 15 idle residency:  60.60%
CPU 15 down residency:   0.00%

CPU Power: 4432 mW
GPU Power: 24311 mW
ANE Power: 0 mW
Combined Power (CPU + GPU + ANE): 28742 mW

**** GPU usage ****

GPU HW active frequency: 1578 MHz
GPU HW active residency: 100.00% (338 MHz:   0% 618 MHz:   0% 796 MHz:   0% 924 MHz:   0% 952 MHz:   0% 1056 MHz:   0% 1062 MHz:   0% 1182 MHz:   0% 1182 MHz:   0% 1312 MHz:   0% 1242 MHz:   0% 1380 MHz:   0% 1326 MHz:   0% 1470 MHz:   0% 1578 MHz: 100%)
GPU SW requested state: (P1 :   0% P2 :   0% P3 :   0% P4 :   0% P5 :   0% P6 :   0% P7 :   0% P8 :   0% P9 :   0% P10 : 100% P11 :   0% P12 :   0% P13 :   0% P14 :   0% P15 :   0%)
GPU SW state: (SW_P1 :   0% SW_P2 :   0% SW_P3 :   0% SW_P4 :   0% SW_P5 :   0% SW_P6 :   0% SW_P7 :   0% SW_P8 :   0% SW_P9 :   0% SW_P10 : 100% SW_P11 :   0% SW_P12 :   0% SW_P13 :   0% SW_P14 :   0% SW_P15 :   0%)
GPU idle residency:   0.00%
GPU Power: 24111 mW



*** Sampled system activity (Tue Jan 20 15:04:16 2026 +0100) (1021.99ms elapsed) ***


**** Processor usage ****

E-Cluster Online: 100%
E-Cluster HW active frequency: 1977 MHz
E-Cluster HW active residency:  57.67% (1020 MHz:  17% 1404 MHz: 5.1% 1788 MHz: 3.2% 2112 MHz: 1.1% 2352 MHz: .84% 2532 MHz: 2.0% 2592 MHz:  29%)
E-Cluster idle residency:  42.33%
E-Cluster down residency:   0.00%
CPU 0 frequency: 1857 MHz
CPU 0 active residency:  27.96% (1020 MHz: 9.3% 1404 MHz: 3.3% 1788 MHz: 1.7% 2112 MHz: .83% 2352 MHz: .49% 2532 MHz: .96% 2592 MHz:  11%)
CPU 0 idle residency:  72.04%
CPU 0 down residency:   0.00%
CPU 1 frequency: 1902 MHz
CPU 1 active residency:  19.22% (1020 MHz: 6.3% 1404 MHz: 1.6% 1788 MHz: 1.6% 2112 MHz: .32% 2352 MHz: .08% 2532 MHz: .91% 2592 MHz: 8.5%)
CPU 1 idle residency:  80.78%
CPU 1 down residency:   0.00%
CPU 2 frequency: 1948 MHz
CPU 2 active residency:  10.38% (1020 MHz: 3.1% 1404 MHz: .86% 1788 MHz: .79% 2112 MHz: .16% 2352 MHz: .23% 2532 MHz: .43% 2592 MHz: 4.8%)
CPU 2 idle residency:  89.62%
CPU 2 down residency:   0.00%
CPU 3 frequency: 1846 MHz
CPU 3 active residency:   4.78% (1020 MHz: 1.7% 1404 MHz: .30% 1788 MHz: .58% 2112 MHz: .09% 2352 MHz: .01% 2532 MHz: .11% 2592 MHz: 2.0%)
CPU 3 idle residency:  95.22%
CPU 3 down residency:   0.00%

P0-Cluster Online: 8%
P0-Cluster HW active frequency: 1604 MHz
P0-Cluster HW active residency:   2.23% (1260 MHz: 1.9% 1512 MHz:   0% 1800 MHz:   0% 2088 MHz:   0% 2352 MHz: .16% 2616 MHz:   0% 2868 MHz:   0% 3096 MHz:   0% 3300 MHz:   0% 3468 MHz:   0% 3624 MHz:   0% 3756 MHz:   0% 3828 MHz:   0% 3888 MHz:   0% 3948 MHz: .00% 3996 MHz: .01% 4044 MHz:   0% 4104 MHz:   0% 4416 MHz: .03% 4512 MHz: .14%)
P0-Cluster idle residency:   4.42%
P0-Cluster down residency:  93.34%
CPU 4 frequency: 1260 MHz
CPU 4 active residency:   0.24% (1260 MHz: .24% 1512 MHz:   0% 1800 MHz:   0% 2088 MHz:   0% 2352 MHz:   0% 2616 MHz:   0% 2868 MHz:   0% 3096 MHz:   0% 3300 MHz:   0% 3468 MHz:   0% 3624 MHz:   0% 3756 MHz:   0% 3828 MHz:   0% 3888 MHz:   0% 3948 MHz:   0% 3996 MHz:   0% 4044 MHz:   0% 4104 MHz:   0% 4416 MHz:   0% 4512 MHz:   0%)
CPU 4 idle residency:   6.36%
CPU 4 down residency:  93.40%
CPU 5 frequency: 1260 MHz
CPU 5 active residency:   0.24% (1260 MHz: .24% 1512 MHz:   0% 1800 MHz:   0% 2088 MHz:   0% 2352 MHz:   0% 2616 MHz:   0% 2868 MHz:   0% 3096 MHz:   0% 3300 MHz:   0% 3468 MHz:   0% 3624 MHz:   0% 3756 MHz:   0% 3828 MHz:   0% 3888 MHz:   0% 3948 MHz:   0% 3996 MHz:   0% 4044 MHz:   0% 4104 MHz:   0% 4416 MHz:   0% 4512 MHz:   0%)
CPU 5 idle residency:   6.37%
CPU 5 down residency:  93.39%
CPU 6 frequency: 1514 MHz
CPU 6 active residency:   0.26% (1260 MHz: .24% 1512 MHz:   0% 1800 MHz:   0% 2088 MHz:   0% 2352 MHz:   0% 2616 MHz:   0% 2868 MHz:   0% 3096 MHz:   0% 3300 MHz:   0% 3468 MHz:   0% 3624 MHz:   0% 3756 MHz:   0% 3828 MHz:   0% 3888 MHz:   0% 3948 MHz:   0% 3996 MHz:   0% 4044 MHz:   0% 4104 MHz:   0% 4416 MHz:   0% 4512 MHz: .02%)
CPU 6 idle residency:   6.35%
CPU 6 down residency:  93.39%
CPU 7 frequency: 1860 MHz
CPU 7 active residency:   0.30% (1260 MHz: .24% 1512 MHz:   0% 1800 MHz:   0% 2088 MHz:   0% 2352 MHz: .00% 2616 MHz:   0% 2868 MHz:   0% 3096 MHz:   0% 3300 MHz:   0% 3468 MHz:   0% 3624 MHz:   0% 3756 MHz:   0% 3828 MHz:   0% 3888 MHz:   0% 3948 MHz:   0% 3996 MHz:   0% 4044 MHz:   0% 4104 MHz:   0% 4416 MHz:   0% 4512 MHz: .05%)
CPU 7 idle residency:   6.30%
CPU 7 down residency:  93.40%
CPU 8 frequency: 1838 MHz
CPU 8 active residency:   0.31% (1260 MHz: .26% 1512 MHz:   0% 1800 MHz:   0% 2088 MHz:   0% 2352 MHz: .00% 2616 MHz:   0% 2868 MHz:   0% 3096 MHz:   0% 3300 MHz:   0% 3468 MHz:   0% 3624 MHz:   0% 3756 MHz:   0% 3828 MHz:   0% 3888 MHz:   0% 3948 MHz:   0% 3996 MHz:   0% 4044 MHz:   0% 4104 MHz:   0% 4416 MHz:   0% 4512 MHz: .06%)
CPU 8 idle residency:   6.30%
CPU 8 down residency:  93.39%
CPU 9 frequency: 1392 MHz
CPU 9 active residency:   0.28% (1260 MHz: .25% 1512 MHz:   0% 1800 MHz:   0% 2088 MHz:   0% 2352 MHz: .03% 2616 MHz:   0% 2868 MHz:   0% 3096 MHz:   0% 3300 MHz:   0% 3468 MHz:   0% 3624 MHz:   0% 3756 MHz:   0% 3828 MHz:   0% 3888 MHz:   0% 3948 MHz:   0% 3996 MHz:   0% 4044 MHz:   0% 4104 MHz:   0% 4416 MHz:   0% 4512 MHz: .00%)
CPU 9 idle residency:   6.33%
CPU 9 down residency:  93.39%

P1-Cluster HW active frequency: 3554 MHz
P1-Cluster HW active residency:  95.26% (1260 MHz: .65% 1512 MHz: .01% 1800 MHz: .02% 2088 MHz:   0% 2352 MHz: 9.1% 2616 MHz:  20% 2868 MHz: .77% 3096 MHz: .58% 3300 MHz: .39% 3468 MHz: .38% 3624 MHz: .39% 3756 MHz:   0% 3828 MHz: .39% 3888 MHz: 8.7% 3948 MHz:  25% 3996 MHz: 8.2% 4044 MHz: 8.1% 4104 MHz:   0% 4416 MHz: 2.7% 4512 MHz: 9.8%)
P1-Cluster idle residency:   4.74%
P1-Cluster down residency:   0.00%
CPU 10 frequency: 3585 MHz
CPU 10 active residency:  44.99% (1260 MHz: .03% 1512 MHz: .01% 1800 MHz: .02% 2088 MHz:   0% 2352 MHz: 5.3% 2616 MHz:  14% 2868 MHz: .77% 3096 MHz: .55% 3300 MHz: .39% 3468 MHz: .38% 3624 MHz: .39% 3756 MHz:   0% 3828 MHz: .39% 3888 MHz:   0% 3948 MHz: .39% 3996 MHz:   0% 4044 MHz:   0% 4104 MHz: .39% 4416 MHz: .39% 4512 MHz:  22%)
CPU 10 idle residency:  55.01%
CPU 10 down residency:   0.00%
CPU 11 frequency: 3992 MHz
CPU 11 active residency:  47.54% (1260 MHz: .14% 1512 MHz:   0% 1800 MHz: .00% 2088 MHz:   0% 2352 MHz: 4.0% 2616 MHz: 7.1% 2868 MHz: .42% 3096 MHz: .28% 3300 MHz: .26% 3468 MHz: .31% 3624 MHz: .24% 3756 MHz:   0% 3828 MHz: .09% 3888 MHz:   0% 3948 MHz: .14% 3996 MHz:   0% 4044 MHz:   0% 4104 MHz: .12% 4416 MHz: .07% 4512 MHz:  34%)
CPU 11 idle residency:  52.46%
CPU 11 down residency:   0.00%
CPU 12 frequency: 3614 MHz
CPU 12 active residency:  43.39% (1260 MHz: .03% 1512 MHz: .01% 1800 MHz:   0% 2088 MHz:   0% 2352 MHz: 6.4% 2616 MHz:  12% 2868 MHz: .49% 3096 MHz: .39% 3300 MHz: .18% 3468 MHz: .23% 3624 MHz: .20% 3756 MHz:   0% 3828 MHz: .24% 3888 MHz:   0% 3948 MHz: .25% 3996 MHz:   0% 4044 MHz:   0% 4104 MHz: .15% 4416 MHz: .13% 4512 MHz:  23%)
CPU 12 idle residency:  56.61%
CPU 12 down residency:   0.00%
CPU 13 frequency: 3976 MHz
CPU 13 active residency:  23.65% (1260 MHz: .01% 1512 MHz: .00% 1800 MHz:   0% 2088 MHz:   0% 2352 MHz: 1.4% 2616 MHz: 4.1% 2868 MHz: .35% 3096 MHz: .32% 3300 MHz: .16% 3468 MHz: .25% 3624 MHz: .08% 3756 MHz:   0% 3828 MHz: .24% 3888 MHz:   0% 3948 MHz: .17% 3996 MHz:   0% 4044 MHz:   0% 4104 MHz: .24% 4416 MHz: .08% 4512 MHz:  16%)
CPU 13 idle residency:  76.35%
CPU 13 down residency:   0.00%
CPU 14 frequency: 3799 MHz
CPU 14 active residency:  56.17% (1260 MHz: .19% 1512 MHz: .01% 1800 MHz:   0% 2088 MHz:   0% 2352 MHz: 5.1% 2616 MHz:  13% 2868 MHz: .77% 3096 MHz: .57% 3300 MHz: .39% 3468 MHz: .38% 3624 MHz: .28% 3756 MHz:   0% 3828 MHz: .21% 3888 MHz:   0% 3948 MHz: .14% 3996 MHz:   0% 4044 MHz:   0% 4104 MHz: .06% 4416 MHz: .16% 4512 MHz:  35%)
CPU 14 idle residency:  43.83%
CPU 14 down residency:   0.00%
CPU 15 frequency: 4360 MHz
CPU 15 active residency:  36.43% (1260 MHz: .12% 1512 MHz:   0% 1800 MHz:   0% 2088 MHz:   0% 2352 MHz: .27% 2616 MHz: 1.7% 2868 MHz: .52% 3096 MHz: .14% 3300 MHz: .06% 3468 MHz: .08% 3624 MHz: .05% 3756 MHz:   0% 3828 MHz: .02% 3888 MHz:   0% 3948 MHz: .07% 3996 MHz:   0% 4044 MHz:   0% 4104 MHz: .18% 4416 MHz: .22% 4512 MHz:  33%)
CPU 15 idle residency:  63.57%
CPU 15 down residency:   0.00%

CPU Power: 4327 mW
GPU Power: 24223 mW
ANE Power: 0 mW
Combined Power (CPU + GPU + ANE): 28550 mW

**** GPU usage ****

GPU HW active frequency: 1578 MHz
GPU HW active residency: 100.00% (338 MHz:   0% 618 MHz:   0% 796 MHz:   0% 924 MHz:   0% 952 MHz:   0% 1056 MHz:   0% 1062 MHz:   0% 1182 MHz:   0% 1182 MHz:   0% 1312 MHz:   0% 1242 MHz:   0% 1380 MHz:   0% 1326 MHz:   0% 1470 MHz:   0% 1578 MHz: 100%)
GPU SW requested state: (P1 :   0% P2 :   0% P3 :   0% P4 :   0% P5 :   0% P6 :   0% P7 :   0% P8 :   0% P9 :   0% P10 : 100% P11 :   0% P12 :   0% P13 :   0% P14 :   0% P15 :   0%)
GPU SW state: (SW_P1 :   0% SW_P2 :   0% SW_P3 :   0% SW_P4 :   0% SW_P5 :   0% SW_P6 :   0% SW_P7 :   0% SW_P8 :   0% SW_P9 :   0% SW_P10 : 100% SW_P11 :   0% SW_P12 :   0% SW_P13 :   0% SW_P14 :   0% SW_P15 :   0%)
GPU idle residency:   0.00%
GPU Power: 24423 mW



*** Sampled system activity (Tue Jan 20 15:04:18 2026 +0100) (1019.91ms elapsed) ***


**** Processor usage ****

E-Cluster Online: 100%
E-Cluster HW active frequency: 2358 MHz
E-Cluster HW active residency:  49.60% (1020 MHz: 5.2% 1404 MHz: .71% 1788 MHz: 2.2% 2112 MHz: 1.0% 2352 MHz: 1.1% 2532 MHz: .69% 2592 MHz:  39%)
E-Cluster idle residency:  50.40%
E-Cluster down residency:   0.00%
CPU 0 frequency: 2350 MHz
CPU 0 active residency:  24.38% (1020 MHz: 2.5% 1404 MHz: .23% 1788 MHz: 1.6% 2112 MHz: .45% 2352 MHz: .73% 2532 MHz: .23% 2592 MHz:  19%)
CPU 0 idle residency:  75.62%
CPU 0 down residency:   0.00%
CPU 1 frequency: 2389 MHz
CPU 1 active residency:  12.50% (1020 MHz: 1.2% 1404 MHz: .10% 1788 MHz: .29% 2112 MHz: .44% 2352 MHz: .37% 2532 MHz: .08% 2592 MHz:  10%)
CPU 1 idle residency:  87.50%
CPU 1 down residency:   0.00%
CPU 2 frequency: 2336 MHz
CPU 2 active residency:   7.79% (1020 MHz: 1.0% 1404 MHz: .07% 1788 MHz: .19% 2112 MHz: .10% 2352 MHz: .42% 2532 MHz: .52% 2592 MHz: 5.5%)
CPU 2 idle residency:  92.21%
CPU 2 down residency:   0.00%
CPU 3 frequency: 2392 MHz
CPU 3 active residency:   5.41% (1020 MHz: .51% 1404 MHz: .03% 1788 MHz: .09% 2112 MHz: .24% 2352 MHz: .28% 2532 MHz: .02% 2592 MHz: 4.3%)
CPU 3 idle residency:  94.59%
CPU 3 down residency:   0.00%

P0-Cluster Online: 7%
P0-Cluster HW active frequency: 1670 MHz
P0-Cluster HW active residency:   2.02% (1260 MHz: 1.4% 1512 MHz:   0% 1800 MHz: .16% 2088 MHz:   0% 2352 MHz:   0% 2616 MHz: .05% 2868 MHz: .38% 3096 MHz:   0% 3300 MHz:   0% 3468 MHz: .02% 3624 MHz:   0% 3756 MHz:   0% 3828 MHz:   0% 3888 MHz:   0% 3948 MHz:   0% 3996 MHz:   0% 4044 MHz:   0% 4104 MHz:   0% 4416 MHz:   0% 4512 MHz:   0%)
P0-Cluster idle residency:   4.18%
P0-Cluster down residency:  93.79%
CPU 4 frequency: 0 MHz
CPU 4 active residency:   0.00% (1260 MHz:   0% 1512 MHz:   0% 1800 MHz:   0% 2088 MHz:   0% 2352 MHz:   0% 2616 MHz:   0% 2868 MHz:   0% 3096 MHz:   0% 3300 MHz:   0% 3468 MHz:   0% 3624 MHz:   0% 3756 MHz:   0% 3828 MHz:   0% 3888 MHz:   0% 3948 MHz:   0% 3996 MHz:   0% 4044 MHz:   0% 4104 MHz:   0% 4416 MHz:   0% 4512 MHz:   0%)
CPU 4 idle residency:   5.93%
CPU 4 down residency:  94.07%
CPU 5 frequency: 0 MHz
CPU 5 active residency:   0.00% (1260 MHz:   0% 1512 MHz:   0% 1800 MHz:   0% 2088 MHz:   0% 2352 MHz:   0% 2616 MHz:   0% 2868 MHz:   0% 3096 MHz:   0% 3300 MHz:   0% 3468 MHz:   0% 3624 MHz:   0% 3756 MHz:   0% 3828 MHz:   0% 3888 MHz:   0% 3948 MHz:   0% 3996 MHz:   0% 4044 MHz:   0% 4104 MHz:   0% 4416 MHz:   0% 4512 MHz:   0%)
CPU 5 idle residency:   5.93%
CPU 5 down residency:  94.07%
CPU 6 frequency: 0 MHz
CPU 6 active residency:   0.00% (1260 MHz:   0% 1512 MHz:   0% 1800 MHz:   0% 2088 MHz:   0% 2352 MHz:   0% 2616 MHz:   0% 2868 MHz:   0% 3096 MHz:   0% 3300 MHz:   0% 3468 MHz:   0% 3624 MHz:   0% 3756 MHz:   0% 3828 MHz:   0% 3888 MHz:   0% 3948 MHz:   0% 3996 MHz:   0% 4044 MHz:   0% 4104 MHz:   0% 4416 MHz:   0% 4512 MHz:   0%)
CPU 6 idle residency:   5.93%
CPU 6 down residency:  94.07%
CPU 7 frequency: 0 MHz
CPU 7 active residency:   0.00% (1260 MHz:   0% 1512 MHz:   0% 1800 MHz:   0% 2088 MHz:   0% 2352 MHz:   0% 2616 MHz:   0% 2868 MHz:   0% 3096 MHz:   0% 3300 MHz:   0% 3468 MHz:   0% 3624 MHz:   0% 3756 MHz:   0% 3828 MHz:   0% 3888 MHz:   0% 3948 MHz:   0% 3996 MHz:   0% 4044 MHz:   0% 4104 MHz:   0% 4416 MHz:   0% 4512 MHz:   0%)
CPU 7 idle residency:   5.77%
CPU 7 down residency:  94.23%
CPU 8 frequency: 0 MHz
CPU 8 active residency:   0.00% (1260 MHz:   0% 1512 MHz:   0% 1800 MHz:   0% 2088 MHz:   0% 2352 MHz:   0% 2616 MHz:   0% 2868 MHz:   0% 3096 MHz:   0% 3300 MHz:   0% 3468 MHz:   0% 3624 MHz:   0% 3756 MHz:   0% 3828 MHz:   0% 3888 MHz:   0% 3948 MHz:   0% 3996 MHz:   0% 4044 MHz:   0% 4104 MHz:   0% 4416 MHz:   0% 4512 MHz:   0%)
CPU 8 idle residency:   5.91%
CPU 8 down residency:  94.09%
CPU 9 frequency: 0 MHz
CPU 9 active residency:   0.00% (1260 MHz:   0% 1512 MHz:   0% 1800 MHz:   0% 2088 MHz:   0% 2352 MHz:   0% 2616 MHz:   0% 2868 MHz:   0% 3096 MHz:   0% 3300 MHz:   0% 3468 MHz:   0% 3624 MHz:   0% 3756 MHz:   0% 3828 MHz:   0% 3888 MHz:   0% 3948 MHz:   0% 3996 MHz:   0% 4044 MHz:   0% 4104 MHz:   0% 4416 MHz:   0% 4512 MHz:   0%)
CPU 9 idle residency:   5.75%
CPU 9 down residency:  94.25%

P1-Cluster HW active frequency: 3816 MHz
P1-Cluster HW active residency:  94.22% (1260 MHz: 1.1% 1512 MHz: .08% 1800 MHz: 3.1% 2088 MHz: 1.5% 2352 MHz: 2.0% 2616 MHz: 2.3% 2868 MHz: .77% 3096 MHz: 1.9% 3300 MHz: .38% 3468 MHz: .39% 3624 MHz: 1.8% 3756 MHz:   0% 3828 MHz: .38% 3888 MHz: 8.5% 3948 MHz:  35% 3996 MHz: 9.0% 4044 MHz: 9.4% 4104 MHz:   0% 4416 MHz: 6.4% 4512 MHz:  11%)
P1-Cluster idle residency:   5.78%
P1-Cluster down residency:   0.00%
CPU 10 frequency: 4061 MHz
CPU 10 active residency:  28.95% (1260 MHz: .01% 1512 MHz: .05% 1800 MHz: 1.2% 2088 MHz: .78% 2352 MHz: .74% 2616 MHz: 1.3% 2868 MHz: .47% 3096 MHz: .96% 3300 MHz: .18% 3468 MHz: .14% 3624 MHz: .54% 3756 MHz:   0% 3828 MHz: .21% 3888 MHz:   0% 3948 MHz: .21% 3996 MHz:   0% 4044 MHz: .78% 4104 MHz: .21% 4416 MHz: .29% 4512 MHz:  21%)
CPU 10 idle residency:  71.05%
CPU 10 down residency:   0.00%
CPU 11 frequency: 4087 MHz
CPU 11 active residency:  51.30% (1260 MHz: .19% 1512 MHz: .05% 1800 MHz: 1.9% 2088 MHz: 1.4% 2352 MHz: 1.7% 2616 MHz: 1.6% 2868 MHz: .77% 3096 MHz: 1.3% 3300 MHz: .38% 3468 MHz: .39% 3624 MHz: 1.0% 3756 MHz:   0% 3828 MHz: .38% 3888 MHz:   0% 3948 MHz: .39% 3996 MHz:   0% 4044 MHz: .47% 4104 MHz: .39% 4416 MHz: .38% 4512 MHz:  39%)
CPU 11 idle residency:  48.70%
CPU 11 down residency:   0.00%
CPU 12 frequency: 4096 MHz
CPU 12 active residency:  32.17% (1260 MHz: .00% 1512 MHz: .07% 1800 MHz: 2.2% 2088 MHz: .71% 2352 MHz: 1.3% 2616 MHz: .51% 2868 MHz: .24% 3096 MHz: .22% 3300 MHz: .02% 3468 MHz: .05% 3624 MHz: .49% 3756 MHz:   0% 3828 MHz: .05% 3888 MHz:   0% 3948 MHz: .13% 3996 MHz:   0% 4044 MHz: .35% 4104 MHz: .26% 4416 MHz: .19% 4512 MHz:  25%)
CPU 12 idle residency:  67.83%
CPU 12 down residency:   0.00%
CPU 13 frequency: 4366 MHz
CPU 13 active residency:  35.99% (1260 MHz: .16% 1512 MHz: .03% 1800 MHz: .23% 2088 MHz: .31% 2352 MHz: .32% 2616 MHz: .73% 2868 MHz: .04% 3096 MHz: .36% 3300 MHz:   0% 3468 MHz: .02% 3624 MHz: .19% 3756 MHz:   0% 3828 MHz: .04% 3888 MHz:   0% 3948 MHz: .05% 3996 MHz:   0% 4044 MHz: .80% 4104 MHz: .06% 4416 MHz: .07% 4512 MHz:  33%)
CPU 13 idle residency:  64.01%
CPU 13 down residency:   0.00%
CPU 14 frequency: 4226 MHz
CPU 14 active residency:  51.81% (1260 MHz: .30% 1512 MHz: .02% 1800 MHz: .96% 2088 MHz: .83% 2352 MHz: .99% 2616 MHz: 1.7% 2868 MHz: .32% 3096 MHz: 1.1% 3300 MHz: .14% 3468 MHz: .17% 3624 MHz: .98% 3756 MHz:   0% 3828 MHz: .25% 3888 MHz:   0% 3948 MHz: .24% 3996 MHz:   0% 4044 MHz: .46% 4104 MHz: .22% 4416 MHz: .20% 4512 MHz:  43%)
CPU 14 idle residency:  48.19%
CPU 14 down residency:   0.00%
CPU 15 frequency: 4121 MHz
CPU 15 active residency:  50.70% (1260 MHz: .24% 1512 MHz: .07% 1800 MHz: 1.9% 2088 MHz: 1.1% 2352 MHz: 1.3% 2616 MHz: 1.8% 2868 MHz: .59% 3096 MHz: 1.0% 3300 MHz: .24% 3468 MHz: .28% 3624 MHz: 1.2% 3756 MHz:   0% 3828 MHz: .31% 3888 MHz:   0% 3948 MHz: .29% 3996 MHz:   0% 4044 MHz: .60% 4104 MHz: .39% 4416 MHz: .38% 4512 MHz:  39%)
CPU 15 idle residency:  49.30%
CPU 15 down residency:   0.00%

CPU Power: 4444 mW
GPU Power: 24369 mW
ANE Power: 0 mW
Combined Power (CPU + GPU + ANE): 28812 mW

**** GPU usage ****

GPU HW active frequency: 1578 MHz
GPU HW active residency: 100.00% (338 MHz:   0% 618 MHz:   0% 796 MHz:   0% 924 MHz:   0% 952 MHz:   0% 1056 MHz:   0% 1062 MHz:   0% 1182 MHz:   0% 1182 MHz:   0% 1312 MHz:   0% 1242 MHz:   0% 1380 MHz:   0% 1326 MHz:   0% 1470 MHz:   0% 1578 MHz: 100%)
GPU SW requested state: (P1 :   0% P2 :   0% P3 :   0% P4 :   0% P5 :   0% P6 :   0% P7 :   0% P8 :   0% P9 :   0% P10 : 100% P11 :   0% P12 :   0% P13 :   0% P14 :   0% P15 :   0%)
GPU SW state: (SW_P1 :   0% SW_P2 :   0% SW_P3 :   0% SW_P4 :   0% SW_P5 :   0% SW_P6 :   0% SW_P7 :   0% SW_P8 :   0% SW_P9 :   0% SW_P10 : 100% SW_P11 :   0% SW_P12 :   0% SW_P13 :   0% SW_P14 :   0% SW_P15 :   0%)
GPU idle residency:   0.00%
GPU Power: 24370 mW



*** Sampled system activity (Tue Jan 20 15:04:19 2026 +0100) (1019.88ms elapsed) ***


**** Processor usage ****

E-Cluster Online: 100%
E-Cluster HW active frequency: 2143 MHz
E-Cluster HW active residency:  57.39% (1020 MHz:  15% 1404 MHz: .73% 1788 MHz: 1.1% 2112 MHz: .49% 2352 MHz: .26% 2532 MHz: .39% 2592 MHz:  39%)
E-Cluster idle residency:  42.61%
E-Cluster down residency:   0.00%
CPU 0 frequency: 2102 MHz
CPU 0 active residency:  26.09% (1020 MHz: 7.2% 1404 MHz: .62% 1788 MHz: .68% 2112 MHz: .13% 2352 MHz: .20% 2532 MHz: .05% 2592 MHz:  17%)
CPU 0 idle residency:  73.91%
CPU 0 down residency:   0.00%
CPU 1 frequency: 2140 MHz
CPU 1 active residency:  18.99% (1020 MHz: 4.8% 1404 MHz: .38% 1788 MHz: .62% 2112 MHz: .07% 2352 MHz: .10% 2532 MHz: .02% 2592 MHz:  13%)
CPU 1 idle residency:  81.01%
CPU 1 down residency:   0.00%
CPU 2 frequency: 2090 MHz
CPU 2 active residency:   9.98% (1020 MHz: 2.6% 1404 MHz: .41% 1788 MHz: .20% 2112 MHz: .37% 2352 MHz: .05% 2532 MHz: .39% 2592 MHz: 5.9%)
CPU 2 idle residency:  90.02%
CPU 2 down residency:   0.00%
CPU 3 frequency: 2165 MHz
CPU 3 active residency:   6.62% (1020 MHz: 1.5% 1404 MHz: .28% 1788 MHz: .13% 2112 MHz: .04% 2352 MHz: .08% 2532 MHz: .00% 2592 MHz: 4.6%)
CPU 3 idle residency:  93.38%
CPU 3 down residency:   0.00%

P0-Cluster Online: 5%
P0-Cluster HW active frequency: 1398 MHz
P0-Cluster HW active residency:   1.00% (1260 MHz: .90% 1512 MHz: .06% 1800 MHz:   0% 2088 MHz:   0% 2352 MHz:   0% 2616 MHz:   0% 2868 MHz:   0% 3096 MHz:   0% 3300 MHz:   0% 3468 MHz:   0% 3624 MHz:   0% 3756 MHz:   0% 3828 MHz:   0% 3888 MHz:   0% 3948 MHz:   0% 3996 MHz:   0% 4044 MHz: .02% 4104 MHz:   0% 4416 MHz:   0% 4512 MHz: .02%)
P0-Cluster idle residency:   3.08%
P0-Cluster down residency:  95.92%
CPU 4 frequency: 0 MHz
CPU 4 active residency:   0.00% (1260 MHz:   0% 1512 MHz:   0% 1800 MHz:   0% 2088 MHz:   0% 2352 MHz:   0% 2616 MHz:   0% 2868 MHz:   0% 3096 MHz:   0% 3300 MHz:   0% 3468 MHz:   0% 3624 MHz:   0% 3756 MHz:   0% 3828 MHz:   0% 3888 MHz:   0% 3948 MHz:   0% 3996 MHz:   0% 4044 MHz:   0% 4104 MHz:   0% 4416 MHz:   0% 4512 MHz:   0%)
CPU 4 idle residency:   3.90%
CPU 4 down residency:  96.10%
CPU 5 frequency: 0 MHz
CPU 5 active residency:   0.00% (1260 MHz:   0% 1512 MHz:   0% 1800 MHz:   0% 2088 MHz:   0% 2352 MHz:   0% 2616 MHz:   0% 2868 MHz:   0% 3096 MHz:   0% 3300 MHz:   0% 3468 MHz:   0% 3624 MHz:   0% 3756 MHz:   0% 3828 MHz:   0% 3888 MHz:   0% 3948 MHz:   0% 3996 MHz:   0% 4044 MHz:   0% 4104 MHz:   0% 4416 MHz:   0% 4512 MHz:   0%)
CPU 5 idle residency:   3.91%
CPU 5 down residency:  96.09%
CPU 6 frequency: 0 MHz
CPU 6 active residency:   0.00% (1260 MHz:   0% 1512 MHz:   0% 1800 MHz:   0% 2088 MHz:   0% 2352 MHz:   0% 2616 MHz:   0% 2868 MHz:   0% 3096 MHz:   0% 3300 MHz:   0% 3468 MHz:   0% 3624 MHz:   0% 3756 MHz:   0% 3828 MHz:   0% 3888 MHz:   0% 3948 MHz:   0% 3996 MHz:   0% 4044 MHz:   0% 4104 MHz:   0% 4416 MHz:   0% 4512 MHz:   0%)
CPU 6 idle residency:   3.90%
CPU 6 down residency:  96.10%
CPU 7 frequency: 0 MHz
CPU 7 active residency:   0.00% (1260 MHz:   0% 1512 MHz:   0% 1800 MHz:   0% 2088 MHz:   0% 2352 MHz:   0% 2616 MHz:   0% 2868 MHz:   0% 3096 MHz:   0% 3300 MHz:   0% 3468 MHz:   0% 3624 MHz:   0% 3756 MHz:   0% 3828 MHz:   0% 3888 MHz:   0% 3948 MHz:   0% 3996 MHz:   0% 4044 MHz:   0% 4104 MHz:   0% 4416 MHz:   0% 4512 MHz:   0%)
CPU 7 idle residency:   3.89%
CPU 7 down residency:  96.11%
CPU 8 frequency: 0 MHz
CPU 8 active residency:   0.00% (1260 MHz:   0% 1512 MHz:   0% 1800 MHz:   0% 2088 MHz:   0% 2352 MHz:   0% 2616 MHz:   0% 2868 MHz:   0% 3096 MHz:   0% 3300 MHz:   0% 3468 MHz:   0% 3624 MHz:   0% 3756 MHz:   0% 3828 MHz:   0% 3888 MHz:   0% 3948 MHz:   0% 3996 MHz:   0% 4044 MHz:   0% 4104 MHz:   0% 4416 MHz:   0% 4512 MHz:   0%)
CPU 8 idle residency:   3.90%
CPU 8 down residency:  96.10%
CPU 9 frequency: 0 MHz
CPU 9 active residency:   0.00% (1260 MHz:   0% 1512 MHz:   0% 1800 MHz:   0% 2088 MHz:   0% 2352 MHz:   0% 2616 MHz:   0% 2868 MHz:   0% 3096 MHz:   0% 3300 MHz:   0% 3468 MHz:   0% 3624 MHz:   0% 3756 MHz:   0% 3828 MHz:   0% 3888 MHz:   0% 3948 MHz:   0% 3996 MHz:   0% 4044 MHz:   0% 4104 MHz:   0% 4416 MHz:   0% 4512 MHz:   0%)
CPU 9 idle residency:   3.90%
CPU 9 down residency:  96.10%

P1-Cluster HW active frequency: 3495 MHz
P1-Cluster HW active residency:  97.08% (1260 MHz: .47% 1512 MHz: .04% 1800 MHz: 2.8% 2088 MHz: 5.5% 2352 MHz:  15% 2616 MHz: 2.1% 2868 MHz: 1.1% 3096 MHz: 1.7% 3300 MHz: .39% 3468 MHz: .39% 3624 MHz: 1.7% 3756 MHz: .39% 3828 MHz: .00% 3888 MHz:  10% 3948 MHz:  33% 3996 MHz: 6.5% 4044 MHz: 8.5% 4104 MHz:   0% 4416 MHz: 3.1% 4512 MHz: 4.0%)
P1-Cluster idle residency:   2.92%
P1-Cluster down residency:   0.00%
CPU 10 frequency: 3794 MHz
CPU 10 active residency:  42.83% (1260 MHz:   0% 1512 MHz:   0% 1800 MHz: .90% 2088 MHz: 2.2% 2352 MHz: 8.9% 2616 MHz: .42% 2868 MHz: .66% 3096 MHz: .37% 3300 MHz: .06% 3468 MHz: .27% 3624 MHz: .29% 3756 MHz: .23% 3828 MHz: .00% 3888 MHz: .43% 3948 MHz: .05% 3996 MHz: .06% 4044 MHz: .23% 4104 MHz: .23% 4416 MHz:   0% 4512 MHz:  28%)
CPU 10 idle residency:  57.17%
CPU 10 down residency:   0.00%
CPU 11 frequency: 3743 MHz
CPU 11 active residency:  59.71% (1260 MHz: .08% 1512 MHz: .03% 1800 MHz: 2.3% 2088 MHz: 3.3% 2352 MHz:  10% 2616 MHz: 1.6% 2868 MHz: .96% 3096 MHz: 1.1% 3300 MHz: .26% 3468 MHz: .15% 3624 MHz: 1.2% 3756 MHz: .27% 3828 MHz:   0% 3888 MHz: .80% 3948 MHz: .39% 3996 MHz: .03% 4044 MHz: 1.4% 4104 MHz: .25% 4416 MHz: .00% 4512 MHz:  35%)
CPU 11 idle residency:  40.29%
CPU 11 down residency:   0.00%
CPU 12 frequency: 3677 MHz
CPU 12 active residency:  30.61% (1260 MHz: .01% 1512 MHz:   0% 1800 MHz: .53% 2088 MHz: .66% 2352 MHz: 7.9% 2616 MHz: .48% 2868 MHz: .69% 3096 MHz: .81% 3300 MHz: .27% 3468 MHz: .30% 3624 MHz: .86% 3756 MHz: .29% 3828 MHz:   0% 3888 MHz: .10% 3948 MHz: .15% 3996 MHz:   0% 4044 MHz: .67% 4104 MHz: .26% 4416 MHz:   0% 4512 MHz:  17%)
CPU 12 idle residency:  69.39%
CPU 12 down residency:   0.00%
CPU 13 frequency: 3744 MHz
CPU 13 active residency:  60.98% (1260 MHz: .09% 1512 MHz: .03% 1800 MHz: 2.6% 2088 MHz: 4.1% 2352 MHz: 9.2% 2616 MHz: 1.5% 2868 MHz: .97% 3096 MHz: 1.3% 3300 MHz: .22% 3468 MHz: .30% 3624 MHz: 1.2% 3756 MHz: .16% 3828 MHz:   0% 3888 MHz: 1.0% 3948 MHz: .22% 3996 MHz:   0% 4044 MHz: 1.2% 4104 MHz: .23% 4416 MHz:   0% 4512 MHz:  37%)
CPU 13 idle residency:  39.02%
CPU 13 down residency:   0.00%
CPU 14 frequency: 3876 MHz
CPU 14 active residency:  59.44% (1260 MHz: .11% 1512 MHz: .00% 1800 MHz: 2.2% 2088 MHz: 4.0% 2352 MHz: 5.6% 2616 MHz: 1.4% 2868 MHz: .96% 3096 MHz: 1.2% 3300 MHz: .39% 3468 MHz: .39% 3624 MHz: 1.3% 3756 MHz: .39% 3828 MHz:   0% 3888 MHz: .80% 3948 MHz: .28% 3996 MHz: .05% 4044 MHz: 1.3% 4104 MHz: .33% 4416 MHz:   0% 4512 MHz:  39%)
CPU 14 idle residency:  40.56%
CPU 14 down residency:   0.00%
CPU 15 frequency: 4243 MHz
CPU 15 active residency:  33.46% (1260 MHz: .10% 1512 MHz: .00% 1800 MHz: .06% 2088 MHz: .80% 2352 MHz: 2.6% 2616 MHz: .09% 2868 MHz: .07% 3096 MHz: .06% 3300 MHz: .00% 3468 MHz: .04% 3624 MHz: .13% 3756 MHz:   0% 3828 MHz: .00% 3888 MHz: .33% 3948 MHz: .19% 3996 MHz: .05% 4044 MHz: .13% 4104 MHz: .05% 4416 MHz: .00% 4512 MHz:  29%)
CPU 15 idle residency:  66.54%
CPU 15 down residency:   0.00%

CPU Power: 4600 mW
GPU Power: 24632 mW
ANE Power: 0 mW
Combined Power (CPU + GPU + ANE): 29232 mW

**** GPU usage ****

GPU HW active frequency: 1578 MHz
GPU HW active residency: 100.00% (338 MHz:   0% 618 MHz:   0% 796 MHz:   0% 924 MHz:   0% 952 MHz:   0% 1056 MHz:   0% 1062 MHz:   0% 1182 MHz:   0% 1182 MHz:   0% 1312 MHz:   0% 1242 MHz:   0% 1380 MHz:   0% 1326 MHz:   0% 1470 MHz:   0% 1578 MHz: 100%)
GPU SW requested state: (P1 :   0% P2 :   0% P3 :   0% P4 :   0% P5 :   0% P6 :   0% P7 :   0% P8 :   0% P9 :   0% P10 : 100% P11 :   0% P12 :   0% P13 :   0% P14 :   0% P15 :   0%)
GPU SW state: (SW_P1 :   0% SW_P2 :   0% SW_P3 :   0% SW_P4 :   0% SW_P5 :   0% SW_P6 :   0% SW_P7 :   0% SW_P8 :   0% SW_P9 :   0% SW_P10 : 100% SW_P11 :   0% SW_P12 :   0% SW_P13 :   0% SW_P14 :   0% SW_P15 :   0%)
GPU idle residency:   0.00%
GPU Power: 24632 mW



*** Sampled system activity (Tue Jan 20 15:04:20 2026 +0100) (1021.68ms elapsed) ***


**** Processor usage ****

E-Cluster Online: 100%
E-Cluster HW active frequency: 2133 MHz
E-Cluster HW active residency:  55.01% (1020 MHz:  14% 1404 MHz: .93% 1788 MHz: 2.4% 2112 MHz: .99% 2352 MHz: .58% 2532 MHz: 1.4% 2592 MHz:  35%)
E-Cluster idle residency:  44.99%
E-Cluster down residency:   0.00%
CPU 0 frequency: 2057 MHz
CPU 0 active residency:  26.63% (1020 MHz: 7.6% 1404 MHz: .56% 1788 MHz: 1.6% 2112 MHz: .40% 2352 MHz: .30% 2532 MHz: .97% 2592 MHz:  15%)
CPU 0 idle residency:  73.37%
CPU 0 down residency:   0.00%
CPU 1 frequency: 2082 MHz
CPU 1 active residency:  15.90% (1020 MHz: 4.4% 1404 MHz: .18% 1788 MHz: .97% 2112 MHz: .36% 2352 MHz: .24% 2532 MHz: .49% 2592 MHz: 9.3%)
CPU 1 idle residency:  84.10%
CPU 1 down residency:   0.00%
CPU 2 frequency: 2053 MHz
CPU 2 active residency:   9.92% (1020 MHz: 2.8% 1404 MHz: .18% 1788 MHz: .65% 2112 MHz: .26% 2352 MHz: .07% 2532 MHz: .45% 2592 MHz: 5.5%)
CPU 2 idle residency:  90.08%
CPU 2 down residency:   0.00%
CPU 3 frequency: 2013 MHz
CPU 3 active residency:   7.98% (1020 MHz: 2.3% 1404 MHz: .31% 1788 MHz: .60% 2112 MHz: .35% 2352 MHz: .12% 2532 MHz: .31% 2592 MHz: 4.0%)
CPU 3 idle residency:  92.02%
CPU 3 down residency:   0.00%

P0-Cluster Online: 20%
P0-Cluster HW active frequency: 3938 MHz
P0-Cluster HW active residency:  14.61% (1260 MHz: 1.0% 1512 MHz: .02% 1800 MHz: .07% 2088 MHz: .01% 2352 MHz: .08% 2616 MHz: .00% 2868 MHz:   0% 3096 MHz:   0% 3300 MHz:   0% 3468 MHz:   0% 3624 MHz:   0% 3756 MHz:   0% 3828 MHz:   0% 3888 MHz: .84% 3948 MHz: 5.6% 3996 MHz: .47% 4044 MHz: .97% 4104 MHz:   0% 4416 MHz: 2.3% 4512 MHz: 3.2%)
P0-Cluster idle residency:   3.83%
P0-Cluster down residency:  81.57%
CPU 4 frequency: 4085 MHz
CPU 4 active residency:   4.21% (1260 MHz: .52% 1512 MHz: .01% 1800 MHz:   0% 2088 MHz: .00% 2352 MHz: .01% 2616 MHz: .00% 2868 MHz: .02% 3096 MHz:   0% 3300 MHz:   0% 3468 MHz:   0% 3624 MHz:   0% 3756 MHz:   0% 3828 MHz:   0% 3888 MHz:   0% 3948 MHz:   0% 3996 MHz:   0% 4044 MHz:   0% 4104 MHz:   0% 4416 MHz:   0% 4512 MHz: 3.6%)
CPU 4 idle residency:  14.13%
CPU 4 down residency:  81.66%
CPU 5 frequency: 3564 MHz
CPU 5 active residency:   1.87% (1260 MHz: .53% 1512 MHz:   0% 1800 MHz:   0% 2088 MHz:   0% 2352 MHz: .01% 2616 MHz: .00% 2868 MHz: .02% 3096 MHz:   0% 3300 MHz:   0% 3468 MHz:   0% 3624 MHz:   0% 3756 MHz:   0% 3828 MHz:   0% 3888 MHz:   0% 3948 MHz:   0% 3996 MHz:   0% 4044 MHz:   0% 4104 MHz:   0% 4416 MHz:   0% 4512 MHz: 1.3%)
CPU 5 idle residency:  16.90%
CPU 5 down residency:  81.23%
CPU 6 frequency: 2961 MHz
CPU 6 active residency:   1.09% (1260 MHz: .50% 1512 MHz:   0% 1800 MHz:   0% 2088 MHz:   0% 2352 MHz: .01% 2616 MHz: .00% 2868 MHz: .02% 3096 MHz:   0% 3300 MHz:   0% 3468 MHz:   0% 3624 MHz:   0% 3756 MHz:   0% 3828 MHz:   0% 3888 MHz:   0% 3948 MHz:   0% 3996 MHz:   0% 4044 MHz:   0% 4104 MHz:   0% 4416 MHz:   0% 4512 MHz: .56%)
CPU 6 idle residency:  17.67%
CPU 6 down residency:  81.24%
CPU 7 frequency: 4203 MHz
CPU 7 active residency:   8.48% (1260 MHz: .64% 1512 MHz: .03% 1800 MHz: .09% 2088 MHz:   0% 2352 MHz: .02% 2616 MHz: .00% 2868 MHz: .09% 3096 MHz:   0% 3300 MHz:   0% 3468 MHz: .00% 3624 MHz:   0% 3756 MHz:   0% 3828 MHz:   0% 3888 MHz:   0% 3948 MHz:   0% 3996 MHz:   0% 4044 MHz:   0% 4104 MHz:   0% 4416 MHz:   0% 4512 MHz: 7.6%)
CPU 7 idle residency:  10.44%
CPU 7 down residency:  81.08%
CPU 8 frequency: 4269 MHz
CPU 8 active residency:   9.61% (1260 MHz: .64% 1512 MHz: .03% 1800 MHz: .01% 2088 MHz: .00% 2352 MHz: .03% 2616 MHz: .01% 2868 MHz: .04% 3096 MHz:   0% 3300 MHz:   0% 3468 MHz:   0% 3624 MHz:   0% 3756 MHz:   0% 3828 MHz:   0% 3888 MHz:   0% 3948 MHz:   0% 3996 MHz:   0% 4044 MHz:   0% 4104 MHz:   0% 4416 MHz:   0% 4512 MHz: 8.9%)
CPU 8 idle residency:   9.18%
CPU 8 down residency:  81.21%
CPU 9 frequency: 4202 MHz
CPU 9 active residency:   8.33% (1260 MHz: .63% 1512 MHz: .02% 1800 MHz: .01% 2088 MHz:   0% 2352 MHz: .03% 2616 MHz: .06% 2868 MHz: .15% 3096 MHz:   0% 3300 MHz:   0% 3468 MHz:   0% 3624 MHz:   0% 3756 MHz:   0% 3828 MHz:   0% 3888 MHz:   0% 3948 MHz:   0% 3996 MHz:   0% 4044 MHz:   0% 4104 MHz:   0% 4416 MHz:   0% 4512 MHz: 7.4%)
CPU 9 idle residency:  10.60%
CPU 9 down residency:  81.07%

P1-Cluster HW active frequency: 3477 MHz
P1-Cluster HW active residency:  81.19% (1260 MHz: .81% 1512 MHz: .00% 1800 MHz: .30% 2088 MHz: .00% 2352 MHz:  16% 2616 MHz: 8.6% 2868 MHz: .78% 3096 MHz: .39% 3300 MHz: .37% 3468 MHz: .39% 3624 MHz: .39% 3756 MHz: .39% 3828 MHz:   0% 3888 MHz: 6.9% 3948 MHz:  26% 3996 MHz: 6.1% 4044 MHz: 7.6% 4104 MHz:   0% 4416 MHz: 2.5% 4512 MHz: 3.2%)
P1-Cluster idle residency:   3.52%
P1-Cluster down residency:  15.29%
CPU 10 frequency: 3810 MHz
CPU 10 active residency:  32.01% (1260 MHz: .01% 1512 MHz: .00% 1800 MHz: .11% 2088 MHz: .00% 2352 MHz: 7.3% 2616 MHz: 2.8% 2868 MHz: .07% 3096 MHz: .05% 3300 MHz: .11% 3468 MHz: .32% 3624 MHz: .16% 3756 MHz: .02% 3828 MHz:   0% 3888 MHz:   0% 3948 MHz: .20% 3996 MHz:   0% 4044 MHz:   0% 4104 MHz: .18% 4416 MHz: .16% 4512 MHz:  20%)
CPU 10 idle residency:  52.53%
CPU 10 down residency:  15.45%
CPU 11 frequency: 3408 MHz
CPU 11 active residency:  46.91% (1260 MHz: .01% 1512 MHz: .00% 1800 MHz: .28% 2088 MHz: .00% 2352 MHz:  15% 2616 MHz: 7.4% 2868 MHz: .89% 3096 MHz: .44% 3300 MHz: .42% 3468 MHz: .44% 3624 MHz: .45% 3756 MHz: .44% 3828 MHz:   0% 3888 MHz:   0% 3948 MHz: .44% 3996 MHz:   0% 4044 MHz:   0% 4104 MHz: .43% 4416 MHz: .45% 4512 MHz:  20%)
CPU 11 idle residency:  35.52%
CPU 11 down residency:  17.57%
CPU 12 frequency: 3385 MHz
CPU 12 active residency:  36.40% (1260 MHz: .01% 1512 MHz:   0% 1800 MHz: .01% 2088 MHz:   0% 2352 MHz:  12% 2616 MHz: 6.4% 2868 MHz: .46% 3096 MHz: .28% 3300 MHz: .27% 3468 MHz: .23% 3624 MHz: .26% 3756 MHz: .26% 3828 MHz:   0% 3888 MHz:   0% 3948 MHz: .25% 3996 MHz:   0% 4044 MHz:   0% 4104 MHz: .21% 4416 MHz: .27% 4512 MHz:  15%)
CPU 12 idle residency:  48.25%
CPU 12 down residency:  15.35%
CPU 13 frequency: 3548 MHz
CPU 13 active residency:  43.64% (1260 MHz: .00% 1512 MHz:   0% 1800 MHz: .26% 2088 MHz:   0% 2352 MHz:  12% 2616 MHz: 6.8% 2868 MHz: .50% 3096 MHz: .32% 3300 MHz: .33% 3468 MHz: .19% 3624 MHz: .30% 3756 MHz: .29% 3828 MHz:   0% 3888 MHz:   0% 3948 MHz: .26% 3996 MHz:   0% 4044 MHz:   0% 4104 MHz: .29% 4416 MHz: .34% 4512 MHz:  22%)
CPU 13 idle residency:  38.70%
CPU 13 down residency:  17.66%
CPU 14 frequency: 4025 MHz
CPU 14 active residency:  28.73% (1260 MHz: .01% 1512 MHz:   0% 1800 MHz: .05% 2088 MHz:   0% 2352 MHz: 3.7% 2616 MHz: 2.7% 2868 MHz: .10% 3096 MHz: .06% 3300 MHz: .13% 3468 MHz: .22% 3624 MHz:   0% 3756 MHz: .22% 3828 MHz:   0% 3888 MHz:   0% 3948 MHz: .06% 3996 MHz:   0% 4044 MHz:   0% 4104 MHz: .02% 4416 MHz: .11% 4512 MHz:  21%)
CPU 14 idle residency:  55.32%
CPU 14 down residency:  15.95%
CPU 15 frequency: 4146 MHz
CPU 15 active residency:  20.15% (1260 MHz:   0% 1512 MHz:   0% 1800 MHz: .23% 2088 MHz:   0% 2352 MHz: 1.4% 2616 MHz: .95% 2868 MHz: .69% 3096 MHz: .29% 3300 MHz: .22% 3468 MHz: .07% 3624 MHz:   0% 3756 MHz: .05% 3828 MHz:   0% 3888 MHz:   0% 3948 MHz: .02% 3996 MHz:   0% 4044 MHz:   0% 4104 MHz:   0% 4416 MHz: .04% 4512 MHz:  16%)
CPU 15 idle residency:  62.29%
CPU 15 down residency:  17.56%

CPU Power: 4356 mW
GPU Power: 24397 mW
ANE Power: 0 mW
Combined Power (CPU + GPU + ANE): 28753 mW

**** GPU usage ****

GPU HW active frequency: 1578 MHz
GPU HW active residency: 100.00% (338 MHz:   0% 618 MHz:   0% 796 MHz:   0% 924 MHz:   0% 952 MHz:   0% 1056 MHz:   0% 1062 MHz:   0% 1182 MHz:   0% 1182 MHz:   0% 1312 MHz:   0% 1242 MHz:   0% 1380 MHz:   0% 1326 MHz:   0% 1470 MHz:   0% 1578 MHz: 100%)
GPU SW requested state: (P1 :   0% P2 :   0% P3 :   0% P4 :   0% P5 :   0% P6 :   0% P7 :   0% P8 :   0% P9 :   0% P10 : 100% P11 :   0% P12 :   0% P13 :   0% P14 :   0% P15 :   0%)
GPU SW state: (SW_P1 :   0% SW_P2 :   0% SW_P3 :   0% SW_P4 :   0% SW_P5 :   0% SW_P6 :   0% SW_P7 :   0% SW_P8 :   0% SW_P9 :   0% SW_P10 : 100% SW_P11 :   0% SW_P12 :   0% SW_P13 :   0% SW_P14 :   0% SW_P15 :   0%)
GPU idle residency:   0.00%
GPU Power: 24399 mW



*** Sampled system activity (Tue Jan 20 15:04:21 2026 +0100) (1017.85ms elapsed) ***


**** Processor usage ****

E-Cluster Online: 100%
E-Cluster HW active frequency: 1871 MHz
E-Cluster HW active residency:  60.79% (1020 MHz:  25% 1404 MHz: 1.1% 1788 MHz: 2.6% 2112 MHz: 1.1% 2352 MHz: .96% 2532 MHz: .81% 2592 MHz:  29%)
E-Cluster idle residency:  39.21%
E-Cluster down residency:   0.00%
CPU 0 frequency: 1870 MHz
CPU 0 active residency:  30.15% (1020 MHz:  12% 1404 MHz: .51% 1788 MHz: 1.4% 2112 MHz: .57% 2352 MHz: .52% 2532 MHz: .17% 2592 MHz:  14%)
CPU 0 idle residency:  69.85%
CPU 0 down residency:   0.00%
CPU 1 frequency: 1812 MHz
CPU 1 active residency:  19.80% (1020 MHz: 8.6% 1404 MHz: .52% 1788 MHz: 1.3% 2112 MHz: .38% 2352 MHz: .45% 2532 MHz: .52% 2592 MHz: 8.1%)
CPU 1 idle residency:  80.20%
CPU 1 down residency:   0.00%
CPU 2 frequency: 1777 MHz
CPU 2 active residency:  12.69% (1020 MHz: 5.7% 1404 MHz: .37% 1788 MHz: .78% 2112 MHz: .41% 2352 MHz: .30% 2532 MHz: .30% 2592 MHz: 4.8%)
CPU 2 idle residency:  87.31%
CPU 2 down residency:   0.00%
CPU 3 frequency: 1793 MHz
CPU 3 active residency:   7.83% (1020 MHz: 3.2% 1404 MHz: .75% 1788 MHz: .27% 2112 MHz: .05% 2352 MHz: .29% 2532 MHz: .05% 2592 MHz: 3.2%)
CPU 3 idle residency:  92.17%
CPU 3 down residency:   0.00%

P0-Cluster Online: 28%
P0-Cluster HW active frequency: 3365 MHz
P0-Cluster HW active residency:  22.87% (1260 MHz: .90% 1512 MHz: .03% 1800 MHz: 1.3% 2088 MHz: .66% 2352 MHz: 2.1% 2616 MHz: 2.3% 2868 MHz: .19% 3096 MHz: 1.5% 3300 MHz:   0% 3468 MHz:   0% 3624 MHz: 1.5% 3756 MHz:   0% 3828 MHz:   0% 3888 MHz: 2.1% 3948 MHz: 5.1% 3996 MHz: 1.3% 4044 MHz: 1.2% 4104 MHz:   0% 4416 MHz: 1.2% 4512 MHz: 1.6%)
P0-Cluster idle residency:   4.90%
P0-Cluster down residency:  72.23%
CPU 4 frequency: 4465 MHz
CPU 4 active residency:   5.89% (1260 MHz: .02% 1512 MHz:   0% 1800 MHz:   0% 2088 MHz:   0% 2352 MHz: .01% 2616 MHz: .01% 2868 MHz:   0% 3096 MHz:   0% 3300 MHz:   0% 3468 MHz:   0% 3624 MHz:   0% 3756 MHz:   0% 3828 MHz:   0% 3888 MHz:   0% 3948 MHz:   0% 3996 MHz:   0% 4044 MHz: .38% 4104 MHz:   0% 4416 MHz:   0% 4512 MHz: 5.5%)
CPU 4 idle residency:  17.58%
CPU 4 down residency:  76.53%
CPU 5 frequency: 4475 MHz
CPU 5 active residency:   5.87% (1260 MHz: .03% 1512 MHz:   0% 1800 MHz:   0% 2088 MHz: .01% 2352 MHz:   0% 2616 MHz:   0% 2868 MHz:   0% 3096 MHz:   0% 3300 MHz:   0% 3468 MHz:   0% 3624 MHz:   0% 3756 MHz:   0% 3828 MHz:   0% 3888 MHz:   0% 3948 MHz:   0% 3996 MHz:   0% 4044 MHz: .25% 4104 MHz:   0% 4416 MHz:   0% 4512 MHz: 5.6%)
CPU 5 idle residency:  16.76%
CPU 5 down residency:  77.38%
CPU 6 frequency: 4446 MHz
CPU 6 active residency:   6.83% (1260 MHz: .05% 1512 MHz:   0% 1800 MHz:   0% 2088 MHz:   0% 2352 MHz:   0% 2616 MHz:   0% 2868 MHz:   0% 3096 MHz:   0% 3300 MHz:   0% 3468 MHz:   0% 3624 MHz:   0% 3756 MHz:   0% 3828 MHz:   0% 3888 MHz:   0% 3948 MHz:   0% 3996 MHz:   0% 4044 MHz: .62% 4104 MHz:   0% 4416 MHz:   0% 4512 MHz: 6.2%)
CPU 6 idle residency:  17.68%
CPU 6 down residency:  75.48%
CPU 7 frequency: 4461 MHz
CPU 7 active residency:   5.72% (1260 MHz: .01% 1512 MHz:   0% 1800 MHz:   0% 2088 MHz: .00% 2352 MHz:   0% 2616 MHz:   0% 2868 MHz:   0% 3096 MHz:   0% 3300 MHz:   0% 3468 MHz:   0% 3624 MHz:   0% 3756 MHz:   0% 3828 MHz:   0% 3888 MHz:   0% 3948 MHz:   0% 3996 MHz:   0% 4044 MHz: .55% 4104 MHz:   0% 4416 MHz:   0% 4512 MHz: 5.2%)
CPU 7 idle residency:  18.08%
CPU 7 down residency:  76.20%
CPU 8 frequency: 4490 MHz
CPU 8 active residency:   3.31% (1260 MHz:   0% 1512 MHz:   0% 1800 MHz:   0% 2088 MHz:   0% 2352 MHz: .01% 2616 MHz: .01% 2868 MHz:   0% 3096 MHz:   0% 3300 MHz:   0% 3468 MHz:   0% 3624 MHz:   0% 3756 MHz:   0% 3828 MHz:   0% 3888 MHz:   0% 3948 MHz:   0% 3996 MHz:   0% 4044 MHz: .07% 4104 MHz:   0% 4416 MHz:   0% 4512 MHz: 3.2%)
CPU 8 idle residency:  21.62%
CPU 8 down residency:  75.07%
CPU 9 frequency: 4443 MHz
CPU 9 active residency:   7.18% (1260 MHz: .05% 1512 MHz:   0% 1800 MHz:   0% 2088 MHz:   0% 2352 MHz: .01% 2616 MHz: .01% 2868 MHz:   0% 3096 MHz:   0% 3300 MHz:   0% 3468 MHz:   0% 3624 MHz:   0% 3756 MHz:   0% 3828 MHz:   0% 3888 MHz:   0% 3948 MHz:   0% 3996 MHz:   0% 4044 MHz: .65% 4104 MHz:   0% 4416 MHz:   0% 4512 MHz: 6.5%)
CPU 9 idle residency:  16.70%
CPU 9 down residency:  76.12%

P1-Cluster HW active frequency: 3065 MHz
P1-Cluster HW active residency:  76.50% (1260 MHz: .47% 1512 MHz: .88% 1800 MHz: 4.2% 2088 MHz: 8.5% 2352 MHz:  22% 2616 MHz: .36% 2868 MHz: 1.7% 3096 MHz: .80% 3300 MHz: .77% 3468 MHz: .77% 3624 MHz: .41% 3756 MHz:   0% 3828 MHz: .39% 3888 MHz: 5.3% 3948 MHz:  17% 3996 MHz: 4.6% 4044 MHz: 8.2% 4104 MHz:   0% 4416 MHz: .01% 4512 MHz: .06%)
P1-Cluster idle residency:   1.72%
P1-Cluster down residency:  21.78%
CPU 10 frequency: 4000 MHz
CPU 10 active residency:  28.26% (1260 MHz: .07% 1512 MHz: .20% 1800 MHz: 2.8% 2088 MHz: 1.3% 2352 MHz: .44% 2616 MHz:   0% 2868 MHz: .42% 3096 MHz: .26% 3300 MHz: .24% 3468 MHz: .25% 3624 MHz: .20% 3756 MHz:   0% 3828 MHz: .18% 3888 MHz:   0% 3948 MHz: .15% 3996 MHz:   0% 4044 MHz:   0% 4104 MHz: .19% 4416 MHz: .15% 4512 MHz:  21%)
CPU 10 idle residency:  50.20%
CPU 10 down residency:  21.54%
CPU 11 frequency: 3297 MHz
CPU 11 active residency:  56.37% (1260 MHz: .26% 1512 MHz: .64% 1800 MHz: 3.3% 2088 MHz: 6.4% 2352 MHz:  17% 2616 MHz: .22% 2868 MHz: .96% 3096 MHz: .58% 3300 MHz: .56% 3468 MHz: .53% 3624 MHz: .27% 3756 MHz:   0% 3828 MHz: .20% 3888 MHz:   0% 3948 MHz: .21% 3996 MHz:   0% 4044 MHz:   0% 4104 MHz: .25% 4416 MHz: .23% 4512 MHz:  25%)
CPU 11 idle residency:  24.34%
CPU 11 down residency:  19.28%
CPU 12 frequency: 3048 MHz
CPU 12 active residency:  45.79% (1260 MHz: .07% 1512 MHz: .81% 1800 MHz: 2.1% 2088 MHz: 6.8% 2352 MHz:  18% 2616 MHz: .36% 2868 MHz: 1.0% 3096 MHz: .31% 3300 MHz: .11% 3468 MHz: .35% 3624 MHz: .10% 3756 MHz:   0% 3828 MHz: .01% 3888 MHz:   0% 3948 MHz: .04% 3996 MHz:   0% 4044 MHz:   0% 4104 MHz: .01% 4416 MHz: .04% 4512 MHz:  16%)
CPU 12 idle residency:  32.51%
CPU 12 down residency:  21.69%
CPU 13 frequency: 3423 MHz
CPU 13 active residency:  50.30% (1260 MHz: .25% 1512 MHz: .24% 1800 MHz: 1.8% 2088 MHz: 6.2% 2352 MHz:  14% 2616 MHz: .25% 2868 MHz: .89% 3096 MHz: .28% 3300 MHz: .24% 3468 MHz: .31% 3624 MHz: .07% 3756 MHz:   0% 3828 MHz:   0% 3888 MHz:   0% 3948 MHz: .01% 3996 MHz:   0% 4044 MHz:   0% 4104 MHz:   0% 4416 MHz: .01% 4512 MHz:  26%)
CPU 13 idle residency:  30.51%
CPU 13 down residency:  19.19%
CPU 14 frequency: 3617 MHz
CPU 14 active residency:  36.72% (1260 MHz: .12% 1512 MHz:   0% 1800 MHz: .07% 2088 MHz: 2.2% 2352 MHz:  10% 2616 MHz: .26% 2868 MHz: 1.3% 3096 MHz: .48% 3300 MHz: .42% 3468 MHz: .56% 3624 MHz: .40% 3756 MHz:   0% 3828 MHz: .38% 3888 MHz:   0% 3948 MHz: .37% 3996 MHz:   0% 4044 MHz:   0% 4104 MHz: .37% 4416 MHz: .37% 4512 MHz:  19%)
CPU 14 idle residency:  42.38%
CPU 14 down residency:  20.90%
CPU 15 frequency: 3929 MHz
CPU 15 active residency:  37.22% (1260 MHz: .20% 1512 MHz: .72% 1800 MHz: 2.3% 2088 MHz: .87% 2352 MHz: 3.5% 2616 MHz: .04% 2868 MHz: .61% 3096 MHz: .46% 3300 MHz: .26% 3468 MHz: .27% 3624 MHz: .24% 3756 MHz:   0% 3828 MHz: .21% 3888 MHz:   0% 3948 MHz: .21% 3996 MHz:   0% 4044 MHz:   0% 4104 MHz: .28% 4416 MHz: .26% 4512 MHz:  27%)
CPU 15 idle residency:  43.51%
CPU 15 down residency:  19.27%

CPU Power: 4100 mW
GPU Power: 24791 mW
ANE Power: 0 mW
Combined Power (CPU + GPU + ANE): 28891 mW

**** GPU usage ****

GPU HW active frequency: 1578 MHz
GPU HW active residency: 100.00% (338 MHz:   0% 618 MHz:   0% 796 MHz:   0% 924 MHz:   0% 952 MHz:   0% 1056 MHz:   0% 1062 MHz:   0% 1182 MHz:   0% 1182 MHz:   0% 1312 MHz:   0% 1242 MHz:   0% 1380 MHz:   0% 1326 MHz:   0% 1470 MHz:   0% 1578 MHz: 100%)
GPU SW requested state: (P1 :   0% P2 :   0% P3 :   0% P4 :   0% P5 :   0% P6 :   0% P7 :   0% P8 :   0% P9 :   0% P10 : 100% P11 :   0% P12 :   0% P13 :   0% P14 :   0% P15 :   0%)
GPU SW state: (SW_P1 :   0% SW_P2 :   0% SW_P3 :   0% SW_P4 :   0% SW_P5 :   0% SW_P6 :   0% SW_P7 :   0% SW_P8 :   0% SW_P9 :   0% SW_P10 : 100% SW_P11 :   0% SW_P12 :   0% SW_P13 :   0% SW_P14 :   0% SW_P15 :   0%)
GPU idle residency:   0.00%
GPU Power: 24590 mW



*** Sampled system activity (Tue Jan 20 15:04:22 2026 +0100) (1020.27ms elapsed) ***


**** Processor usage ****

E-Cluster Online: 100%
E-Cluster HW active frequency: 1571 MHz
E-Cluster HW active residency:  59.87% (1020 MHz:  35% 1404 MHz: 2.5% 1788 MHz: 1.9% 2112 MHz: .91% 2352 MHz: 1.5% 2532 MHz: .74% 2592 MHz:  17%)
E-Cluster idle residency:  40.13%
E-Cluster down residency:   0.00%
CPU 0 frequency: 1459 MHz
CPU 0 active residency:  29.55% (1020 MHz:  20% 1404 MHz: 1.3% 1788 MHz: .95% 2112 MHz: .23% 2352 MHz: .37% 2532 MHz: .34% 2592 MHz: 6.7%)
CPU 0 idle residency:  70.45%
CPU 0 down residency:   0.00%
CPU 1 frequency: 1532 MHz
CPU 1 active residency:  21.64% (1020 MHz:  13% 1404 MHz: 1.3% 1788 MHz: .85% 2112 MHz: .53% 2352 MHz: .55% 2532 MHz: .61% 2592 MHz: 4.9%)
CPU 1 idle residency:  78.36%
CPU 1 down residency:   0.00%
CPU 2 frequency: 1492 MHz
CPU 2 active residency:  13.61% (1020 MHz: 8.6% 1404 MHz: .75% 1788 MHz: .47% 2112 MHz: .16% 2352 MHz: .64% 2532 MHz: .28% 2592 MHz: 2.8%)
CPU 2 idle residency:  86.39%
CPU 2 down residency:   0.00%
CPU 3 frequency: 1470 MHz
CPU 3 active residency:   8.72% (1020 MHz: 5.5% 1404 MHz: .63% 1788 MHz: .38% 2112 MHz: .05% 2352 MHz: .17% 2532 MHz: .18% 2592 MHz: 1.8%)
CPU 3 idle residency:  91.28%
CPU 3 down residency:   0.00%

P0-Cluster Online: 18%
P0-Cluster HW active frequency: 2861 MHz
P0-Cluster HW active residency:   8.07% (1260 MHz: 2.7% 1512 MHz: .24% 1800 MHz: .41% 2088 MHz: .12% 2352 MHz:   0% 2616 MHz: .16% 2868 MHz: .05% 3096 MHz:   0% 3300 MHz: .04% 3468 MHz: .08% 3624 MHz:   0% 3756 MHz:   0% 3828 MHz:   0% 3888 MHz: .05% 3948 MHz: .32% 3996 MHz: 2.3% 4044 MHz: 1.3% 4104 MHz:   0% 4416 MHz: .09% 4512 MHz: .23%)
P0-Cluster idle residency:   9.71%
P0-Cluster down residency:  82.22%
CPU 4 frequency: 2675 MHz
CPU 4 active residency:   5.18% (1260 MHz: .13% 1512 MHz:   0% 1800 MHz: .84% 2088 MHz: .35% 2352 MHz: .97% 2616 MHz: .72% 2868 MHz: .06% 3096 MHz: 1.1% 3300 MHz:   0% 3468 MHz:   0% 3624 MHz: .80% 3756 MHz:   0% 3828 MHz:   0% 3888 MHz:   0% 3948 MHz:   0% 3996 MHz:   0% 4044 MHz: .16% 4104 MHz:   0% 4416 MHz:   0% 4512 MHz:   0%)
CPU 4 idle residency:  16.62%
CPU 4 down residency:  78.20%
CPU 5 frequency: 2451 MHz
CPU 5 active residency:   6.13% (1260 MHz: .13% 1512 MHz:   0% 1800 MHz: 1.2% 2088 MHz: .63% 2352 MHz: 1.5% 2616 MHz: 1.8% 2868 MHz: .02% 3096 MHz: .33% 3300 MHz:   0% 3468 MHz:   0% 3624 MHz: .55% 3756 MHz:   0% 3828 MHz:   0% 3888 MHz:   0% 3948 MHz:   0% 3996 MHz:   0% 4044 MHz: .08% 4104 MHz:   0% 4416 MHz:   0% 4512 MHz:   0%)
CPU 5 idle residency:  15.25%
CPU 5 down residency:  78.62%
CPU 6 frequency: 2881 MHz
CPU 6 active residency:   4.02% (1260 MHz: .14% 1512 MHz:   0% 1800 MHz: .47% 2088 MHz: .48% 2352 MHz: .49% 2616 MHz: .22% 2868 MHz: .06% 3096 MHz: .68% 3300 MHz:   0% 3468 MHz:   0% 3624 MHz: 1.1% 3756 MHz:   0% 3828 MHz:   0% 3888 MHz:   0% 3948 MHz:   0% 3996 MHz:   0% 4044 MHz: .42% 4104 MHz:   0% 4416 MHz:   0% 4512 MHz:   0%)
CPU 6 idle residency:  16.10%
CPU 6 down residency:  79.88%
CPU 7 frequency: 2608 MHz
CPU 7 active residency:   4.99% (1260 MHz: .13% 1512 MHz:   0% 1800 MHz: .80% 2088 MHz: .23% 2352 MHz: 1.2% 2616 MHz: 1.1% 2868 MHz: .17% 3096 MHz: .59% 3300 MHz:   0% 3468 MHz:   0% 3624 MHz: .29% 3756 MHz:   0% 3828 MHz:   0% 3888 MHz:   0% 3948 MHz:   0% 3996 MHz:   0% 4044 MHz: .42% 4104 MHz:   0% 4416 MHz:   0% 4512 MHz:   0%)
CPU 7 idle residency:  15.12%
CPU 7 down residency:  79.89%
CPU 8 frequency: 2958 MHz
CPU 8 active residency:   3.58% (1260 MHz: .13% 1512 MHz:   0% 1800 MHz: .08% 2088 MHz: .04% 2352 MHz: .23% 2616 MHz: 1.1% 2868 MHz: .05% 3096 MHz: .98% 3300 MHz:   0% 3468 MHz:   0% 3624 MHz: .88% 3756 MHz:   0% 3828 MHz:   0% 3888 MHz:   0% 3948 MHz:   0% 3996 MHz:   0% 4044 MHz: .12% 4104 MHz:   0% 4416 MHz:   0% 4512 MHz:   0%)
CPU 8 idle residency:  16.91%
CPU 8 down residency:  79.51%
CPU 9 frequency: 2467 MHz
CPU 9 active residency:   4.94% (1260 MHz: .14% 1512 MHz: .01% 1800 MHz: .85% 2088 MHz: .49% 2352 MHz: 1.4% 2616 MHz: .94% 2868 MHz: .12% 3096 MHz: .74% 3300 MHz:   0% 3468 MHz:   0% 3624 MHz:   0% 3756 MHz:   0% 3828 MHz:   0% 3888 MHz:   0% 3948 MHz:   0% 3996 MHz:   0% 4044 MHz: .27% 4104 MHz:   0% 4416 MHz:   0% 4512 MHz:   0%)
CPU 9 idle residency:  14.35%
CPU 9 down residency:  80.71%

P1-Cluster HW active frequency: 3190 MHz
P1-Cluster HW active residency:  96.52% (1260 MHz: .24% 1512 MHz: .00% 1800 MHz: .01% 2088 MHz: .01% 2352 MHz: 5.1% 2616 MHz:  34% 2868 MHz:  10% 3096 MHz: 8.3% 3300 MHz: .61% 3468 MHz: .44% 3624 MHz: .76% 3756 MHz: .39% 3828 MHz: .38% 3888 MHz:  11% 3948 MHz:  15% 3996 MHz: 4.3% 4044 MHz: 5.3% 4104 MHz:   0% 4416 MHz:   0% 4512 MHz:   0%)
P1-Cluster idle residency:   3.48%
P1-Cluster down residency:   0.00%
CPU 10 frequency: 3411 MHz
CPU 10 active residency:  46.94% (1260 MHz: .04% 1512 MHz: .00% 1800 MHz: .00% 2088 MHz: .01% 2352 MHz: 3.5% 2616 MHz:  18% 2868 MHz: 3.9% 3096 MHz: 1.0% 3300 MHz: .38% 3468 MHz: .39% 3624 MHz: .39% 3756 MHz: .12% 3828 MHz: .38% 3888 MHz: .55% 3948 MHz:   0% 3996 MHz: .84% 4044 MHz: .10% 4104 MHz: .39% 4416 MHz: .38% 4512 MHz:  17%)
CPU 10 idle residency:  53.06%
CPU 10 down residency:   0.00%
CPU 11 frequency: 3323 MHz
CPU 11 active residency:  62.71% (1260 MHz: .02% 1512 MHz:   0% 1800 MHz: .00% 2088 MHz: .00% 2352 MHz: 3.3% 2616 MHz:  23% 2868 MHz: 6.8% 3096 MHz: 6.6% 3300 MHz: .49% 3468 MHz: .30% 3624 MHz: .53% 3756 MHz: .31% 3828 MHz: .27% 3888 MHz: 1.2% 3948 MHz:   0% 3996 MHz: .67% 4044 MHz: .25% 4104 MHz: .24% 4416 MHz: .28% 4512 MHz:  18%)
CPU 11 idle residency:  37.29%
CPU 11 down residency:   0.00%
CPU 12 frequency: 3405 MHz
CPU 12 active residency:  61.12% (1260 MHz: .06% 1512 MHz:   0% 1800 MHz:   0% 2088 MHz:   0% 2352 MHz: 2.1% 2616 MHz:  22% 2868 MHz: 6.7% 3096 MHz: 5.8% 3300 MHz: .28% 3468 MHz: .27% 3624 MHz: .53% 3756 MHz: .32% 3828 MHz: .14% 3888 MHz: 1.4% 3948 MHz:   0% 3996 MHz: .61% 4044 MHz: .21% 4104 MHz: .05% 4416 MHz: .18% 4512 MHz:  21%)
CPU 12 idle residency:  38.88%
CPU 12 down residency:   0.00%
CPU 13 frequency: 3457 MHz
CPU 13 active residency:  49.13% (1260 MHz: .02% 1512 MHz:   0% 1800 MHz:   0% 2088 MHz:   0% 2352 MHz: 1.7% 2616 MHz:  17% 2868 MHz: 6.3% 3096 MHz: 2.7% 3300 MHz: .14% 3468 MHz: .03% 3624 MHz: .27% 3756 MHz: .39% 3828 MHz: .02% 3888 MHz: 1.7% 3948 MHz:   0% 3996 MHz: .46% 4044 MHz: .27% 4104 MHz: .22% 4416 MHz: .14% 4512 MHz:  18%)
CPU 13 idle residency:  50.87%
CPU 13 down residency:   0.00%
CPU 14 frequency: 3550 MHz
CPU 14 active residency:  42.73% (1260 MHz: .02% 1512 MHz: .00% 1800 MHz: .01% 2088 MHz: .01% 2352 MHz: 2.7% 2616 MHz:  11% 2868 MHz: 2.3% 3096 MHz: 5.4% 3300 MHz: .49% 3468 MHz: .28% 3624 MHz: .44% 3756 MHz: .22% 3828 MHz: .28% 3888 MHz: 1.1% 3948 MHz:   0% 3996 MHz: .73% 4044 MHz: .17% 4104 MHz: .28% 4416 MHz: .28% 4512 MHz:  17%)
CPU 14 idle residency:  57.27%
CPU 14 down residency:   0.00%
CPU 15 frequency: 3964 MHz
CPU 15 active residency:  32.05% (1260 MHz: .01% 1512 MHz:   0% 1800 MHz: .00% 2088 MHz:   0% 2352 MHz: 1.7% 2616 MHz: 2.5% 2868 MHz: 2.1% 3096 MHz: 3.2% 3300 MHz: .10% 3468 MHz: .01% 3624 MHz: .02% 3756 MHz: .38% 3828 MHz:   0% 3888 MHz: .76% 3948 MHz:   0% 3996 MHz: .34% 4044 MHz: .18% 4104 MHz: .02% 4416 MHz: .07% 4512 MHz:  21%)
CPU 15 idle residency:  67.95%
CPU 15 down residency:   0.00%

CPU Power: 4421 mW
GPU Power: 24719 mW
ANE Power: 0 mW
Combined Power (CPU + GPU + ANE): 29140 mW

**** GPU usage ****

GPU HW active frequency: 1578 MHz
GPU HW active residency: 100.00% (338 MHz:   0% 618 MHz:   0% 796 MHz:   0% 924 MHz:   0% 952 MHz:   0% 1056 MHz:   0% 1062 MHz:   0% 1182 MHz:   0% 1182 MHz:   0% 1312 MHz:   0% 1242 MHz:   0% 1380 MHz:   0% 1326 MHz:   0% 1470 MHz:   0% 1578 MHz: 100%)
GPU SW requested state: (P1 :   0% P2 :   0% P3 :   0% P4 :   0% P5 :   0% P6 :   0% P7 :   0% P8 :   0% P9 :   0% P10 : 100% P11 :   0% P12 :   0% P13 :   0% P14 :   0% P15 :   0%)
GPU SW state: (SW_P1 :   0% SW_P2 :   0% SW_P3 :   0% SW_P4 :   0% SW_P5 :   0% SW_P6 :   0% SW_P7 :   0% SW_P8 :   0% SW_P9 :   0% SW_P10 : 100% SW_P11 :   0% SW_P12 :   0% SW_P13 :   0% SW_P14 :   0% SW_P15 :   0%)
GPU idle residency:   0.00%
GPU Power: 24921 mW



*** Sampled system activity (Tue Jan 20 15:04:23 2026 +0100) (1021.76ms elapsed) ***


**** Processor usage ****

E-Cluster Online: 100%
E-Cluster HW active frequency: 1381 MHz
E-Cluster HW active residency:  42.80% (1020 MHz:  25% 1404 MHz: 6.6% 1788 MHz: 4.4% 2112 MHz: 1.2% 2352 MHz: 1.9% 2532 MHz: .97% 2592 MHz: 2.7%)
E-Cluster idle residency:  57.20%
E-Cluster down residency:   0.00%
CPU 0 frequency: 1365 MHz
CPU 0 active residency:  20.79% (1020 MHz:  12% 1404 MHz: 3.2% 1788 MHz: 2.1% 2112 MHz: .57% 2352 MHz: .88% 2532 MHz: .57% 2592 MHz: 1.1%)
CPU 0 idle residency:  79.21%
CPU 0 down residency:   0.00%
CPU 1 frequency: 1349 MHz
CPU 1 active residency:  18.48% (1020 MHz:  11% 1404 MHz: 3.0% 1788 MHz: 2.0% 2112 MHz: .35% 2352 MHz: .80% 2532 MHz: .42% 2592 MHz: .83%)
CPU 1 idle residency:  81.52%
CPU 1 down residency:   0.00%
CPU 2 frequency: 1399 MHz
CPU 2 active residency:  13.05% (1020 MHz: 7.5% 1404 MHz: 1.4% 1788 MHz: 1.8% 2112 MHz: .84% 2352 MHz: 1.0% 2532 MHz: .20% 2592 MHz: .28%)
CPU 2 idle residency:  86.95%
CPU 2 down residency:   0.00%
CPU 3 frequency: 1373 MHz
CPU 3 active residency:   7.01% (1020 MHz: 4.2% 1404 MHz: .76% 1788 MHz: 1.1% 2112 MHz: .21% 2352 MHz: .41% 2532 MHz: .08% 2592 MHz: .30%)
CPU 3 idle residency:  92.99%
CPU 3 down residency:   0.00%

P0-Cluster Online: 3%
P0-Cluster HW active frequency: 1260 MHz
P0-Cluster HW active residency:   0.42% (1260 MHz: .42% 1512 MHz:   0% 1800 MHz:   0% 2088 MHz:   0% 2352 MHz:   0% 2616 MHz:   0% 2868 MHz:   0% 3096 MHz:   0% 3300 MHz:   0% 3468 MHz:   0% 3624 MHz:   0% 3756 MHz:   0% 3828 MHz:   0% 3888 MHz:   0% 3948 MHz:   0% 3996 MHz:   0% 4044 MHz:   0% 4104 MHz:   0% 4416 MHz:   0% 4512 MHz:   0%)
P0-Cluster idle residency:   2.07%
P0-Cluster down residency:  97.51%
CPU 4 frequency: 0 MHz
CPU 4 active residency:   0.00% (1260 MHz:   0% 1512 MHz:   0% 1800 MHz:   0% 2088 MHz:   0% 2352 MHz:   0% 2616 MHz:   0% 2868 MHz:   0% 3096 MHz:   0% 3300 MHz:   0% 3468 MHz:   0% 3624 MHz:   0% 3756 MHz:   0% 3828 MHz:   0% 3888 MHz:   0% 3948 MHz:   0% 3996 MHz:   0% 4044 MHz:   0% 4104 MHz:   0% 4416 MHz:   0% 4512 MHz:   0%)
CPU 4 idle residency:   2.37%
CPU 4 down residency:  97.63%
CPU 5 frequency: 0 MHz
CPU 5 active residency:   0.00% (1260 MHz:   0% 1512 MHz:   0% 1800 MHz:   0% 2088 MHz:   0% 2352 MHz:   0% 2616 MHz:   0% 2868 MHz:   0% 3096 MHz:   0% 3300 MHz:   0% 3468 MHz:   0% 3624 MHz:   0% 3756 MHz:   0% 3828 MHz:   0% 3888 MHz:   0% 3948 MHz:   0% 3996 MHz:   0% 4044 MHz:   0% 4104 MHz:   0% 4416 MHz:   0% 4512 MHz:   0%)
CPU 5 idle residency:   2.37%
CPU 5 down residency:  97.63%
CPU 6 frequency: 0 MHz
CPU 6 active residency:   0.00% (1260 MHz:   0% 1512 MHz:   0% 1800 MHz:   0% 2088 MHz:   0% 2352 MHz:   0% 2616 MHz:   0% 2868 MHz:   0% 3096 MHz:   0% 3300 MHz:   0% 3468 MHz:   0% 3624 MHz:   0% 3756 MHz:   0% 3828 MHz:   0% 3888 MHz:   0% 3948 MHz:   0% 3996 MHz:   0% 4044 MHz:   0% 4104 MHz:   0% 4416 MHz:   0% 4512 MHz:   0%)
CPU 6 idle residency:   2.37%
CPU 6 down residency:  97.63%
CPU 7 frequency: 0 MHz
CPU 7 active residency:   0.00% (1260 MHz:   0% 1512 MHz:   0% 1800 MHz:   0% 2088 MHz:   0% 2352 MHz:   0% 2616 MHz:   0% 2868 MHz:   0% 3096 MHz:   0% 3300 MHz:   0% 3468 MHz:   0% 3624 MHz:   0% 3756 MHz:   0% 3828 MHz:   0% 3888 MHz:   0% 3948 MHz:   0% 3996 MHz:   0% 4044 MHz:   0% 4104 MHz:   0% 4416 MHz:   0% 4512 MHz:   0%)
CPU 7 idle residency:   2.37%
CPU 7 down residency:  97.63%
CPU 8 frequency: 0 MHz
CPU 8 active residency:   0.00% (1260 MHz:   0% 1512 MHz:   0% 1800 MHz:   0% 2088 MHz:   0% 2352 MHz:   0% 2616 MHz:   0% 2868 MHz:   0% 3096 MHz:   0% 3300 MHz:   0% 3468 MHz:   0% 3624 MHz:   0% 3756 MHz:   0% 3828 MHz:   0% 3888 MHz:   0% 3948 MHz:   0% 3996 MHz:   0% 4044 MHz:   0% 4104 MHz:   0% 4416 MHz:   0% 4512 MHz:   0%)
CPU 8 idle residency:   2.37%
CPU 8 down residency:  97.63%
CPU 9 frequency: 0 MHz
CPU 9 active residency:   0.00% (1260 MHz:   0% 1512 MHz:   0% 1800 MHz:   0% 2088 MHz:   0% 2352 MHz:   0% 2616 MHz:   0% 2868 MHz:   0% 3096 MHz:   0% 3300 MHz:   0% 3468 MHz:   0% 3624 MHz:   0% 3756 MHz:   0% 3828 MHz:   0% 3888 MHz:   0% 3948 MHz:   0% 3996 MHz:   0% 4044 MHz:   0% 4104 MHz:   0% 4416 MHz:   0% 4512 MHz:   0%)
CPU 9 idle residency:   2.37%
CPU 9 down residency:  97.63%

P1-Cluster HW active frequency: 3409 MHz
P1-Cluster HW active residency:  56.39% (1260 MHz: 2.2% 1512 MHz: .04% 1800 MHz: .04% 2088 MHz: .00% 2352 MHz: 4.3% 2616 MHz:  14% 2868 MHz: .39% 3096 MHz: .77% 3300 MHz: .39% 3468 MHz: .39% 3624 MHz: .39% 3756 MHz:   0% 3828 MHz: .38% 3888 MHz: .90% 3948 MHz: 3.7% 3996 MHz: 4.5% 4044 MHz:  23% 4104 MHz:   0% 4416 MHz: .07% 4512 MHz: .54%)
P1-Cluster idle residency:  25.09%
P1-Cluster down residency:  18.52%
CPU 10 frequency: 3777 MHz
CPU 10 active residency:  23.95% (1260 MHz: .11% 1512 MHz: .01% 1800 MHz:   0% 2088 MHz:   0% 2352 MHz: 2.1% 2616 MHz: 5.6% 2868 MHz: .21% 3096 MHz: .49% 3300 MHz: .26% 3468 MHz: .27% 3624 MHz: .10% 3756 MHz:   0% 3828 MHz: .21% 3888 MHz:   0% 3948 MHz:   0% 3996 MHz: .15% 4044 MHz:   0% 4104 MHz: .15% 4416 MHz: .22% 4512 MHz:  14%)
CPU 10 idle residency:  57.52%
CPU 10 down residency:  18.53%
CPU 11 frequency: 3454 MHz
CPU 11 active residency:  29.22% (1260 MHz: .13% 1512 MHz: .00% 1800 MHz: .03% 2088 MHz: .00% 2352 MHz: 3.3% 2616 MHz:  10% 2868 MHz: .39% 3096 MHz: .77% 3300 MHz: .39% 3468 MHz: .39% 3624 MHz: .39% 3756 MHz:   0% 3828 MHz: .39% 3888 MHz:   0% 3948 MHz:   0% 3996 MHz: .39% 4044 MHz:   0% 4104 MHz: .39% 4416 MHz: .39% 4512 MHz:  12%)
CPU 11 idle residency:  52.26%
CPU 11 down residency:  18.52%
CPU 12 frequency: 3237 MHz
CPU 12 active residency:  21.26% (1260 MHz: .10% 1512 MHz:   0% 1800 MHz: .00% 2088 MHz: .00% 2352 MHz: 3.3% 2616 MHz: 9.2% 2868 MHz: .22% 3096 MHz: .54% 3300 MHz: .28% 3468 MHz: .23% 3624 MHz: .19% 3756 MHz:   0% 3828 MHz: .24% 3888 MHz:   0% 3948 MHz:   0% 3996 MHz: .26% 4044 MHz:   0% 4104 MHz: .24% 4416 MHz: .23% 4512 MHz: 6.3%)
CPU 12 idle residency:  60.22%
CPU 12 down residency:  18.52%
CPU 13 frequency: 3422 MHz
CPU 13 active residency:  26.09% (1260 MHz: .10% 1512 MHz: .00% 1800 MHz: .00% 2088 MHz:   0% 2352 MHz: 2.9% 2616 MHz:  10% 2868 MHz: .26% 3096 MHz: .57% 3300 MHz: .27% 3468 MHz: .23% 3624 MHz: .26% 3756 MHz:   0% 3828 MHz: .23% 3888 MHz:   0% 3948 MHz:   0% 3996 MHz: .24% 4044 MHz:   0% 4104 MHz: .22% 4416 MHz: .24% 4512 MHz:  10%)
CPU 13 idle residency:  55.38%
CPU 13 down residency:  18.52%
CPU 14 frequency: 3496 MHz
CPU 14 active residency:   7.17% (1260 MHz: .09% 1512 MHz:   0% 1800 MHz:   0% 2088 MHz:   0% 2352 MHz: .73% 2616 MHz: 2.6% 2868 MHz: .03% 3096 MHz: .09% 3300 MHz: .06% 3468 MHz: .13% 3624 MHz: .11% 3756 MHz:   0% 3828 MHz: .04% 3888 MHz:   0% 3948 MHz:   0% 3996 MHz: .06% 4044 MHz:   0% 4104 MHz: .04% 4416 MHz: .04% 4512 MHz: 3.2%)
CPU 14 idle residency:  74.30%
CPU 14 down residency:  18.52%
CPU 15 frequency: 3304 MHz
CPU 15 active residency:   4.35% (1260 MHz: .11% 1512 MHz:   0% 1800 MHz:   0% 2088 MHz:   0% 2352 MHz: .14% 2616 MHz: 2.3% 2868 MHz:   0% 3096 MHz: .12% 3300 MHz: .02% 3468 MHz:   0% 3624 MHz:   0% 3756 MHz:   0% 3828 MHz:   0% 3888 MHz:   0% 3948 MHz:   0% 3996 MHz: .04% 4044 MHz:   0% 4104 MHz:   0% 4416 MHz: .01% 4512 MHz: 1.6%)
CPU 15 idle residency:  77.12%
CPU 15 down residency:  18.52%

CPU Power: 2401 mW
GPU Power: 6530 mW
ANE Power: 0 mW
Combined Power (CPU + GPU + ANE): 8931 mW

**** GPU usage ****

GPU HW active frequency: 1578 MHz
GPU HW active residency:  25.65% (338 MHz:   0% 618 MHz:   0% 796 MHz:   0% 924 MHz:   0% 952 MHz:   0% 1056 MHz:   0% 1062 MHz:   0% 1182 MHz:   0% 1182 MHz:   0% 1312 MHz:   0% 1242 MHz:   0% 1380 MHz:   0% 1326 MHz:   0% 1470 MHz:   0% 1578 MHz:  26%)
GPU SW requested state: (P1 :   0% P2 :   0% P3 :   0% P4 :   0% P5 :   0% P6 :   0% P7 :   0% P8 :   0% P9 :   0% P10 : 100% P11 :   0% P12 :   0% P13 :   0% P14 :   0% P15 :   0%)
GPU SW state: (SW_P1 :   0% SW_P2 :   0% SW_P3 :   0% SW_P4 :   0% SW_P5 :   0% SW_P6 :   0% SW_P7 :   0% SW_P8 :   0% SW_P9 :   0% SW_P10 :  26% SW_P11 :   0% SW_P12 :   0% SW_P13 :   0% SW_P14 :   0% SW_P15 :   0%)
GPU idle residency:  74.35%
GPU Power: 6327 mW

