Machine model: Mac16,5
OS version: 24G419
Boot arguments: 
Boot time: Sun Jan 18 19:40:47 2026



*** Sampled system activity (Tue Jan 20 11:33:21 2026 +0100) (1017.32ms elapsed) ***


**** Processor usage ****

E-Cluster Online: 100%
E-Cluster HW active frequency: 2028 MHz
E-Cluster HW active residency:  67.09% (1020 MHz:  13% 1404 MHz: 8.0% 1788 MHz: 6.0% 2112 MHz: 5.2% 2352 MHz: 5.2% 2532 MHz: 1.4% 2592 MHz:  29%)
E-Cluster idle residency:  32.91%
E-Cluster down residency:   0.00%
CPU 0 frequency: 2012 MHz
CPU 0 active residency:  38.06% (1020 MHz: 7.1% 1404 MHz: 5.1% 1788 MHz: 3.2% 2112 MHz: 3.0% 2352 MHz: 3.2% 2532 MHz: .91% 2592 MHz:  16%)
CPU 0 idle residency:  61.94%
CPU 0 down residency:   0.00%
CPU 1 frequency: 2051 MHz
CPU 1 active residency:  26.80% (1020 MHz: 3.7% 1404 MHz: 3.8% 1788 MHz: 3.0% 2112 MHz: 2.3% 2352 MHz: 2.4% 2532 MHz: .52% 2592 MHz:  11%)
CPU 1 idle residency:  73.20%
CPU 1 down residency:   0.00%
CPU 2 frequency: 2076 MHz
CPU 2 active residency:  20.36% (1020 MHz: 2.3% 1404 MHz: 3.3% 1788 MHz: 1.8% 2112 MHz: 2.0% 2352 MHz: 2.3% 2532 MHz: .30% 2592 MHz: 8.3%)
CPU 2 idle residency:  79.64%
CPU 2 down residency:   0.00%
CPU 3 frequency: 2189 MHz
CPU 3 active residency:  14.90% (1020 MHz: 1.2% 1404 MHz: 2.1% 1788 MHz: .95% 2112 MHz: 1.2% 2352 MHz: 1.2% 2532 MHz: .23% 2592 MHz: 8.1%)
CPU 3 idle residency:  85.10%
CPU 3 down residency:   0.00%

P0-Cluster Online: 83%
P0-Cluster HW active frequency: 3216 MHz
P0-Cluster HW active residency:  64.26% (1260 MHz:  11% 1512 MHz: .53% 1800 MHz: 3.6% 2088 MHz: 1.1% 2352 MHz: 2.1% 2616 MHz: 2.9% 2868 MHz: 1.3% 3096 MHz: .64% 3300 MHz: .01% 3468 MHz:   0% 3624 MHz: .47% 3756 MHz:   0% 3828 MHz:   0% 3888 MHz: 8.3% 3948 MHz:  15% 3996 MHz: 5.8% 4044 MHz: 9.0% 4104 MHz:   0% 4416 MHz: .51% 4512 MHz: 1.9%)
P0-Cluster idle residency:  18.20%
P0-Cluster down residency:  17.54%
CPU 4 frequency: 3944 MHz
CPU 4 active residency:  34.70% (1260 MHz: .18% 1512 MHz: .41% 1800 MHz: 2.8% 2088 MHz: .51% 2352 MHz: 1.4% 2616 MHz: 1.7% 2868 MHz: .81% 3096 MHz: .50% 3300 MHz: .00% 3468 MHz:   0% 3624 MHz: .19% 3756 MHz:   0% 3828 MHz:   0% 3888 MHz:   0% 3948 MHz: .94% 3996 MHz:   0% 4044 MHz: .17% 4104 MHz:   0% 4416 MHz: .01% 4512 MHz:  25%)
CPU 4 idle residency:  47.75%
CPU 4 down residency:  17.56%
CPU 5 frequency: 3802 MHz
CPU 5 active residency:  26.29% (1260 MHz: .41% 1512 MHz: .14% 1800 MHz: 1.9% 2088 MHz: .76% 2352 MHz: 1.6% 2616 MHz: 1.8% 2868 MHz: 1.0% 3096 MHz: .53% 3300 MHz:   0% 3468 MHz:   0% 3624 MHz: .24% 3756 MHz:   0% 3828 MHz:   0% 3888 MHz:   0% 3948 MHz: .76% 3996 MHz:   0% 4044 MHz: .17% 4104 MHz:   0% 4416 MHz: .31% 4512 MHz:  17%)
CPU 5 idle residency:  56.16%
CPU 5 down residency:  17.55%
CPU 6 frequency: 4101 MHz
CPU 6 active residency:  32.86% (1260 MHz: .23% 1512 MHz: .23% 1800 MHz: 2.1% 2088 MHz: .23% 2352 MHz: .92% 2616 MHz: .95% 2868 MHz: .75% 3096 MHz: .24% 3300 MHz:   0% 3468 MHz:   0% 3624 MHz: .14% 3756 MHz:   0% 3828 MHz:   0% 3888 MHz:   0% 3948 MHz: .44% 3996 MHz:   0% 4044 MHz: .17% 4104 MHz:   0% 4416 MHz: .00% 4512 MHz:  26%)
CPU 6 idle residency:  49.59%
CPU 6 down residency:  17.55%
CPU 7 frequency: 4063 MHz
CPU 7 active residency:  23.94% (1260 MHz: .16% 1512 MHz: .40% 1800 MHz: 1.2% 2088 MHz: .20% 2352 MHz: .65% 2616 MHz: .85% 2868 MHz: .76% 3096 MHz: .23% 3300 MHz:   0% 3468 MHz:   0% 3624 MHz: .08% 3756 MHz:   0% 3828 MHz:   0% 3888 MHz:   0% 3948 MHz: .79% 3996 MHz:   0% 4044 MHz: .17% 4104 MHz:   0% 4416 MHz: .00% 4512 MHz:  18%)
CPU 7 idle residency:  58.50%
CPU 7 down residency:  17.56%
CPU 8 frequency: 4028 MHz
CPU 8 active residency:  26.00% (1260 MHz: .20% 1512 MHz: .12% 1800 MHz: 1.5% 2088 MHz: .18% 2352 MHz: 1.0% 2616 MHz: 1.5% 2868 MHz: .70% 3096 MHz: .20% 3300 MHz: .01% 3468 MHz:   0% 3624 MHz: .25% 3756 MHz:   0% 3828 MHz:   0% 3888 MHz:   0% 3948 MHz: .48% 3996 MHz:   0% 4044 MHz: .17% 4104 MHz:   0% 4416 MHz: .45% 4512 MHz:  19%)
CPU 8 idle residency:  56.44%
CPU 8 down residency:  17.56%
CPU 9 frequency: 4046 MHz
CPU 9 active residency:   7.67% (1260 MHz: .12% 1512 MHz: .03% 1800 MHz: .24% 2088 MHz: .43% 2352 MHz: .11% 2616 MHz: .42% 2868 MHz: .08% 3096 MHz: .04% 3300 MHz:   0% 3468 MHz:   0% 3624 MHz: .07% 3756 MHz:   0% 3828 MHz:   0% 3888 MHz:   0% 3948 MHz: .09% 3996 MHz:   0% 4044 MHz: .17% 4104 MHz:   0% 4416 MHz: .25% 4512 MHz: 5.6%)
CPU 9 idle residency:  74.77%
CPU 9 down residency:  17.55%

P1-Cluster HW active frequency: 2941 MHz
P1-Cluster HW active residency:  52.79% (1260 MHz: 2.5% 1512 MHz: .06% 1800 MHz: .65% 2088 MHz: 2.5% 2352 MHz: 8.4% 2616 MHz:  16% 2868 MHz: 1.3% 3096 MHz: 1.7% 3300 MHz: 2.1% 3468 MHz: 2.1% 3624 MHz: 1.7% 3756 MHz: 1.1% 3828 MHz: .91% 3888 MHz: 5.1% 3948 MHz: 4.0% 3996 MHz: 1.6% 4044 MHz: 1.4% 4104 MHz:   0% 4416 MHz: .04% 4512 MHz: .10%)
P1-Cluster idle residency:  12.06%
P1-Cluster down residency:  35.15%
CPU 10 frequency: 4001 MHz
CPU 10 active residency:  66.87% (1260 MHz: .33% 1512 MHz: .29% 1800 MHz: .88% 2088 MHz: .78% 2352 MHz: 2.8% 2616 MHz: 5.9% 2868 MHz: .62% 3096 MHz: 1.3% 3300 MHz: 1.5% 3468 MHz: 1.2% 3624 MHz: 1.1% 3756 MHz: .51% 3828 MHz: .51% 3888 MHz: .46% 3948 MHz: .74% 3996 MHz: .39% 4044 MHz: 1.0% 4104 MHz: 3.4% 4416 MHz: 3.6% 4512 MHz:  40%)
CPU 10 idle residency:  15.47%
CPU 10 down residency:  17.66%
CPU 11 frequency: 3973 MHz
CPU 11 active residency:  65.75% (1260 MHz: .53% 1512 MHz: .51% 1800 MHz: .87% 2088 MHz: .61% 2352 MHz: 3.2% 2616 MHz: 5.9% 2868 MHz: .80% 3096 MHz: 1.1% 3300 MHz: 1.4% 3468 MHz: 1.1% 3624 MHz: .90% 3756 MHz: .55% 3828 MHz: .38% 3888 MHz: .38% 3948 MHz: .68% 3996 MHz: .33% 4044 MHz: 1.0% 4104 MHz: 3.2% 4416 MHz: 3.5% 4512 MHz:  39%)
CPU 11 idle residency:  16.44%
CPU 11 down residency:  17.81%
CPU 12 frequency: 4039 MHz
CPU 12 active residency:  62.58% (1260 MHz: .33% 1512 MHz: .82% 1800 MHz: 1.1% 2088 MHz: .46% 2352 MHz: 1.7% 2616 MHz: 3.9% 2868 MHz: .75% 3096 MHz: 1.1% 3300 MHz: 1.4% 3468 MHz: 1.5% 3624 MHz: 1.5% 3756 MHz: .81% 3828 MHz: .41% 3888 MHz: .37% 3948 MHz: .66% 3996 MHz: .18% 4044 MHz: .95% 4104 MHz: 2.8% 4416 MHz: 3.7% 4512 MHz:  38%)
CPU 12 idle residency:  19.61%
CPU 12 down residency:  17.81%
CPU 13 frequency: 3969 MHz
CPU 13 active residency:  62.91% (1260 MHz: .34% 1512 MHz: .75% 1800 MHz: 1.3% 2088 MHz: 1.2% 2352 MHz: 3.3% 2616 MHz: 3.3% 2868 MHz: .57% 3096 MHz: 1.3% 3300 MHz: 1.8% 3468 MHz: 1.2% 3624 MHz: 1.0% 3756 MHz: .65% 3828 MHz: .68% 3888 MHz: .59% 3948 MHz: .80% 3996 MHz: .46% 4044 MHz: 1.3% 4104 MHz: 2.9% 4416 MHz: 3.8% 4512 MHz:  36%)
CPU 13 idle residency:  19.55%
CPU 13 down residency:  17.54%
CPU 14 frequency: 4025 MHz
CPU 14 active residency:  63.70% (1260 MHz: .31% 1512 MHz: .15% 1800 MHz: 1.0% 2088 MHz: .71% 2352 MHz: 2.5% 2616 MHz: 5.7% 2868 MHz: .67% 3096 MHz: 1.3% 3300 MHz: 1.5% 3468 MHz: .63% 3624 MHz: .65% 3756 MHz: .20% 3828 MHz: .23% 3888 MHz: .24% 3948 MHz: .78% 3996 MHz: .35% 4044 MHz: .98% 4104 MHz: 2.7% 4416 MHz: 2.9% 4512 MHz:  40%)
CPU 14 idle residency:  17.90%
CPU 14 down residency:  18.40%
CPU 15 frequency: 4196 MHz
CPU 15 active residency:  56.94% (1260 MHz: .26% 1512 MHz: .03% 1800 MHz: .32% 2088 MHz: .15% 2352 MHz: .86% 2616 MHz: 2.6% 2868 MHz: .65% 3096 MHz: .62% 3300 MHz: .85% 3468 MHz: 1.2% 3624 MHz: 1.4% 3756 MHz: .62% 3828 MHz: .70% 3888 MHz: .52% 3948 MHz: .84% 3996 MHz: .40% 4044 MHz: .98% 4104 MHz: 2.3% 4416 MHz: 2.4% 4512 MHz:  39%)
CPU 15 idle residency:  24.49%
CPU 15 down residency:  18.56%

CPU Power: 4632 mW
GPU Power: 24575 mW
ANE Power: 0 mW
Combined Power (CPU + GPU + ANE): 29207 mW

**** GPU usage ****

GPU HW active frequency: 1578 MHz
GPU HW active residency: 100.00% (338 MHz:   0% 618 MHz:   0% 796 MHz:   0% 924 MHz:   0% 952 MHz:   0% 1056 MHz:   0% 1062 MHz:   0% 1182 MHz:   0% 1182 MHz:   0% 1312 MHz:   0% 1242 MHz:   0% 1380 MHz:   0% 1326 MHz:   0% 1470 MHz:   0% 1578 MHz: 100%)
GPU SW requested state: (P1 :   0% P2 :   0% P3 :   0% P4 :   0% P5 :   0% P6 :   0% P7 :   0% P8 :   0% P9 :   0% P10 : 100% P11 :   0% P12 :   0% P13 :   0% P14 :   0% P15 :   0%)
GPU SW state: (SW_P1 :   0% SW_P2 :   0% SW_P3 :   0% SW_P4 :   0% SW_P5 :   0% SW_P6 :   0% SW_P7 :   0% SW_P8 :   0% SW_P9 :   0% SW_P10 : 100% SW_P11 :   0% SW_P12 :   0% SW_P13 :   0% SW_P14 :   0% SW_P15 :   0%)
GPU idle residency:   0.00%
GPU Power: 24575 mW



*** Sampled system activity (Tue Jan 20 11:33:22 2026 +0100) (1017.99ms elapsed) ***


**** Processor usage ****

E-Cluster Online: 100%
E-Cluster HW active frequency: 1323 MHz
E-Cluster HW active residency:  70.73% (1020 MHz:  52% 1404 MHz: 5.5% 1788 MHz: 1.3% 2112 MHz: .14% 2352 MHz: 1.0% 2532 MHz: .60% 2592 MHz:  10%)
E-Cluster idle residency:  29.27%
E-Cluster down residency:   0.00%
CPU 0 frequency: 1317 MHz
CPU 0 active residency:  40.09% (1020 MHz:  30% 1404 MHz: 3.1% 1788 MHz: .67% 2112 MHz: .08% 2352 MHz: .90% 2532 MHz: .47% 2592 MHz: 5.2%)
CPU 0 idle residency:  59.91%
CPU 0 down residency:   0.00%
CPU 1 frequency: 1294 MHz
CPU 1 active residency:  29.52% (1020 MHz:  22% 1404 MHz: 2.1% 1788 MHz: .65% 2112 MHz: .04% 2352 MHz: .55% 2532 MHz: .34% 2592 MHz: 3.5%)
CPU 1 idle residency:  70.48%
CPU 1 down residency:   0.00%
CPU 2 frequency: 1266 MHz
CPU 2 active residency:  21.26% (1020 MHz:  16% 1404 MHz: 1.7% 1788 MHz: .69% 2112 MHz: .03% 2352 MHz: .49% 2532 MHz: .41% 2592 MHz: 1.8%)
CPU 2 idle residency:  78.74%
CPU 2 down residency:   0.00%
CPU 3 frequency: 1284 MHz
CPU 3 active residency:  12.42% (1020 MHz: 9.5% 1404 MHz: .79% 1788 MHz: .34% 2112 MHz: .04% 2352 MHz: .37% 2532 MHz: .34% 2592 MHz: 1.1%)
CPU 3 idle residency:  87.58%
CPU 3 down residency:   0.00%

P0-Cluster Online: 17%
P0-Cluster HW active frequency: 1480 MHz
P0-Cluster HW active residency:   4.24% (1260 MHz: 3.4% 1512 MHz:   0% 1800 MHz: .10% 2088 MHz:   0% 2352 MHz: .26% 2616 MHz: .37% 2868 MHz: .05% 3096 MHz:   0% 3300 MHz:   0% 3468 MHz:   0% 3624 MHz:   0% 3756 MHz:   0% 3828 MHz:   0% 3888 MHz:   0% 3948 MHz:   0% 3996 MHz:   0% 4044 MHz:   0% 4104 MHz:   0% 4416 MHz:   0% 4512 MHz:   0%)
P0-Cluster idle residency:   9.77%
P0-Cluster down residency:  86.00%
CPU 4 frequency: 1333 MHz
CPU 4 active residency:   0.59% (1260 MHz: .56% 1512 MHz:   0% 1800 MHz:   0% 2088 MHz:   0% 2352 MHz:   0% 2616 MHz: .03% 2868 MHz:   0% 3096 MHz:   0% 3300 MHz:   0% 3468 MHz:   0% 3624 MHz:   0% 3756 MHz:   0% 3828 MHz:   0% 3888 MHz:   0% 3948 MHz:   0% 3996 MHz:   0% 4044 MHz:   0% 4104 MHz:   0% 4416 MHz:   0% 4512 MHz:   0%)
CPU 4 idle residency:  13.30%
CPU 4 down residency:  86.11%
CPU 5 frequency: 1333 MHz
CPU 5 active residency:   0.59% (1260 MHz: .56% 1512 MHz:   0% 1800 MHz: .00% 2088 MHz:   0% 2352 MHz:   0% 2616 MHz: .03% 2868 MHz:   0% 3096 MHz:   0% 3300 MHz:   0% 3468 MHz:   0% 3624 MHz:   0% 3756 MHz:   0% 3828 MHz:   0% 3888 MHz:   0% 3948 MHz:   0% 3996 MHz:   0% 4044 MHz:   0% 4104 MHz:   0% 4416 MHz:   0% 4512 MHz:   0%)
CPU 5 idle residency:  13.31%
CPU 5 down residency:  86.09%
CPU 6 frequency: 1334 MHz
CPU 6 active residency:   0.58% (1260 MHz: .55% 1512 MHz:   0% 1800 MHz:   0% 2088 MHz:   0% 2352 MHz:   0% 2616 MHz: .03% 2868 MHz:   0% 3096 MHz:   0% 3300 MHz:   0% 3468 MHz:   0% 3624 MHz:   0% 3756 MHz:   0% 3828 MHz:   0% 3888 MHz:   0% 3948 MHz:   0% 3996 MHz:   0% 4044 MHz:   0% 4104 MHz:   0% 4416 MHz:   0% 4512 MHz:   0%)
CPU 6 idle residency:  13.32%
CPU 6 down residency:  86.09%
CPU 7 frequency: 1666 MHz
CPU 7 active residency:   0.79% (1260 MHz: .56% 1512 MHz:   0% 1800 MHz:   0% 2088 MHz:   0% 2352 MHz:   0% 2616 MHz: .24% 2868 MHz:   0% 3096 MHz:   0% 3300 MHz:   0% 3468 MHz:   0% 3624 MHz:   0% 3756 MHz:   0% 3828 MHz:   0% 3888 MHz:   0% 3948 MHz:   0% 3996 MHz:   0% 4044 MHz:   0% 4104 MHz:   0% 4416 MHz:   0% 4512 MHz:   0%)
CPU 7 idle residency:  13.11%
CPU 7 down residency:  86.10%
CPU 8 frequency: 1338 MHz
CPU 8 active residency:   0.60% (1260 MHz: .56% 1512 MHz:   0% 1800 MHz: .00% 2088 MHz:   0% 2352 MHz:   0% 2616 MHz: .03% 2868 MHz:   0% 3096 MHz:   0% 3300 MHz:   0% 3468 MHz:   0% 3624 MHz:   0% 3756 MHz:   0% 3828 MHz:   0% 3888 MHz:   0% 3948 MHz:   0% 3996 MHz:   0% 4044 MHz:   0% 4104 MHz:   0% 4416 MHz:   0% 4512 MHz:   0%)
CPU 8 idle residency:  13.31%
CPU 8 down residency:  86.10%
CPU 9 frequency: 1620 MHz
CPU 9 active residency:   0.87% (1260 MHz: .57% 1512 MHz:   0% 1800 MHz: .05% 2088 MHz:   0% 2352 MHz: .22% 2616 MHz: .03% 2868 MHz: .01% 3096 MHz:   0% 3300 MHz:   0% 3468 MHz:   0% 3624 MHz:   0% 3756 MHz:   0% 3828 MHz:   0% 3888 MHz:   0% 3948 MHz:   0% 3996 MHz:   0% 4044 MHz:   0% 4104 MHz:   0% 4416 MHz:   0% 4512 MHz:   0%)
CPU 9 idle residency:  13.03%
CPU 9 down residency:  86.09%

P1-Cluster HW active frequency: 2753 MHz
P1-Cluster HW active residency:  95.39% (1260 MHz: .42% 1512 MHz: .01% 1800 MHz: 1.8% 2088 MHz: 2.7% 2352 MHz:  12% 2616 MHz:  50% 2868 MHz:  11% 3096 MHz: 5.9% 3300 MHz: 1.5% 3468 MHz: .46% 3624 MHz:   0% 3756 MHz:   0% 3828 MHz: .39% 3888 MHz: 3.3% 3948 MHz: 3.0% 3996 MHz: 1.9% 4044 MHz: 1.0% 4104 MHz:   0% 4416 MHz:   0% 4512 MHz:   0%)
P1-Cluster idle residency:   4.61%
P1-Cluster down residency:   0.00%
CPU 10 frequency: 3047 MHz
CPU 10 active residency:  40.08% (1260 MHz: .02% 1512 MHz:   0% 1800 MHz: .90% 2088 MHz: .74% 2352 MHz: 4.0% 2616 MHz:  18% 2868 MHz: 3.6% 3096 MHz: 3.1% 3300 MHz: 1.2% 3468 MHz: .20% 3624 MHz:   0% 3756 MHz:   0% 3828 MHz: .28% 3888 MHz: .08% 3948 MHz:   0% 3996 MHz:   0% 4044 MHz:   0% 4104 MHz:   0% 4416 MHz: .39% 4512 MHz: 7.9%)
CPU 10 idle residency:  59.92%
CPU 10 down residency:   0.00%
CPU 11 frequency: 3047 MHz
CPU 11 active residency:  26.16% (1260 MHz: .02% 1512 MHz:   0% 1800 MHz: 1.2% 2088 MHz: 1.8% 2352 MHz: 2.0% 2616 MHz: 9.9% 2868 MHz: 2.7% 3096 MHz: 1.6% 3300 MHz: .42% 3468 MHz: .16% 3624 MHz:   0% 3756 MHz:   0% 3828 MHz: .32% 3888 MHz: .07% 3948 MHz:   0% 3996 MHz:   0% 4044 MHz:   0% 4104 MHz:   0% 4416 MHz: .34% 4512 MHz: 5.7%)
CPU 11 idle residency:  73.84%
CPU 11 down residency:   0.00%
CPU 12 frequency: 3150 MHz
CPU 12 active residency:  22.29% (1260 MHz: .03% 1512 MHz:   0% 1800 MHz: .92% 2088 MHz: 1.9% 2352 MHz: .85% 2616 MHz: 8.1% 2868 MHz: 2.0% 3096 MHz: 1.0% 3300 MHz: .45% 3468 MHz: .22% 3624 MHz:   0% 3756 MHz:   0% 3828 MHz: .39% 3888 MHz: .03% 3948 MHz:   0% 3996 MHz:   0% 4044 MHz:   0% 4104 MHz:   0% 4416 MHz: .33% 4512 MHz: 6.0%)
CPU 12 idle residency:  77.71%
CPU 12 down residency:   0.00%
CPU 13 frequency: 2803 MHz
CPU 13 active residency:  57.63% (1260 MHz: .04% 1512 MHz: .00% 1800 MHz: .98% 2088 MHz: 1.2% 2352 MHz: 6.9% 2616 MHz:  32% 2868 MHz: 7.1% 3096 MHz: 3.3% 3300 MHz: 1.1% 3468 MHz: .28% 3624 MHz:   0% 3756 MHz:   0% 3828 MHz: .33% 3888 MHz: .08% 3948 MHz:   0% 3996 MHz:   0% 4044 MHz:   0% 4104 MHz:   0% 4416 MHz: .39% 4512 MHz: 4.5%)
CPU 13 idle residency:  42.37%
CPU 13 down residency:   0.00%
CPU 14 frequency: 2792 MHz
CPU 14 active residency:  60.07% (1260 MHz: .06% 1512 MHz: .01% 1800 MHz: 1.2% 2088 MHz: 1.4% 2352 MHz: 8.4% 2616 MHz:  32% 2868 MHz: 7.1% 3096 MHz: 2.7% 3300 MHz: .85% 3468 MHz: .24% 3624 MHz:   0% 3756 MHz:   0% 3828 MHz: .21% 3888 MHz: .07% 3948 MHz:   0% 3996 MHz:   0% 4044 MHz:   0% 4104 MHz:   0% 4416 MHz: .32% 4512 MHz: 5.2%)
CPU 14 idle residency:  39.93%
CPU 14 down residency:   0.00%
CPU 15 frequency: 2728 MHz
CPU 15 active residency:  55.82% (1260 MHz: .08% 1512 MHz: .01% 1800 MHz: .73% 2088 MHz: .57% 2352 MHz: 8.2% 2616 MHz:  32% 2868 MHz: 6.7% 3096 MHz: 2.9% 3300 MHz: 1.1% 3468 MHz: .43% 3624 MHz:   0% 3756 MHz:   0% 3828 MHz: .24% 3888 MHz: .08% 3948 MHz:   0% 3996 MHz:   0% 4044 MHz:   0% 4104 MHz:   0% 4416 MHz: .33% 4512 MHz: 2.2%)
CPU 15 idle residency:  44.18%
CPU 15 down residency:   0.00%

CPU Power: 2511 mW
GPU Power: 24717 mW
ANE Power: 0 mW
Combined Power (CPU + GPU + ANE): 27228 mW

**** GPU usage ****

GPU HW active frequency: 1578 MHz
GPU HW active residency: 100.00% (338 MHz:   0% 618 MHz:   0% 796 MHz:   0% 924 MHz:   0% 952 MHz:   0% 1056 MHz:   0% 1062 MHz:   0% 1182 MHz:   0% 1182 MHz:   0% 1312 MHz:   0% 1242 MHz:   0% 1380 MHz:   0% 1326 MHz:   0% 1470 MHz:   0% 1578 MHz: 100%)
GPU SW requested state: (P1 :   0% P2 :   0% P3 :   0% P4 :   0% P5 :   0% P6 :   0% P7 :   0% P8 :   0% P9 :   0% P10 : 100% P11 :   0% P12 :   0% P13 :   0% P14 :   0% P15 :   0%)
GPU SW state: (SW_P1 :   0% SW_P2 :   0% SW_P3 :   0% SW_P4 :   0% SW_P5 :   0% SW_P6 :   0% SW_P7 :   0% SW_P8 :   0% SW_P9 :   0% SW_P10 : 100% SW_P11 :   0% SW_P12 :   0% SW_P13 :   0% SW_P14 :   0% SW_P15 :   0%)
GPU idle residency:   0.00%
GPU Power: 24515 mW



*** Sampled system activity (Tue Jan 20 11:33:23 2026 +0100) (1017.78ms elapsed) ***


**** Processor usage ****

E-Cluster Online: 100%
E-Cluster HW active frequency: 1264 MHz
E-Cluster HW active residency:  66.47% (1020 MHz:  50% 1404 MHz: 3.5% 1788 MHz: 4.8% 2112 MHz: 1.7% 2352 MHz: 2.1% 2532 MHz: .97% 2592 MHz: 3.2%)
E-Cluster idle residency:  33.53%
E-Cluster down residency:   0.00%
CPU 0 frequency: 1284 MHz
CPU 0 active residency:  38.24% (1020 MHz:  28% 1404 MHz: 2.3% 1788 MHz: 3.3% 2112 MHz: 1.0% 2352 MHz: 1.7% 2532 MHz: .58% 2592 MHz: 1.5%)
CPU 0 idle residency:  61.76%
CPU 0 down residency:   0.00%
CPU 1 frequency: 1288 MHz
CPU 1 active residency:  26.53% (1020 MHz:  19% 1404 MHz: 1.3% 1788 MHz: 2.4% 2112 MHz: .75% 2352 MHz: 1.2% 2532 MHz: .37% 2592 MHz: 1.1%)
CPU 1 idle residency:  73.47%
CPU 1 down residency:   0.00%
CPU 2 frequency: 1346 MHz
CPU 2 active residency:  16.31% (1020 MHz:  11% 1404 MHz: .75% 1788 MHz: 2.0% 2112 MHz: .39% 2352 MHz: 1.2% 2532 MHz: .44% 2592 MHz: .54%)
CPU 2 idle residency:  83.69%
CPU 2 down residency:   0.00%
CPU 3 frequency: 1386 MHz
CPU 3 active residency:  14.32% (1020 MHz: 9.1% 1404 MHz: .99% 1788 MHz: 1.6% 2112 MHz: .54% 2352 MHz: .86% 2532 MHz: .51% 2592 MHz: .74%)
CPU 3 idle residency:  85.68%
CPU 3 down residency:   0.00%

P0-Cluster Online: 16%
P0-Cluster HW active frequency: 2154 MHz
P0-Cluster HW active residency:   7.28% (1260 MHz: 3.4% 1512 MHz: .15% 1800 MHz: .60% 2088 MHz:   0% 2352 MHz:   0% 2616 MHz: .32% 2868 MHz: .56% 3096 MHz: .74% 3300 MHz: .47% 3468 MHz: .56% 3624 MHz: .32% 3756 MHz: .11% 3828 MHz:   0% 3888 MHz: .01% 3948 MHz: .07% 3996 MHz:   0% 4044 MHz:   0% 4104 MHz:   0% 4416 MHz:   0% 4512 MHz:   0%)
P0-Cluster idle residency:   7.38%
P0-Cluster down residency:  85.34%
CPU 4 frequency: 0 MHz
CPU 4 active residency:   0.00% (1260 MHz:   0% 1512 MHz:   0% 1800 MHz:   0% 2088 MHz:   0% 2352 MHz:   0% 2616 MHz:   0% 2868 MHz:   0% 3096 MHz:   0% 3300 MHz:   0% 3468 MHz:   0% 3624 MHz:   0% 3756 MHz:   0% 3828 MHz:   0% 3888 MHz:   0% 3948 MHz:   0% 3996 MHz:   0% 4044 MHz:   0% 4104 MHz:   0% 4416 MHz:   0% 4512 MHz:   0%)
CPU 4 idle residency:  14.39%
CPU 4 down residency:  85.61%
CPU 5 frequency: 0 MHz
CPU 5 active residency:   0.00% (1260 MHz:   0% 1512 MHz:   0% 1800 MHz:   0% 2088 MHz:   0% 2352 MHz:   0% 2616 MHz:   0% 2868 MHz:   0% 3096 MHz:   0% 3300 MHz:   0% 3468 MHz:   0% 3624 MHz:   0% 3756 MHz:   0% 3828 MHz:   0% 3888 MHz:   0% 3948 MHz:   0% 3996 MHz:   0% 4044 MHz:   0% 4104 MHz:   0% 4416 MHz:   0% 4512 MHz:   0%)
CPU 5 idle residency:  12.75%
CPU 5 down residency:  87.25%
CPU 6 frequency: 0 MHz
CPU 6 active residency:   0.00% (1260 MHz:   0% 1512 MHz:   0% 1800 MHz:   0% 2088 MHz:   0% 2352 MHz:   0% 2616 MHz:   0% 2868 MHz:   0% 3096 MHz:   0% 3300 MHz:   0% 3468 MHz:   0% 3624 MHz:   0% 3756 MHz:   0% 3828 MHz:   0% 3888 MHz:   0% 3948 MHz:   0% 3996 MHz:   0% 4044 MHz:   0% 4104 MHz:   0% 4416 MHz:   0% 4512 MHz:   0%)
CPU 6 idle residency:  14.40%
CPU 6 down residency:  85.60%
CPU 7 frequency: 0 MHz
CPU 7 active residency:   0.00% (1260 MHz:   0% 1512 MHz:   0% 1800 MHz:   0% 2088 MHz:   0% 2352 MHz:   0% 2616 MHz:   0% 2868 MHz:   0% 3096 MHz:   0% 3300 MHz:   0% 3468 MHz:   0% 3624 MHz:   0% 3756 MHz:   0% 3828 MHz:   0% 3888 MHz:   0% 3948 MHz:   0% 3996 MHz:   0% 4044 MHz:   0% 4104 MHz:   0% 4416 MHz:   0% 4512 MHz:   0%)
CPU 7 idle residency:  14.40%
CPU 7 down residency:  85.60%
CPU 8 frequency: 0 MHz
CPU 8 active residency:   0.00% (1260 MHz:   0% 1512 MHz:   0% 1800 MHz:   0% 2088 MHz:   0% 2352 MHz:   0% 2616 MHz:   0% 2868 MHz:   0% 3096 MHz:   0% 3300 MHz:   0% 3468 MHz:   0% 3624 MHz:   0% 3756 MHz:   0% 3828 MHz:   0% 3888 MHz:   0% 3948 MHz:   0% 3996 MHz:   0% 4044 MHz:   0% 4104 MHz:   0% 4416 MHz:   0% 4512 MHz:   0%)
CPU 8 idle residency:  13.49%
CPU 8 down residency:  86.51%
CPU 9 frequency: 0 MHz
CPU 9 active residency:   0.00% (1260 MHz:   0% 1512 MHz:   0% 1800 MHz:   0% 2088 MHz:   0% 2352 MHz:   0% 2616 MHz:   0% 2868 MHz:   0% 3096 MHz:   0% 3300 MHz:   0% 3468 MHz:   0% 3624 MHz:   0% 3756 MHz:   0% 3828 MHz:   0% 3888 MHz:   0% 3948 MHz:   0% 3996 MHz:   0% 4044 MHz:   0% 4104 MHz:   0% 4416 MHz:   0% 4512 MHz:   0%)
CPU 9 idle residency:  13.82%
CPU 9 down residency:  86.18%

P1-Cluster HW active frequency: 2804 MHz
P1-Cluster HW active residency:  94.18% (1260 MHz: .69% 1512 MHz: .04% 1800 MHz:   0% 2088 MHz:   0% 2352 MHz:  16% 2616 MHz:  48% 2868 MHz: 3.4% 3096 MHz: 6.1% 3300 MHz: 4.5% 3468 MHz: 4.8% 3624 MHz: 5.3% 3756 MHz: 3.0% 3828 MHz: 1.3% 3888 MHz: 1.1% 3948 MHz: .16% 3996 MHz:   0% 4044 MHz:   0% 4104 MHz:   0% 4416 MHz:   0% 4512 MHz:   0%)
P1-Cluster idle residency:   5.82%
P1-Cluster down residency:   0.00%
CPU 10 frequency: 2795 MHz
CPU 10 active residency:  47.52% (1260 MHz: .03% 1512 MHz: .01% 1800 MHz:   0% 2088 MHz:   0% 2352 MHz: 9.5% 2616 MHz:  24% 2868 MHz: 1.6% 3096 MHz: 2.5% 3300 MHz: 2.2% 3468 MHz: 2.9% 3624 MHz: 1.9% 3756 MHz: 1.2% 3828 MHz: .94% 3888 MHz: .69% 3948 MHz: .18% 3996 MHz:   0% 4044 MHz:   0% 4104 MHz:   0% 4416 MHz:   0% 4512 MHz:   0%)
CPU 10 idle residency:  52.48%
CPU 10 down residency:   0.00%
CPU 11 frequency: 2829 MHz
CPU 11 active residency:  45.78% (1260 MHz: .13% 1512 MHz: .02% 1800 MHz:   0% 2088 MHz:   0% 2352 MHz: 7.9% 2616 MHz:  21% 2868 MHz: 2.6% 3096 MHz: 4.3% 3300 MHz: 2.9% 3468 MHz: 2.3% 3624 MHz: 1.9% 3756 MHz: 1.4% 3828 MHz: .66% 3888 MHz: .77% 3948 MHz: .06% 3996 MHz:   0% 4044 MHz:   0% 4104 MHz:   0% 4416 MHz:   0% 4512 MHz:   0%)
CPU 11 idle residency:  54.22%
CPU 11 down residency:   0.00%
CPU 12 frequency: 2811 MHz
CPU 12 active residency:  34.52% (1260 MHz: .04% 1512 MHz: .00% 1800 MHz:   0% 2088 MHz:   0% 2352 MHz: 7.9% 2616 MHz:  15% 2868 MHz: 1.3% 3096 MHz: 1.8% 3300 MHz: 1.4% 3468 MHz: 2.8% 3624 MHz: 2.0% 3756 MHz: .82% 3828 MHz: .76% 3888 MHz: .36% 3948 MHz: .02% 3996 MHz:   0% 4044 MHz:   0% 4104 MHz:   0% 4416 MHz:   0% 4512 MHz:   0%)
CPU 12 idle residency:  65.48%
CPU 12 down residency:   0.00%
CPU 13 frequency: 2815 MHz
CPU 13 active residency:  48.68% (1260 MHz: .10% 1512 MHz: .01% 1800 MHz:   0% 2088 MHz:   0% 2352 MHz: 8.0% 2616 MHz:  24% 2868 MHz: 2.7% 3096 MHz: 4.3% 3300 MHz: 3.2% 3468 MHz: 1.9% 3624 MHz: 2.9% 3756 MHz: 1.1% 3828 MHz: .26% 3888 MHz: .46% 3948 MHz: .16% 3996 MHz:   0% 4044 MHz:   0% 4104 MHz:   0% 4416 MHz:   0% 4512 MHz:   0%)
CPU 13 idle residency:  51.32%
CPU 13 down residency:   0.00%
CPU 14 frequency: 2881 MHz
CPU 14 active residency:  35.39% (1260 MHz: .05% 1512 MHz: .02% 1800 MHz:   0% 2088 MHz:   0% 2352 MHz: 3.9% 2616 MHz:  19% 2868 MHz: 1.3% 3096 MHz: .98% 3300 MHz: 1.1% 3468 MHz: 2.0% 3624 MHz: 4.0% 3756 MHz: 1.8% 3828 MHz: .56% 3888 MHz: .29% 3948 MHz: .08% 3996 MHz:   0% 4044 MHz:   0% 4104 MHz:   0% 4416 MHz:   0% 4512 MHz:   0%)
CPU 14 idle residency:  64.61%
CPU 14 down residency:   0.00%
CPU 15 frequency: 2940 MHz
CPU 15 active residency:  37.77% (1260 MHz: .06% 1512 MHz: .01% 1800 MHz:   0% 2088 MHz:   0% 2352 MHz: 3.4% 2616 MHz:  16% 2868 MHz: 3.0% 3096 MHz: 3.8% 3300 MHz: 2.8% 3468 MHz: 2.6% 3624 MHz: 2.4% 3756 MHz: 2.1% 3828 MHz: .65% 3888 MHz: .61% 3948 MHz: .11% 3996 MHz:   0% 4044 MHz:   0% 4104 MHz:   0% 4416 MHz:   0% 4512 MHz:   0%)
CPU 15 idle residency:  62.23%
CPU 15 down residency:   0.00%

CPU Power: 2361 mW
GPU Power: 24562 mW
ANE Power: 0 mW
Combined Power (CPU + GPU + ANE): 26923 mW

**** GPU usage ****

GPU HW active frequency: 1578 MHz
GPU HW active residency: 100.00% (338 MHz:   0% 618 MHz:   0% 796 MHz:   0% 924 MHz:   0% 952 MHz:   0% 1056 MHz:   0% 1062 MHz:   0% 1182 MHz:   0% 1182 MHz:   0% 1312 MHz:   0% 1242 MHz:   0% 1380 MHz:   0% 1326 MHz:   0% 1470 MHz:   0% 1578 MHz: 100%)
GPU SW requested state: (P1 :   0% P2 :   0% P3 :   0% P4 :   0% P5 :   0% P6 :   0% P7 :   0% P8 :   0% P9 :   0% P10 : 100% P11 :   0% P12 :   0% P13 :   0% P14 :   0% P15 :   0%)
GPU SW state: (SW_P1 :   0% SW_P2 :   0% SW_P3 :   0% SW_P4 :   0% SW_P5 :   0% SW_P6 :   0% SW_P7 :   0% SW_P8 :   0% SW_P9 :   0% SW_P10 : 100% SW_P11 :   0% SW_P12 :   0% SW_P13 :   0% SW_P14 :   0% SW_P15 :   0%)
GPU idle residency:   0.00%
GPU Power: 24766 mW



*** Sampled system activity (Tue Jan 20 11:33:24 2026 +0100) (1021.56ms elapsed) ***


**** Processor usage ****

E-Cluster Online: 100%
E-Cluster HW active frequency: 1146 MHz
E-Cluster HW active residency:  61.63% (1020 MHz:  52% 1404 MHz: 4.3% 1788 MHz: 1.6% 2112 MHz: .49% 2352 MHz: .87% 2532 MHz: .91% 2592 MHz: 1.2%)
E-Cluster idle residency:  38.37%
E-Cluster down residency:   0.00%
CPU 0 frequency: 1151 MHz
CPU 0 active residency:  32.76% (1020 MHz:  27% 1404 MHz: 2.5% 1788 MHz: 1.1% 2112 MHz: .26% 2352 MHz: .53% 2532 MHz: .55% 2592 MHz: .45%)
CPU 0 idle residency:  67.24%
CPU 0 down residency:   0.00%
CPU 1 frequency: 1163 MHz
CPU 1 active residency:  24.57% (1020 MHz:  20% 1404 MHz: 2.3% 1788 MHz: 1.0% 2112 MHz: .18% 2352 MHz: .37% 2532 MHz: .28% 2592 MHz: .48%)
CPU 1 idle residency:  75.43%
CPU 1 down residency:   0.00%
CPU 2 frequency: 1209 MHz
CPU 2 active residency:  12.36% (1020 MHz: 9.7% 1404 MHz: .93% 1788 MHz: .63% 2112 MHz: .25% 2352 MHz: .25% 2532 MHz: .37% 2592 MHz: .21%)
CPU 2 idle residency:  87.64%
CPU 2 down residency:   0.00%
CPU 3 frequency: 1203 MHz
CPU 3 active residency:   6.40% (1020 MHz: 4.9% 1404 MHz: .63% 1788 MHz: .56% 2112 MHz: .07% 2352 MHz: .08% 2532 MHz: .09% 2592 MHz: .12%)
CPU 3 idle residency:  93.60%
CPU 3 down residency:   0.00%

P0-Cluster Online: 3%
P0-Cluster HW active frequency: 1260 MHz
P0-Cluster HW active residency:   0.34% (1260 MHz: .34% 1512 MHz:   0% 1800 MHz:   0% 2088 MHz:   0% 2352 MHz:   0% 2616 MHz:   0% 2868 MHz:   0% 3096 MHz:   0% 3300 MHz:   0% 3468 MHz:   0% 3624 MHz:   0% 3756 MHz:   0% 3828 MHz:   0% 3888 MHz:   0% 3948 MHz:   0% 3996 MHz:   0% 4044 MHz:   0% 4104 MHz:   0% 4416 MHz:   0% 4512 MHz:   0%)
P0-Cluster idle residency:   1.60%
P0-Cluster down residency:  98.06%
CPU 4 frequency: 0 MHz
CPU 4 active residency:   0.00% (1260 MHz:   0% 1512 MHz:   0% 1800 MHz:   0% 2088 MHz:   0% 2352 MHz:   0% 2616 MHz:   0% 2868 MHz:   0% 3096 MHz:   0% 3300 MHz:   0% 3468 MHz:   0% 3624 MHz:   0% 3756 MHz:   0% 3828 MHz:   0% 3888 MHz:   0% 3948 MHz:   0% 3996 MHz:   0% 4044 MHz:   0% 4104 MHz:   0% 4416 MHz:   0% 4512 MHz:   0%)
CPU 4 idle residency:   1.85%
CPU 4 down residency:  98.15%
CPU 5 frequency: 0 MHz
CPU 5 active residency:   0.00% (1260 MHz:   0% 1512 MHz:   0% 1800 MHz:   0% 2088 MHz:   0% 2352 MHz:   0% 2616 MHz:   0% 2868 MHz:   0% 3096 MHz:   0% 3300 MHz:   0% 3468 MHz:   0% 3624 MHz:   0% 3756 MHz:   0% 3828 MHz:   0% 3888 MHz:   0% 3948 MHz:   0% 3996 MHz:   0% 4044 MHz:   0% 4104 MHz:   0% 4416 MHz:   0% 4512 MHz:   0%)
CPU 5 idle residency:   1.86%
CPU 5 down residency:  98.14%
CPU 6 frequency: 0 MHz
CPU 6 active residency:   0.00% (1260 MHz:   0% 1512 MHz:   0% 1800 MHz:   0% 2088 MHz:   0% 2352 MHz:   0% 2616 MHz:   0% 2868 MHz:   0% 3096 MHz:   0% 3300 MHz:   0% 3468 MHz:   0% 3624 MHz:   0% 3756 MHz:   0% 3828 MHz:   0% 3888 MHz:   0% 3948 MHz:   0% 3996 MHz:   0% 4044 MHz:   0% 4104 MHz:   0% 4416 MHz:   0% 4512 MHz:   0%)
CPU 6 idle residency:   1.86%
CPU 6 down residency:  98.14%
CPU 7 frequency: 0 MHz
CPU 7 active residency:   0.00% (1260 MHz:   0% 1512 MHz:   0% 1800 MHz:   0% 2088 MHz:   0% 2352 MHz:   0% 2616 MHz:   0% 2868 MHz:   0% 3096 MHz:   0% 3300 MHz:   0% 3468 MHz:   0% 3624 MHz:   0% 3756 MHz:   0% 3828 MHz:   0% 3888 MHz:   0% 3948 MHz:   0% 3996 MHz:   0% 4044 MHz:   0% 4104 MHz:   0% 4416 MHz:   0% 4512 MHz:   0%)
CPU 7 idle residency:   1.86%
CPU 7 down residency:  98.14%
CPU 8 frequency: 0 MHz
CPU 8 active residency:   0.00% (1260 MHz:   0% 1512 MHz:   0% 1800 MHz:   0% 2088 MHz:   0% 2352 MHz:   0% 2616 MHz:   0% 2868 MHz:   0% 3096 MHz:   0% 3300 MHz:   0% 3468 MHz:   0% 3624 MHz:   0% 3756 MHz:   0% 3828 MHz:   0% 3888 MHz:   0% 3948 MHz:   0% 3996 MHz:   0% 4044 MHz:   0% 4104 MHz:   0% 4416 MHz:   0% 4512 MHz:   0%)
CPU 8 idle residency:   1.86%
CPU 8 down residency:  98.14%
CPU 9 frequency: 0 MHz
CPU 9 active residency:   0.00% (1260 MHz:   0% 1512 MHz:   0% 1800 MHz:   0% 2088 MHz:   0% 2352 MHz:   0% 2616 MHz:   0% 2868 MHz:   0% 3096 MHz:   0% 3300 MHz:   0% 3468 MHz:   0% 3624 MHz:   0% 3756 MHz:   0% 3828 MHz:   0% 3888 MHz:   0% 3948 MHz:   0% 3996 MHz:   0% 4044 MHz:   0% 4104 MHz:   0% 4416 MHz:   0% 4512 MHz:   0%)
CPU 9 idle residency:   1.86%
CPU 9 down residency:  98.14%

P1-Cluster HW active frequency: 2573 MHz
P1-Cluster HW active residency:  93.01% (1260 MHz: .39% 1512 MHz:   0% 1800 MHz: .02% 2088 MHz: .01% 2352 MHz:  23% 2616 MHz:  59% 2868 MHz:  10% 3096 MHz:   0% 3300 MHz:   0% 3468 MHz:   0% 3624 MHz:   0% 3756 MHz:   0% 3828 MHz:   0% 3888 MHz:   0% 3948 MHz:   0% 3996 MHz:   0% 4044 MHz:   0% 4104 MHz:   0% 4416 MHz:   0% 4512 MHz:   0%)
P1-Cluster idle residency:   6.99%
P1-Cluster down residency:   0.00%
CPU 10 frequency: 2568 MHz
CPU 10 active residency:  27.65% (1260 MHz: .03% 1512 MHz:   0% 1800 MHz: .01% 2088 MHz: .01% 2352 MHz: 7.8% 2616 MHz:  17% 2868 MHz: 3.2% 3096 MHz:   0% 3300 MHz:   0% 3468 MHz:   0% 3624 MHz:   0% 3756 MHz:   0% 3828 MHz:   0% 3888 MHz:   0% 3948 MHz:   0% 3996 MHz:   0% 4044 MHz:   0% 4104 MHz:   0% 4416 MHz:   0% 4512 MHz:   0%)
CPU 10 idle residency:  72.35%
CPU 10 down residency:   0.00%
CPU 11 frequency: 2572 MHz
CPU 11 active residency:  58.02% (1260 MHz: .04% 1512 MHz:   0% 1800 MHz: .01% 2088 MHz: .01% 2352 MHz:  15% 2616 MHz:  36% 2868 MHz: 6.4% 3096 MHz:   0% 3300 MHz:   0% 3468 MHz:   0% 3624 MHz:   0% 3756 MHz:   0% 3828 MHz:   0% 3888 MHz:   0% 3948 MHz:   0% 3996 MHz:   0% 4044 MHz:   0% 4104 MHz:   0% 4416 MHz:   0% 4512 MHz:   0%)
CPU 11 idle residency:  41.98%
CPU 11 down residency:   0.00%
CPU 12 frequency: 2577 MHz
CPU 12 active residency:  15.59% (1260 MHz: .01% 1512 MHz:   0% 1800 MHz: .01% 2088 MHz:   0% 2352 MHz: 3.9% 2616 MHz:  10% 2868 MHz: 1.7% 3096 MHz:   0% 3300 MHz:   0% 3468 MHz:   0% 3624 MHz:   0% 3756 MHz:   0% 3828 MHz:   0% 3888 MHz:   0% 3948 MHz:   0% 3996 MHz:   0% 4044 MHz:   0% 4104 MHz:   0% 4416 MHz:   0% 4512 MHz:   0%)
CPU 12 idle residency:  84.41%
CPU 12 down residency:   0.00%
CPU 13 frequency: 2573 MHz
CPU 13 active residency:  59.82% (1260 MHz: .07% 1512 MHz:   0% 1800 MHz: .02% 2088 MHz: .01% 2352 MHz:  16% 2616 MHz:  37% 2868 MHz: 7.1% 3096 MHz:   0% 3300 MHz:   0% 3468 MHz:   0% 3624 MHz:   0% 3756 MHz:   0% 3828 MHz:   0% 3888 MHz:   0% 3948 MHz:   0% 3996 MHz:   0% 4044 MHz:   0% 4104 MHz:   0% 4416 MHz:   0% 4512 MHz:   0%)
CPU 13 idle residency:  40.18%
CPU 13 down residency:   0.00%
CPU 14 frequency: 2605 MHz
CPU 14 active residency:   5.52% (1260 MHz:   0% 1512 MHz:   0% 1800 MHz:   0% 2088 MHz:   0% 2352 MHz: .96% 2616 MHz: 3.8% 2868 MHz: .76% 3096 MHz:   0% 3300 MHz:   0% 3468 MHz:   0% 3624 MHz:   0% 3756 MHz:   0% 3828 MHz:   0% 3888 MHz:   0% 3948 MHz:   0% 3996 MHz:   0% 4044 MHz:   0% 4104 MHz:   0% 4416 MHz:   0% 4512 MHz:   0%)
CPU 14 idle residency:  94.48%
CPU 14 down residency:   0.00%
CPU 15 frequency: 2568 MHz
CPU 15 active residency:  58.52% (1260 MHz: .08% 1512 MHz:   0% 1800 MHz: .01% 2088 MHz: .01% 2352 MHz:  16% 2616 MHz:  36% 2868 MHz: 6.5% 3096 MHz:   0% 3300 MHz:   0% 3468 MHz:   0% 3624 MHz:   0% 3756 MHz:   0% 3828 MHz:   0% 3888 MHz:   0% 3948 MHz:   0% 3996 MHz:   0% 4044 MHz:   0% 4104 MHz:   0% 4416 MHz:   0% 4512 MHz:   0%)
CPU 15 idle residency:  41.48%
CPU 15 down residency:   0.00%

CPU Power: 1662 mW
GPU Power: 24719 mW
ANE Power: 0 mW
Combined Power (CPU + GPU + ANE): 26381 mW

**** GPU usage ****

GPU HW active frequency: 1578 MHz
GPU HW active residency: 100.00% (338 MHz:   0% 618 MHz:   0% 796 MHz:   0% 924 MHz:   0% 952 MHz:   0% 1056 MHz:   0% 1062 MHz:   0% 1182 MHz:   0% 1182 MHz:   0% 1312 MHz:   0% 1242 MHz:   0% 1380 MHz:   0% 1326 MHz:   0% 1470 MHz:   0% 1578 MHz: 100%)
GPU SW requested state: (P1 :   0% P2 :   0% P3 :   0% P4 :   0% P5 :   0% P6 :   0% P7 :   0% P8 :   0% P9 :   0% P10 : 100% P11 :   0% P12 :   0% P13 :   0% P14 :   0% P15 :   0%)
GPU SW state: (SW_P1 :   0% SW_P2 :   0% SW_P3 :   0% SW_P4 :   0% SW_P5 :   0% SW_P6 :   0% SW_P7 :   0% SW_P8 :   0% SW_P9 :   0% SW_P10 : 100% SW_P11 :   0% SW_P12 :   0% SW_P13 :   0% SW_P14 :   0% SW_P15 :   0%)
GPU idle residency:   0.00%
GPU Power: 24719 mW



*** Sampled system activity (Tue Jan 20 11:33:25 2026 +0100) (1022.98ms elapsed) ***


**** Processor usage ****

E-Cluster Online: 100%
E-Cluster HW active frequency: 1153 MHz
E-Cluster HW active residency:  63.03% (1020 MHz:  54% 1404 MHz: 3.5% 1788 MHz: 1.7% 2112 MHz: .72% 2352 MHz: .25% 2532 MHz: .91% 2592 MHz: 2.1%)
E-Cluster idle residency:  36.97%
E-Cluster down residency:   0.00%
CPU 0 frequency: 1142 MHz
CPU 0 active residency:  32.20% (1020 MHz:  27% 1404 MHz: 2.1% 1788 MHz: .99% 2112 MHz: .36% 2352 MHz: .13% 2532 MHz: .29% 2592 MHz: .87%)
CPU 0 idle residency:  67.80%
CPU 0 down residency:   0.00%
CPU 1 frequency: 1161 MHz
CPU 1 active residency:  23.46% (1020 MHz:  19% 1404 MHz: 1.9% 1788 MHz: .80% 2112 MHz: .15% 2352 MHz: .21% 2532 MHz: .26% 2592 MHz: .71%)
CPU 1 idle residency:  76.54%
CPU 1 down residency:   0.00%
CPU 2 frequency: 1191 MHz
CPU 2 active residency:  14.00% (1020 MHz:  11% 1404 MHz: 1.3% 1788 MHz: .64% 2112 MHz: .18% 2352 MHz: .02% 2532 MHz: .30% 2592 MHz: .47%)
CPU 2 idle residency:  86.00%
CPU 2 down residency:   0.00%
CPU 3 frequency: 1316 MHz
CPU 3 active residency:   8.13% (1020 MHz: 5.7% 1404 MHz: .60% 1788 MHz: .55% 2112 MHz: .44% 2352 MHz: .01% 2532 MHz: .60% 2592 MHz: .23%)
CPU 3 idle residency:  91.87%
CPU 3 down residency:   0.00%

P0-Cluster Online: 5%
P0-Cluster HW active frequency: 1328 MHz
P0-Cluster HW active residency:   1.21% (1260 MHz: 1.2% 1512 MHz:   0% 1800 MHz:   0% 2088 MHz:   0% 2352 MHz:   0% 2616 MHz:   0% 2868 MHz: .05% 3096 MHz:   0% 3300 MHz:   0% 3468 MHz:   0% 3624 MHz:   0% 3756 MHz:   0% 3828 MHz:   0% 3888 MHz:   0% 3948 MHz:   0% 3996 MHz:   0% 4044 MHz:   0% 4104 MHz:   0% 4416 MHz:   0% 4512 MHz:   0%)
P0-Cluster idle residency:   3.20%
P0-Cluster down residency:  95.58%
CPU 4 frequency: 1260 MHz
CPU 4 active residency:   0.28% (1260 MHz: .28% 1512 MHz:   0% 1800 MHz:   0% 2088 MHz:   0% 2352 MHz:   0% 2616 MHz:   0% 2868 MHz:   0% 3096 MHz:   0% 3300 MHz:   0% 3468 MHz:   0% 3624 MHz:   0% 3756 MHz:   0% 3828 MHz:   0% 3888 MHz:   0% 3948 MHz:   0% 3996 MHz:   0% 4044 MHz:   0% 4104 MHz:   0% 4416 MHz:   0% 4512 MHz:   0%)
CPU 4 idle residency:   4.16%
CPU 4 down residency:  95.56%
CPU 5 frequency: 2768 MHz
CPU 5 active residency:   2.13% (1260 MHz: .31% 1512 MHz: .04% 1800 MHz: .00% 2088 MHz:   0% 2352 MHz:   0% 2616 MHz: .25% 2868 MHz: .43% 3096 MHz: .72% 3300 MHz: .11% 3468 MHz: .10% 3624 MHz: .17% 3756 MHz: .00% 3828 MHz:   0% 3888 MHz:   0% 3948 MHz:   0% 3996 MHz:   0% 4044 MHz:   0% 4104 MHz:   0% 4416 MHz:   0% 4512 MHz:   0%)
CPU 5 idle residency:   4.11%
CPU 5 down residency:  93.77%
CPU 6 frequency: 1260 MHz
CPU 6 active residency:   0.28% (1260 MHz: .28% 1512 MHz:   0% 1800 MHz:   0% 2088 MHz:   0% 2352 MHz:   0% 2616 MHz:   0% 2868 MHz:   0% 3096 MHz:   0% 3300 MHz:   0% 3468 MHz:   0% 3624 MHz:   0% 3756 MHz:   0% 3828 MHz:   0% 3888 MHz:   0% 3948 MHz:   0% 3996 MHz:   0% 4044 MHz:   0% 4104 MHz:   0% 4416 MHz:   0% 4512 MHz:   0%)
CPU 6 idle residency:   4.19%
CPU 6 down residency:  95.53%
CPU 7 frequency: 1260 MHz
CPU 7 active residency:   0.28% (1260 MHz: .28% 1512 MHz:   0% 1800 MHz:   0% 2088 MHz:   0% 2352 MHz:   0% 2616 MHz:   0% 2868 MHz:   0% 3096 MHz:   0% 3300 MHz:   0% 3468 MHz:   0% 3624 MHz:   0% 3756 MHz:   0% 3828 MHz:   0% 3888 MHz:   0% 3948 MHz:   0% 3996 MHz:   0% 4044 MHz:   0% 4104 MHz:   0% 4416 MHz:   0% 4512 MHz:   0%)
CPU 7 idle residency:   4.19%
CPU 7 down residency:  95.53%
CPU 8 frequency: 2842 MHz
CPU 8 active residency:   1.32% (1260 MHz: .31% 1512 MHz: .03% 1800 MHz:   0% 2088 MHz:   0% 2352 MHz:   0% 2616 MHz: .00% 2868 MHz: .05% 3096 MHz: .03% 3300 MHz: .32% 3468 MHz: .42% 3624 MHz: .14% 3756 MHz: .00% 3828 MHz:   0% 3888 MHz:   0% 3948 MHz:   0% 3996 MHz:   0% 4044 MHz:   0% 4104 MHz:   0% 4416 MHz:   0% 4512 MHz:   0%)
CPU 8 idle residency:   4.14%
CPU 8 down residency:  94.54%
CPU 9 frequency: 2623 MHz
CPU 9 active residency:   0.94% (1260 MHz: .34% 1512 MHz: .03% 1800 MHz: .00% 2088 MHz:   0% 2352 MHz:   0% 2616 MHz: .01% 2868 MHz: .06% 3096 MHz: .02% 3300 MHz: .08% 3468 MHz: .07% 3624 MHz: .22% 3756 MHz: .06% 3828 MHz:   0% 3888 MHz: .02% 3948 MHz: .04% 3996 MHz:   0% 4044 MHz:   0% 4104 MHz:   0% 4416 MHz:   0% 4512 MHz:   0%)
CPU 9 idle residency:   4.16%
CPU 9 down residency:  94.90%

P1-Cluster HW active frequency: 2640 MHz
P1-Cluster HW active residency:  95.14% (1260 MHz: .21% 1512 MHz: .00% 1800 MHz: .01% 2088 MHz: .00% 2352 MHz:  25% 2616 MHz:  48% 2868 MHz:  15% 3096 MHz: 4.7% 3300 MHz: .46% 3468 MHz: .53% 3624 MHz: .52% 3756 MHz: 1.5% 3828 MHz:   0% 3888 MHz: .12% 3948 MHz:   0% 3996 MHz:   0% 4044 MHz:   0% 4104 MHz:   0% 4416 MHz:   0% 4512 MHz:   0%)
P1-Cluster idle residency:   4.86%
P1-Cluster down residency:   0.00%
CPU 10 frequency: 2695 MHz
CPU 10 active residency:  31.86% (1260 MHz: .01% 1512 MHz:   0% 1800 MHz: .00% 2088 MHz: .00% 2352 MHz: 6.8% 2616 MHz:  16% 2868 MHz: 6.2% 3096 MHz: 1.2% 3300 MHz: .24% 3468 MHz: .24% 3624 MHz: .37% 3756 MHz: 1.2% 3828 MHz:   0% 3888 MHz: .10% 3948 MHz:   0% 3996 MHz:   0% 4044 MHz:   0% 4104 MHz:   0% 4416 MHz:   0% 4512 MHz:   0%)
CPU 10 idle residency:  68.14%
CPU 10 down residency:   0.00%
CPU 11 frequency: 2731 MHz
CPU 11 active residency:  43.97% (1260 MHz: .03% 1512 MHz: .00% 1800 MHz: .01% 2088 MHz: .00% 2352 MHz: 6.1% 2616 MHz:  22% 2868 MHz:  10% 3096 MHz: 3.2% 3300 MHz: .39% 3468 MHz: .37% 3624 MHz: .43% 3756 MHz: 1.2% 3828 MHz:   0% 3888 MHz: .11% 3948 MHz:   0% 3996 MHz:   0% 4044 MHz:   0% 4104 MHz:   0% 4416 MHz:   0% 4512 MHz:   0%)
CPU 11 idle residency:  56.03%
CPU 11 down residency:   0.00%
CPU 12 frequency: 2570 MHz
CPU 12 active residency:  41.09% (1260 MHz: .01% 1512 MHz:   0% 1800 MHz:   0% 2088 MHz:   0% 2352 MHz:  15% 2616 MHz:  20% 2868 MHz: 4.9% 3096 MHz: 1.0% 3300 MHz: .06% 3468 MHz: .07% 3624 MHz: .03% 3756 MHz: .22% 3828 MHz:   0% 3888 MHz: .02% 3948 MHz:   0% 3996 MHz:   0% 4044 MHz:   0% 4104 MHz:   0% 4416 MHz:   0% 4512 MHz:   0%)
CPU 12 idle residency:  58.91%
CPU 12 down residency:   0.00%
CPU 13 frequency: 2739 MHz
CPU 13 active residency:  41.84% (1260 MHz: .02% 1512 MHz:   0% 1800 MHz:   0% 2088 MHz:   0% 2352 MHz: 5.1% 2616 MHz:  21% 2868 MHz:  10% 3096 MHz: 3.3% 3300 MHz: .23% 3468 MHz: .36% 3624 MHz: .37% 3756 MHz: 1.2% 3828 MHz:   0% 3888 MHz: .11% 3948 MHz:   0% 3996 MHz:   0% 4044 MHz:   0% 4104 MHz:   0% 4416 MHz:   0% 4512 MHz:   0%)
CPU 13 idle residency:  58.16%
CPU 13 down residency:   0.00%
CPU 14 frequency: 2547 MHz
CPU 14 active residency:  34.52% (1260 MHz: .01% 1512 MHz:   0% 1800 MHz:   0% 2088 MHz:   0% 2352 MHz:  14% 2616 MHz:  16% 2868 MHz: 2.5% 3096 MHz: .50% 3300 MHz: .30% 3468 MHz: .21% 3624 MHz: .08% 3756 MHz: .07% 3828 MHz:   0% 3888 MHz: .02% 3948 MHz:   0% 3996 MHz:   0% 4044 MHz:   0% 4104 MHz:   0% 4416 MHz:   0% 4512 MHz:   0%)
CPU 14 idle residency:  65.48%
CPU 14 down residency:   0.00%
CPU 15 frequency: 2648 MHz
CPU 15 active residency:  64.98% (1260 MHz: .07% 1512 MHz: .00% 1800 MHz:   0% 2088 MHz:   0% 2352 MHz:  18% 2616 MHz:  31% 2868 MHz:  10% 3096 MHz: 3.6% 3300 MHz: .31% 3468 MHz: .40% 3624 MHz: .35% 3756 MHz: 1.4% 3828 MHz:   0% 3888 MHz: .08% 3948 MHz:   0% 3996 MHz:   0% 4044 MHz:   0% 4104 MHz:   0% 4416 MHz:   0% 4512 MHz:   0%)
CPU 15 idle residency:  35.02%
CPU 15 down residency:   0.00%

CPU Power: 1966 mW
GPU Power: 24528 mW
ANE Power: 0 mW
Combined Power (CPU + GPU + ANE): 26494 mW

**** GPU usage ****

GPU HW active frequency: 1578 MHz
GPU HW active residency: 100.00% (338 MHz:   0% 618 MHz:   0% 796 MHz:   0% 924 MHz:   0% 952 MHz:   0% 1056 MHz:   0% 1062 MHz:   0% 1182 MHz:   0% 1182 MHz:   0% 1312 MHz:   0% 1242 MHz:   0% 1380 MHz:   0% 1326 MHz:   0% 1470 MHz:   0% 1578 MHz: 100%)
GPU SW requested state: (P1 :   0% P2 :   0% P3 :   0% P4 :   0% P5 :   0% P6 :   0% P7 :   0% P8 :   0% P9 :   0% P10 : 100% P11 :   0% P12 :   0% P13 :   0% P14 :   0% P15 :   0%)
GPU SW state: (SW_P1 :   0% SW_P2 :   0% SW_P3 :   0% SW_P4 :   0% SW_P5 :   0% SW_P6 :   0% SW_P7 :   0% SW_P8 :   0% SW_P9 :   0% SW_P10 : 100% SW_P11 :   0% SW_P12 :   0% SW_P13 :   0% SW_P14 :   0% SW_P15 :   0%)
GPU idle residency:   0.00%
GPU Power: 24526 mW



*** Sampled system activity (Tue Jan 20 11:33:26 2026 +0100) (1022.30ms elapsed) ***


**** Processor usage ****

E-Cluster Online: 100%
E-Cluster HW active frequency: 1280 MHz
E-Cluster HW active residency:  72.54% (1020 MHz:  46% 1404 MHz:  16% 1788 MHz: 2.7% 2112 MHz: .89% 2352 MHz: 1.8% 2532 MHz: 1.5% 2592 MHz: 3.2%)
E-Cluster idle residency:  27.46%
E-Cluster down residency:   0.00%
CPU 0 frequency: 1311 MHz
CPU 0 active residency:  40.74% (1020 MHz:  24% 1404 MHz:  10% 1788 MHz: 1.6% 2112 MHz: .48% 2352 MHz: 1.2% 2532 MHz: .95% 2592 MHz: 2.0%)
CPU 0 idle residency:  59.26%
CPU 0 down residency:   0.00%
CPU 1 frequency: 1314 MHz
CPU 1 active residency:  31.62% (1020 MHz:  18% 1404 MHz: 8.9% 1788 MHz: 1.4% 2112 MHz: .35% 2352 MHz: .95% 2532 MHz: .88% 2592 MHz: 1.2%)
CPU 1 idle residency:  68.38%
CPU 1 down residency:   0.00%
CPU 2 frequency: 1343 MHz
CPU 2 active residency:  22.89% (1020 MHz:  12% 1404 MHz: 7.8% 1788 MHz: 1.0% 2112 MHz: .29% 2352 MHz: .70% 2532 MHz: .42% 2592 MHz: 1.1%)
CPU 2 idle residency:  77.11%
CPU 2 down residency:   0.00%
CPU 3 frequency: 1331 MHz
CPU 3 active residency:  15.60% (1020 MHz: 8.1% 1404 MHz: 5.2% 1788 MHz: .64% 2112 MHz: .29% 2352 MHz: .49% 2532 MHz: .28% 2592 MHz: .63%)
CPU 3 idle residency:  84.40%
CPU 3 down residency:   0.00%

P0-Cluster Online: 8%
P0-Cluster HW active frequency: 1539 MHz
P0-Cluster HW active residency:   1.91% (1260 MHz: 1.5% 1512 MHz:   0% 1800 MHz:   0% 2088 MHz:   0% 2352 MHz: .17% 2616 MHz: .07% 2868 MHz: .15% 3096 MHz:   0% 3300 MHz:   0% 3468 MHz:   0% 3624 MHz:   0% 3756 MHz:   0% 3828 MHz:   0% 3888 MHz:   0% 3948 MHz:   0% 3996 MHz:   0% 4044 MHz:   0% 4104 MHz:   0% 4416 MHz:   0% 4512 MHz:   0%)
P0-Cluster idle residency:   4.26%
P0-Cluster down residency:  93.83%
CPU 4 frequency: 0 MHz
CPU 4 active residency:   0.00% (1260 MHz:   0% 1512 MHz:   0% 1800 MHz:   0% 2088 MHz:   0% 2352 MHz:   0% 2616 MHz:   0% 2868 MHz:   0% 3096 MHz:   0% 3300 MHz:   0% 3468 MHz:   0% 3624 MHz:   0% 3756 MHz:   0% 3828 MHz:   0% 3888 MHz:   0% 3948 MHz:   0% 3996 MHz:   0% 4044 MHz:   0% 4104 MHz:   0% 4416 MHz:   0% 4512 MHz:   0%)
CPU 4 idle residency:   5.87%
CPU 4 down residency:  94.13%
CPU 5 frequency: 0 MHz
CPU 5 active residency:   0.00% (1260 MHz:   0% 1512 MHz:   0% 1800 MHz:   0% 2088 MHz:   0% 2352 MHz:   0% 2616 MHz:   0% 2868 MHz:   0% 3096 MHz:   0% 3300 MHz:   0% 3468 MHz:   0% 3624 MHz:   0% 3756 MHz:   0% 3828 MHz:   0% 3888 MHz:   0% 3948 MHz:   0% 3996 MHz:   0% 4044 MHz:   0% 4104 MHz:   0% 4416 MHz:   0% 4512 MHz:   0%)
CPU 5 idle residency:   5.73%
CPU 5 down residency:  94.27%
CPU 6 frequency: 0 MHz
CPU 6 active residency:   0.00% (1260 MHz:   0% 1512 MHz:   0% 1800 MHz:   0% 2088 MHz:   0% 2352 MHz:   0% 2616 MHz:   0% 2868 MHz:   0% 3096 MHz:   0% 3300 MHz:   0% 3468 MHz:   0% 3624 MHz:   0% 3756 MHz:   0% 3828 MHz:   0% 3888 MHz:   0% 3948 MHz:   0% 3996 MHz:   0% 4044 MHz:   0% 4104 MHz:   0% 4416 MHz:   0% 4512 MHz:   0%)
CPU 6 idle residency:   5.87%
CPU 6 down residency:  94.13%
CPU 7 frequency: 0 MHz
CPU 7 active residency:   0.00% (1260 MHz:   0% 1512 MHz:   0% 1800 MHz:   0% 2088 MHz:   0% 2352 MHz:   0% 2616 MHz:   0% 2868 MHz:   0% 3096 MHz:   0% 3300 MHz:   0% 3468 MHz:   0% 3624 MHz:   0% 3756 MHz:   0% 3828 MHz:   0% 3888 MHz:   0% 3948 MHz:   0% 3996 MHz:   0% 4044 MHz:   0% 4104 MHz:   0% 4416 MHz:   0% 4512 MHz:   0%)
CPU 7 idle residency:   5.86%
CPU 7 down residency:  94.14%
CPU 8 frequency: 0 MHz
CPU 8 active residency:   0.00% (1260 MHz:   0% 1512 MHz:   0% 1800 MHz:   0% 2088 MHz:   0% 2352 MHz:   0% 2616 MHz:   0% 2868 MHz:   0% 3096 MHz:   0% 3300 MHz:   0% 3468 MHz:   0% 3624 MHz:   0% 3756 MHz:   0% 3828 MHz:   0% 3888 MHz:   0% 3948 MHz:   0% 3996 MHz:   0% 4044 MHz:   0% 4104 MHz:   0% 4416 MHz:   0% 4512 MHz:   0%)
CPU 8 idle residency:   5.85%
CPU 8 down residency:  94.15%
CPU 9 frequency: 0 MHz
CPU 9 active residency:   0.00% (1260 MHz:   0% 1512 MHz:   0% 1800 MHz:   0% 2088 MHz:   0% 2352 MHz:   0% 2616 MHz:   0% 2868 MHz:   0% 3096 MHz:   0% 3300 MHz:   0% 3468 MHz:   0% 3624 MHz:   0% 3756 MHz:   0% 3828 MHz:   0% 3888 MHz:   0% 3948 MHz:   0% 3996 MHz:   0% 4044 MHz:   0% 4104 MHz:   0% 4416 MHz:   0% 4512 MHz:   0%)
CPU 9 idle residency:   5.79%
CPU 9 down residency:  94.21%

P1-Cluster HW active frequency: 2565 MHz
P1-Cluster HW active residency:  96.66% (1260 MHz: .24% 1512 MHz: .02% 1800 MHz:   0% 2088 MHz:   0% 2352 MHz:  34% 2616 MHz:  48% 2868 MHz:  11% 3096 MHz: 2.0% 3300 MHz: .64% 3468 MHz: .48% 3624 MHz:   0% 3756 MHz:   0% 3828 MHz:   0% 3888 MHz:   0% 3948 MHz:   0% 3996 MHz:   0% 4044 MHz:   0% 4104 MHz:   0% 4416 MHz:   0% 4512 MHz:   0%)
P1-Cluster idle residency:   3.34%
P1-Cluster down residency:   0.00%
CPU 10 frequency: 2587 MHz
CPU 10 active residency:  36.40% (1260 MHz: .01% 1512 MHz: .02% 1800 MHz:   0% 2088 MHz:   0% 2352 MHz:  11% 2616 MHz:  19% 2868 MHz: 4.4% 3096 MHz: .98% 3300 MHz: .35% 3468 MHz: .18% 3624 MHz:   0% 3756 MHz:   0% 3828 MHz:   0% 3888 MHz:   0% 3948 MHz:   0% 3996 MHz:   0% 4044 MHz:   0% 4104 MHz:   0% 4416 MHz:   0% 4512 MHz:   0%)
CPU 10 idle residency:  63.60%
CPU 10 down residency:   0.00%
CPU 11 frequency: 2615 MHz
CPU 11 active residency:  23.06% (1260 MHz: .01% 1512 MHz:   0% 1800 MHz:   0% 2088 MHz:   0% 2352 MHz: 7.8% 2616 MHz:  10% 2868 MHz: 3.5% 3096 MHz: .87% 3300 MHz: .60% 3468 MHz: .39% 3624 MHz:   0% 3756 MHz:   0% 3828 MHz:   0% 3888 MHz:   0% 3948 MHz:   0% 3996 MHz:   0% 4044 MHz:   0% 4104 MHz:   0% 4416 MHz:   0% 4512 MHz:   0%)
CPU 11 idle residency:  76.94%
CPU 11 down residency:   0.00%
CPU 12 frequency: 2562 MHz
CPU 12 active residency:  71.02% (1260 MHz: .06% 1512 MHz: .00% 1800 MHz:   0% 2088 MHz:   0% 2352 MHz:  26% 2616 MHz:  35% 2868 MHz: 7.6% 3096 MHz: .95% 3300 MHz: .51% 3468 MHz: .41% 3624 MHz:   0% 3756 MHz:   0% 3828 MHz:   0% 3888 MHz:   0% 3948 MHz:   0% 3996 MHz:   0% 4044 MHz:   0% 4104 MHz:   0% 4416 MHz:   0% 4512 MHz:   0%)
CPU 12 idle residency:  28.98%
CPU 12 down residency:   0.00%
CPU 13 frequency: 2693 MHz
CPU 13 active residency:   9.02% (1260 MHz: .01% 1512 MHz:   0% 1800 MHz:   0% 2088 MHz:   0% 2352 MHz: 1.4% 2616 MHz: 4.3% 2868 MHz: 2.4% 3096 MHz: .76% 3300 MHz: .10% 3468 MHz: .06% 3624 MHz:   0% 3756 MHz:   0% 3828 MHz:   0% 3888 MHz:   0% 3948 MHz:   0% 3996 MHz:   0% 4044 MHz:   0% 4104 MHz:   0% 4416 MHz:   0% 4512 MHz:   0%)
CPU 13 idle residency:  90.98%
CPU 13 down residency:   0.00%
CPU 14 frequency: 2561 MHz
CPU 14 active residency:  70.32% (1260 MHz: .05% 1512 MHz: .01% 1800 MHz:   0% 2088 MHz:   0% 2352 MHz:  26% 2616 MHz:  34% 2868 MHz: 7.7% 3096 MHz: 1.4% 3300 MHz: .31% 3468 MHz: .39% 3624 MHz:   0% 3756 MHz:   0% 3828 MHz:   0% 3888 MHz:   0% 3948 MHz:   0% 3996 MHz:   0% 4044 MHz:   0% 4104 MHz:   0% 4416 MHz:   0% 4512 MHz:   0%)
CPU 14 idle residency:  29.68%
CPU 14 down residency:   0.00%
CPU 15 frequency: 2568 MHz
CPU 15 active residency:  69.93% (1260 MHz: .05% 1512 MHz: .02% 1800 MHz:   0% 2088 MHz:   0% 2352 MHz:  25% 2616 MHz:  35% 2868 MHz: 7.5% 3096 MHz: 1.5% 3300 MHz: .49% 3468 MHz: .38% 3624 MHz:   0% 3756 MHz:   0% 3828 MHz:   0% 3888 MHz:   0% 3948 MHz:   0% 3996 MHz:   0% 4044 MHz:   0% 4104 MHz:   0% 4416 MHz:   0% 4512 MHz:   0%)
CPU 15 idle residency:  30.07%
CPU 15 down residency:   0.00%

CPU Power: 1980 mW
GPU Power: 24888 mW
ANE Power: 0 mW
Combined Power (CPU + GPU + ANE): 26868 mW

**** GPU usage ****

GPU HW active frequency: 1578 MHz
GPU HW active residency: 100.00% (338 MHz:   0% 618 MHz:   0% 796 MHz:   0% 924 MHz:   0% 952 MHz:   0% 1056 MHz:   0% 1062 MHz:   0% 1182 MHz:   0% 1182 MHz:   0% 1312 MHz:   0% 1242 MHz:   0% 1380 MHz:   0% 1326 MHz:   0% 1470 MHz:   0% 1578 MHz: 100%)
GPU SW requested state: (P1 :   0% P2 :   0% P3 :   0% P4 :   0% P5 :   0% P6 :   0% P7 :   0% P8 :   0% P9 :   0% P10 : 100% P11 :   0% P12 :   0% P13 :   0% P14 :   0% P15 :   0%)
GPU SW state: (SW_P1 :   0% SW_P2 :   0% SW_P3 :   0% SW_P4 :   0% SW_P5 :   0% SW_P6 :   0% SW_P7 :   0% SW_P8 :   0% SW_P9 :   0% SW_P10 : 100% SW_P11 :   0% SW_P12 :   0% SW_P13 :   0% SW_P14 :   0% SW_P15 :   0%)
GPU idle residency:   0.00%
GPU Power: 24892 mW



*** Sampled system activity (Tue Jan 20 11:33:27 2026 +0100) (1022.31ms elapsed) ***


**** Processor usage ****

E-Cluster Online: 100%
E-Cluster HW active frequency: 1344 MHz
E-Cluster HW active residency:  66.36% (1020 MHz:  42% 1404 MHz: 8.9% 1788 MHz: 5.1% 2112 MHz: 3.1% 2352 MHz: .64% 2532 MHz: 1.9% 2592 MHz: 4.6%)
E-Cluster idle residency:  33.64%
E-Cluster down residency:   0.00%
CPU 0 frequency: 1340 MHz
CPU 0 active residency:  33.97% (1020 MHz:  21% 1404 MHz: 5.0% 1788 MHz: 2.6% 2112 MHz: 1.5% 2352 MHz: .33% 2532 MHz: .90% 2592 MHz: 2.2%)
CPU 0 idle residency:  66.03%
CPU 0 down residency:   0.00%
CPU 1 frequency: 1370 MHz
CPU 1 active residency:  23.60% (1020 MHz:  14% 1404 MHz: 4.2% 1788 MHz: 1.8% 2112 MHz: 1.2% 2352 MHz: .23% 2532 MHz: .93% 2592 MHz: 1.5%)
CPU 1 idle residency:  76.40%
CPU 1 down residency:   0.00%
CPU 2 frequency: 1436 MHz
CPU 2 active residency:  14.45% (1020 MHz: 7.4% 1404 MHz: 2.7% 1788 MHz: 1.3% 2112 MHz: 1.3% 2352 MHz: .05% 2532 MHz: .89% 2592 MHz: .69%)
CPU 2 idle residency:  85.55%
CPU 2 down residency:   0.00%
CPU 3 frequency: 1373 MHz
CPU 3 active residency:  11.68% (1020 MHz: 6.3% 1404 MHz: 2.3% 1788 MHz: 1.7% 2112 MHz: .62% 2352 MHz: .02% 2532 MHz: .32% 2592 MHz: .49%)
CPU 3 idle residency:  88.32%
CPU 3 down residency:   0.00%

P0-Cluster Online: 12%
P0-Cluster HW active frequency: 1401 MHz
P0-Cluster HW active residency:   3.03% (1260 MHz: 2.7% 1512 MHz:   0% 1800 MHz:   0% 2088 MHz:   0% 2352 MHz: .12% 2616 MHz: .13% 2868 MHz:   0% 3096 MHz:   0% 3300 MHz:   0% 3468 MHz: .02% 3624 MHz: .04% 3756 MHz:   0% 3828 MHz:   0% 3888 MHz:   0% 3948 MHz:   0% 3996 MHz:   0% 4044 MHz:   0% 4104 MHz:   0% 4416 MHz:   0% 4512 MHz:   0%)
P0-Cluster idle residency:   6.20%
P0-Cluster down residency:  90.77%
CPU 4 frequency: 0 MHz
CPU 4 active residency:   0.00% (1260 MHz:   0% 1512 MHz:   0% 1800 MHz:   0% 2088 MHz:   0% 2352 MHz:   0% 2616 MHz:   0% 2868 MHz:   0% 3096 MHz:   0% 3300 MHz:   0% 3468 MHz:   0% 3624 MHz:   0% 3756 MHz:   0% 3828 MHz:   0% 3888 MHz:   0% 3948 MHz:   0% 3996 MHz:   0% 4044 MHz:   0% 4104 MHz:   0% 4416 MHz:   0% 4512 MHz:   0%)
CPU 4 idle residency:   8.76%
CPU 4 down residency:  91.24%
CPU 5 frequency: 0 MHz
CPU 5 active residency:   0.00% (1260 MHz:   0% 1512 MHz:   0% 1800 MHz:   0% 2088 MHz:   0% 2352 MHz:   0% 2616 MHz:   0% 2868 MHz:   0% 3096 MHz:   0% 3300 MHz:   0% 3468 MHz:   0% 3624 MHz:   0% 3756 MHz:   0% 3828 MHz:   0% 3888 MHz:   0% 3948 MHz:   0% 3996 MHz:   0% 4044 MHz:   0% 4104 MHz:   0% 4416 MHz:   0% 4512 MHz:   0%)
CPU 5 idle residency:   8.75%
CPU 5 down residency:  91.25%
CPU 6 frequency: 0 MHz
CPU 6 active residency:   0.00% (1260 MHz:   0% 1512 MHz:   0% 1800 MHz:   0% 2088 MHz:   0% 2352 MHz:   0% 2616 MHz:   0% 2868 MHz:   0% 3096 MHz:   0% 3300 MHz:   0% 3468 MHz:   0% 3624 MHz:   0% 3756 MHz:   0% 3828 MHz:   0% 3888 MHz:   0% 3948 MHz:   0% 3996 MHz:   0% 4044 MHz:   0% 4104 MHz:   0% 4416 MHz:   0% 4512 MHz:   0%)
CPU 6 idle residency:   8.76%
CPU 6 down residency:  91.24%
CPU 7 frequency: 0 MHz
CPU 7 active residency:   0.00% (1260 MHz:   0% 1512 MHz:   0% 1800 MHz:   0% 2088 MHz:   0% 2352 MHz:   0% 2616 MHz:   0% 2868 MHz:   0% 3096 MHz:   0% 3300 MHz:   0% 3468 MHz:   0% 3624 MHz:   0% 3756 MHz:   0% 3828 MHz:   0% 3888 MHz:   0% 3948 MHz:   0% 3996 MHz:   0% 4044 MHz:   0% 4104 MHz:   0% 4416 MHz:   0% 4512 MHz:   0%)
CPU 7 idle residency:   8.78%
CPU 7 down residency:  91.22%
CPU 8 frequency: 0 MHz
CPU 8 active residency:   0.00% (1260 MHz:   0% 1512 MHz:   0% 1800 MHz:   0% 2088 MHz:   0% 2352 MHz:   0% 2616 MHz:   0% 2868 MHz:   0% 3096 MHz:   0% 3300 MHz:   0% 3468 MHz:   0% 3624 MHz:   0% 3756 MHz:   0% 3828 MHz:   0% 3888 MHz:   0% 3948 MHz:   0% 3996 MHz:   0% 4044 MHz:   0% 4104 MHz:   0% 4416 MHz:   0% 4512 MHz:   0%)
CPU 8 idle residency:   8.77%
CPU 8 down residency:  91.23%
CPU 9 frequency: 0 MHz
CPU 9 active residency:   0.00% (1260 MHz:   0% 1512 MHz:   0% 1800 MHz:   0% 2088 MHz:   0% 2352 MHz:   0% 2616 MHz:   0% 2868 MHz:   0% 3096 MHz:   0% 3300 MHz:   0% 3468 MHz:   0% 3624 MHz:   0% 3756 MHz:   0% 3828 MHz:   0% 3888 MHz:   0% 3948 MHz:   0% 3996 MHz:   0% 4044 MHz:   0% 4104 MHz:   0% 4416 MHz:   0% 4512 MHz:   0%)
CPU 9 idle residency:   8.71%
CPU 9 down residency:  91.29%

P1-Cluster HW active frequency: 2641 MHz
P1-Cluster HW active residency:  95.74% (1260 MHz: .17% 1512 MHz:   0% 1800 MHz: .01% 2088 MHz: .01% 2352 MHz:  37% 2616 MHz:  43% 2868 MHz: 3.3% 3096 MHz: 2.6% 3300 MHz: 1.8% 3468 MHz: 1.4% 3624 MHz: 2.6% 3756 MHz: 1.1% 3828 MHz: .61% 3888 MHz: 1.5% 3948 MHz: .90% 3996 MHz: .12% 4044 MHz:   0% 4104 MHz:   0% 4416 MHz:   0% 4512 MHz:   0%)
P1-Cluster idle residency:   4.26%
P1-Cluster down residency:   0.00%
CPU 10 frequency: 2774 MHz
CPU 10 active residency:  40.65% (1260 MHz: .02% 1512 MHz:   0% 1800 MHz: .00% 2088 MHz: .00% 2352 MHz:  13% 2616 MHz:  17% 2868 MHz: 2.1% 3096 MHz: 1.8% 3300 MHz: 1.4% 3468 MHz: 1.1% 3624 MHz: 1.9% 3756 MHz: .84% 3828 MHz: .54% 3888 MHz:   0% 3948 MHz: .03% 3996 MHz: .32% 4044 MHz: .03% 4104 MHz: .25% 4416 MHz: .37% 4512 MHz: .74%)
CPU 10 idle residency:  59.35%
CPU 10 down residency:   0.00%
CPU 11 frequency: 2708 MHz
CPU 11 active residency:  36.64% (1260 MHz: .01% 1512 MHz:   0% 1800 MHz:   0% 2088 MHz:   0% 2352 MHz:  16% 2616 MHz:  12% 2868 MHz: 1.5% 3096 MHz: 1.3% 3300 MHz: .63% 3468 MHz: .94% 3624 MHz: .93% 3756 MHz: .38% 3828 MHz: .48% 3888 MHz:   0% 3948 MHz: .03% 3996 MHz: .35% 4044 MHz: .02% 4104 MHz: .39% 4416 MHz: .36% 4512 MHz: .87%)
CPU 11 idle residency:  63.36%
CPU 11 down residency:   0.00%
CPU 12 frequency: 2665 MHz
CPU 12 active residency:  69.74% (1260 MHz: .04% 1512 MHz:   0% 1800 MHz: .00% 2088 MHz: .00% 2352 MHz:  26% 2616 MHz:  31% 2868 MHz: 2.9% 3096 MHz: 2.3% 3300 MHz: 1.7% 3468 MHz: 1.0% 3624 MHz: 1.6% 3756 MHz: .75% 3828 MHz: .54% 3888 MHz:   0% 3948 MHz: .15% 3996 MHz: .32% 4044 MHz: .06% 4104 MHz: .30% 4416 MHz: .35% 4512 MHz: .75%)
CPU 12 idle residency:  30.26%
CPU 12 down residency:   0.00%
CPU 13 frequency: 2806 MHz
CPU 13 active residency:  19.62% (1260 MHz: .01% 1512 MHz:   0% 1800 MHz:   0% 2088 MHz:   0% 2352 MHz: 6.8% 2616 MHz: 7.2% 2868 MHz: 1.1% 3096 MHz: .67% 3300 MHz: .50% 3468 MHz: .49% 3624 MHz: .36% 3756 MHz: .10% 3828 MHz: .30% 3888 MHz:   0% 3948 MHz: .14% 3996 MHz: .31% 4044 MHz: .06% 4104 MHz: .42% 4416 MHz: .37% 4512 MHz: .72%)
CPU 13 idle residency:  80.38%
CPU 13 down residency:   0.00%
CPU 14 frequency: 2701 MHz
CPU 14 active residency:  56.93% (1260 MHz: .05% 1512 MHz:   0% 1800 MHz: .00% 2088 MHz: .00% 2352 MHz:  19% 2616 MHz:  26% 2868 MHz: 2.7% 3096 MHz: 1.9% 3300 MHz: 1.3% 3468 MHz: .88% 3624 MHz: 1.8% 3756 MHz: .73% 3828 MHz: .40% 3888 MHz:   0% 3948 MHz: .15% 3996 MHz: .33% 4044 MHz: .06% 4104 MHz: .33% 4416 MHz: .42% 4512 MHz: .83%)
CPU 14 idle residency:  43.07%
CPU 14 down residency:   0.00%
CPU 15 frequency: 2666 MHz
CPU 15 active residency:  67.12% (1260 MHz: .04% 1512 MHz:   0% 1800 MHz: .00% 2088 MHz: .00% 2352 MHz:  25% 2616 MHz:  29% 2868 MHz: 2.8% 3096 MHz: 2.0% 3300 MHz: 1.3% 3468 MHz: 1.1% 3624 MHz: 2.0% 3756 MHz: .88% 3828 MHz: .51% 3888 MHz:   0% 3948 MHz: .03% 3996 MHz: .34% 4044 MHz: .03% 4104 MHz: .43% 4416 MHz: .43% 4512 MHz: .49%)
CPU 15 idle residency:  32.88%
CPU 15 down residency:   0.00%

CPU Power: 2433 mW
GPU Power: 24938 mW
ANE Power: 0 mW
Combined Power (CPU + GPU + ANE): 27370 mW

**** GPU usage ****

GPU HW active frequency: 1578 MHz
GPU HW active residency: 100.00% (338 MHz:   0% 618 MHz:   0% 796 MHz:   0% 924 MHz:   0% 952 MHz:   0% 1056 MHz:   0% 1062 MHz:   0% 1182 MHz:   0% 1182 MHz:   0% 1312 MHz:   0% 1242 MHz:   0% 1380 MHz:   0% 1326 MHz:   0% 1470 MHz:   0% 1578 MHz: 100%)
GPU SW requested state: (P1 :   0% P2 :   0% P3 :   0% P4 :   0% P5 :   0% P6 :   0% P7 :   0% P8 :   0% P9 :   0% P10 : 100% P11 :   0% P12 :   0% P13 :   0% P14 :   0% P15 :   0%)
GPU SW state: (SW_P1 :   0% SW_P2 :   0% SW_P3 :   0% SW_P4 :   0% SW_P5 :   0% SW_P6 :   0% SW_P7 :   0% SW_P8 :   0% SW_P9 :   0% SW_P10 : 100% SW_P11 :   0% SW_P12 :   0% SW_P13 :   0% SW_P14 :   0% SW_P15 :   0%)
GPU idle residency:   0.00%
GPU Power: 24938 mW



*** Sampled system activity (Tue Jan 20 11:33:28 2026 +0100) (1022.55ms elapsed) ***


**** Processor usage ****

E-Cluster Online: 100%
E-Cluster HW active frequency: 1262 MHz
E-Cluster HW active residency:  61.25% (1020 MHz:  40% 1404 MHz:  14% 1788 MHz: 2.3% 2112 MHz: .72% 2352 MHz: 1.6% 2532 MHz: 1.1% 2592 MHz: 2.0%)
E-Cluster idle residency:  38.75%
E-Cluster down residency:   0.00%
CPU 0 frequency: 1274 MHz
CPU 0 active residency:  31.97% (1020 MHz:  20% 1404 MHz: 7.8% 1788 MHz: 1.4% 2112 MHz: .38% 2352 MHz: 1.1% 2532 MHz: .70% 2592 MHz: .73%)
CPU 0 idle residency:  68.03%
CPU 0 down residency:   0.00%
CPU 1 frequency: 1314 MHz
CPU 1 active residency:  22.57% (1020 MHz:  13% 1404 MHz: 5.5% 1788 MHz: 1.5% 2112 MHz: .29% 2352 MHz: .86% 2532 MHz: .72% 2592 MHz: .53%)
CPU 1 idle residency:  77.43%
CPU 1 down residency:   0.00%
CPU 2 frequency: 1389 MHz
CPU 2 active residency:  13.34% (1020 MHz: 7.2% 1404 MHz: 3.2% 1788 MHz: .86% 2112 MHz: .16% 2352 MHz: .60% 2532 MHz: .48% 2592 MHz: .85%)
CPU 2 idle residency:  86.66%
CPU 2 down residency:   0.00%
CPU 3 frequency: 1408 MHz
CPU 3 active residency:   6.24% (1020 MHz: 3.1% 1404 MHz: 1.4% 1788 MHz: .87% 2112 MHz: .13% 2352 MHz: .34% 2532 MHz: .24% 2592 MHz: .15%)
CPU 3 idle residency:  93.76%
CPU 3 down residency:   0.00%

P0-Cluster Online: 14%
P0-Cluster HW active frequency: 2606 MHz
P0-Cluster HW active residency:   6.90% (1260 MHz: 1.7% 1512 MHz: .04% 1800 MHz: .20% 2088 MHz: .25% 2352 MHz: .12% 2616 MHz: .87% 2868 MHz: .77% 3096 MHz: .83% 3300 MHz: .80% 3468 MHz: .20% 3624 MHz: 1.0% 3756 MHz:   0% 3828 MHz:   0% 3888 MHz:   0% 3948 MHz: .04% 3996 MHz: .03% 4044 MHz: .08% 4104 MHz: .00% 4416 MHz:   0% 4512 MHz:   0%)
P0-Cluster idle residency:   6.06%
P0-Cluster down residency:  87.04%
CPU 4 frequency: 0 MHz
CPU 4 active residency:   0.00% (1260 MHz:   0% 1512 MHz:   0% 1800 MHz:   0% 2088 MHz:   0% 2352 MHz:   0% 2616 MHz:   0% 2868 MHz:   0% 3096 MHz:   0% 3300 MHz:   0% 3468 MHz:   0% 3624 MHz:   0% 3756 MHz:   0% 3828 MHz:   0% 3888 MHz:   0% 3948 MHz:   0% 3996 MHz:   0% 4044 MHz:   0% 4104 MHz:   0% 4416 MHz:   0% 4512 MHz:   0%)
CPU 4 idle residency:  12.67%
CPU 4 down residency:  87.33%
CPU 5 frequency: 0 MHz
CPU 5 active residency:   0.00% (1260 MHz:   0% 1512 MHz:   0% 1800 MHz:   0% 2088 MHz:   0% 2352 MHz:   0% 2616 MHz:   0% 2868 MHz:   0% 3096 MHz:   0% 3300 MHz:   0% 3468 MHz:   0% 3624 MHz:   0% 3756 MHz:   0% 3828 MHz:   0% 3888 MHz:   0% 3948 MHz:   0% 3996 MHz:   0% 4044 MHz:   0% 4104 MHz:   0% 4416 MHz:   0% 4512 MHz:   0%)
CPU 5 idle residency:  11.72%
CPU 5 down residency:  88.28%
CPU 6 frequency: 0 MHz
CPU 6 active residency:   0.00% (1260 MHz:   0% 1512 MHz:   0% 1800 MHz:   0% 2088 MHz:   0% 2352 MHz:   0% 2616 MHz:   0% 2868 MHz:   0% 3096 MHz:   0% 3300 MHz:   0% 3468 MHz:   0% 3624 MHz:   0% 3756 MHz:   0% 3828 MHz:   0% 3888 MHz:   0% 3948 MHz:   0% 3996 MHz:   0% 4044 MHz:   0% 4104 MHz:   0% 4416 MHz:   0% 4512 MHz:   0%)
CPU 6 idle residency:  12.74%
CPU 6 down residency:  87.26%
CPU 7 frequency: 0 MHz
CPU 7 active residency:   0.00% (1260 MHz:   0% 1512 MHz:   0% 1800 MHz:   0% 2088 MHz:   0% 2352 MHz:   0% 2616 MHz:   0% 2868 MHz:   0% 3096 MHz:   0% 3300 MHz:   0% 3468 MHz:   0% 3624 MHz:   0% 3756 MHz:   0% 3828 MHz:   0% 3888 MHz:   0% 3948 MHz:   0% 3996 MHz:   0% 4044 MHz:   0% 4104 MHz:   0% 4416 MHz:   0% 4512 MHz:   0%)
CPU 7 idle residency:  12.76%
CPU 7 down residency:  87.24%
CPU 8 frequency: 0 MHz
CPU 8 active residency:   0.00% (1260 MHz:   0% 1512 MHz:   0% 1800 MHz:   0% 2088 MHz:   0% 2352 MHz:   0% 2616 MHz:   0% 2868 MHz:   0% 3096 MHz:   0% 3300 MHz:   0% 3468 MHz:   0% 3624 MHz:   0% 3756 MHz:   0% 3828 MHz:   0% 3888 MHz:   0% 3948 MHz:   0% 3996 MHz:   0% 4044 MHz:   0% 4104 MHz:   0% 4416 MHz:   0% 4512 MHz:   0%)
CPU 8 idle residency:  10.82%
CPU 8 down residency:  89.18%
CPU 9 frequency: 0 MHz
CPU 9 active residency:   0.00% (1260 MHz:   0% 1512 MHz:   0% 1800 MHz:   0% 2088 MHz:   0% 2352 MHz:   0% 2616 MHz:   0% 2868 MHz:   0% 3096 MHz:   0% 3300 MHz:   0% 3468 MHz:   0% 3624 MHz:   0% 3756 MHz:   0% 3828 MHz:   0% 3888 MHz:   0% 3948 MHz:   0% 3996 MHz:   0% 4044 MHz:   0% 4104 MHz:   0% 4416 MHz:   0% 4512 MHz:   0%)
CPU 9 idle residency:  11.39%
CPU 9 down residency:  88.61%

P1-Cluster HW active frequency: 2955 MHz
P1-Cluster HW active residency:  93.38% (1260 MHz: .92% 1512 MHz: .01% 1800 MHz: .01% 2088 MHz: .01% 2352 MHz: 5.7% 2616 MHz:  20% 2868 MHz:  28% 3096 MHz:  21% 3300 MHz: 4.6% 3468 MHz: 3.8% 3624 MHz: 4.2% 3756 MHz: 2.7% 3828 MHz: 1.1% 3888 MHz: 1.5% 3948 MHz: .10% 3996 MHz: .03% 4044 MHz: .00% 4104 MHz:   0% 4416 MHz:   0% 4512 MHz:   0%)
P1-Cluster idle residency:   5.89%
P1-Cluster down residency:   0.73%
CPU 10 frequency: 2972 MHz
CPU 10 active residency:  61.59% (1260 MHz: .23% 1512 MHz: .01% 1800 MHz: .01% 2088 MHz:   0% 2352 MHz: 2.9% 2616 MHz:  11% 2868 MHz:  21% 3096 MHz:  16% 3300 MHz: 2.7% 3468 MHz: 2.4% 3624 MHz: 2.3% 3756 MHz: 1.3% 3828 MHz: .55% 3888 MHz: .65% 3948 MHz:   0% 3996 MHz:   0% 4044 MHz:   0% 4104 MHz: .51% 4416 MHz:   0% 4512 MHz:   0%)
CPU 10 idle residency:  37.68%
CPU 10 down residency:   0.73%
CPU 11 frequency: 2978 MHz
CPU 11 active residency:  44.87% (1260 MHz: .09% 1512 MHz: .00% 1800 MHz: .01% 2088 MHz: .00% 2352 MHz: 3.7% 2616 MHz:  10% 2868 MHz:  11% 3096 MHz:  11% 3300 MHz: 1.8% 3468 MHz: 1.9% 3624 MHz: 2.4% 3756 MHz: 1.9% 3828 MHz: .74% 3888 MHz: .45% 3948 MHz:   0% 3996 MHz:   0% 4044 MHz:   0% 4104 MHz: .48% 4416 MHz:   0% 4512 MHz:   0%)
CPU 11 idle residency:  54.40%
CPU 11 down residency:   0.73%
CPU 12 frequency: 2963 MHz
CPU 12 active residency:  29.44% (1260 MHz: .05% 1512 MHz: .01% 1800 MHz: .01% 2088 MHz: .00% 2352 MHz: 3.8% 2616 MHz: 7.7% 2868 MHz: 4.6% 3096 MHz: 6.6% 3300 MHz: .50% 3468 MHz: 1.1% 3624 MHz: 2.0% 3756 MHz: 1.6% 3828 MHz: .67% 3888 MHz: .22% 3948 MHz:   0% 3996 MHz:   0% 4044 MHz:   0% 4104 MHz: .54% 4416 MHz:   0% 4512 MHz:   0%)
CPU 12 idle residency:  69.83%
CPU 12 down residency:   0.73%
CPU 13 frequency: 3168 MHz
CPU 13 active residency:  16.48% (1260 MHz: .07% 1512 MHz: .01% 1800 MHz: .00% 2088 MHz:   0% 2352 MHz: 1.2% 2616 MHz: 3.3% 2868 MHz: 1.7% 3096 MHz: 2.8% 3300 MHz: .33% 3468 MHz: 1.5% 3624 MHz: 2.2% 3756 MHz: 1.8% 3828 MHz: .60% 3888 MHz: .38% 3948 MHz:   0% 3996 MHz:   0% 4044 MHz:   0% 4104 MHz: .47% 4416 MHz:   0% 4512 MHz:   0%)
CPU 13 idle residency:  82.79%
CPU 13 down residency:   0.73%
CPU 14 frequency: 3004 MHz
CPU 14 active residency:  52.91% (1260 MHz: .18% 1512 MHz: .01% 1800 MHz: .01% 2088 MHz: .01% 2352 MHz: .20% 2616 MHz: 7.9% 2868 MHz:  20% 3096 MHz:  16% 3300 MHz: 2.4% 3468 MHz: 1.8% 3624 MHz: 1.5% 3756 MHz: .76% 3828 MHz: .62% 3888 MHz: .68% 3948 MHz:   0% 3996 MHz:   0% 4044 MHz:   0% 4104 MHz: .60% 4416 MHz:   0% 4512 MHz:   0%)
CPU 14 idle residency:  46.36%
CPU 14 down residency:   0.73%
CPU 15 frequency: 2943 MHz
CPU 15 active residency:  61.12% (1260 MHz: .20% 1512 MHz: .01% 1800 MHz: .01% 2088 MHz:   0% 2352 MHz: 3.4% 2616 MHz:  13% 2868 MHz:  19% 3096 MHz:  16% 3300 MHz: 2.3% 3468 MHz: 2.5% 3624 MHz: 2.3% 3756 MHz: .38% 3828 MHz: .36% 3888 MHz: .62% 3948 MHz:   0% 3996 MHz:   0% 4044 MHz:   0% 4104 MHz: .57% 4416 MHz:   0% 4512 MHz:   0%)
CPU 15 idle residency:  38.15%
CPU 15 down residency:   0.73%

CPU Power: 2427 mW
GPU Power: 24987 mW
ANE Power: 0 mW
Combined Power (CPU + GPU + ANE): 27415 mW

**** GPU usage ****

GPU HW active frequency: 1578 MHz
GPU HW active residency: 100.00% (338 MHz:   0% 618 MHz:   0% 796 MHz:   0% 924 MHz:   0% 952 MHz:   0% 1056 MHz:   0% 1062 MHz:   0% 1182 MHz:   0% 1182 MHz:   0% 1312 MHz:   0% 1242 MHz:   0% 1380 MHz:   0% 1326 MHz:   0% 1470 MHz:   0% 1578 MHz: 100%)
GPU SW requested state: (P1 :   0% P2 :   0% P3 :   0% P4 :   0% P5 :   0% P6 :   0% P7 :   0% P8 :   0% P9 :   0% P10 : 100% P11 :   0% P12 :   0% P13 :   0% P14 :   0% P15 :   0%)
GPU SW state: (SW_P1 :   0% SW_P2 :   0% SW_P3 :   0% SW_P4 :   0% SW_P5 :   0% SW_P6 :   0% SW_P7 :   0% SW_P8 :   0% SW_P9 :   0% SW_P10 : 100% SW_P11 :   0% SW_P12 :   0% SW_P13 :   0% SW_P14 :   0% SW_P15 :   0%)
GPU idle residency:   0.00%
GPU Power: 24987 mW



*** Sampled system activity (Tue Jan 20 11:33:29 2026 +0100) (1023.10ms elapsed) ***


**** Processor usage ****

E-Cluster Online: 100%
E-Cluster HW active frequency: 1551 MHz
E-Cluster HW active residency:  69.85% (1020 MHz:  32% 1404 MHz:  11% 1788 MHz: 6.8% 2112 MHz: 4.5% 2352 MHz: 7.0% 2532 MHz: 2.2% 2592 MHz: 6.5%)
E-Cluster idle residency:  30.15%
E-Cluster down residency:   0.00%
CPU 0 frequency: 1597 MHz
CPU 0 active residency:  40.79% (1020 MHz:  17% 1404 MHz: 6.9% 1788 MHz: 3.8% 2112 MHz: 3.2% 2352 MHz: 4.9% 2532 MHz: 1.5% 2592 MHz: 3.6%)
CPU 0 idle residency:  59.21%
CPU 0 down residency:   0.00%
CPU 1 frequency: 1643 MHz
CPU 1 active residency:  29.52% (1020 MHz:  11% 1404 MHz: 5.9% 1788 MHz: 2.9% 2112 MHz: 2.2% 2352 MHz: 3.8% 2532 MHz: 1.4% 2592 MHz: 2.8%)
CPU 1 idle residency:  70.48%
CPU 1 down residency:   0.00%
CPU 2 frequency: 1680 MHz
CPU 2 active residency:  20.11% (1020 MHz: 6.8% 1404 MHz: 3.8% 1788 MHz: 2.0% 2112 MHz: 1.8% 2352 MHz: 2.5% 2532 MHz: .94% 2592 MHz: 2.3%)
CPU 2 idle residency:  79.89%
CPU 2 down residency:   0.00%
CPU 3 frequency: 1638 MHz
CPU 3 active residency:  13.29% (1020 MHz: 4.9% 1404 MHz: 2.7% 1788 MHz: .98% 2112 MHz: .97% 2352 MHz: 1.8% 2532 MHz: .58% 2592 MHz: 1.4%)
CPU 3 idle residency:  86.71%
CPU 3 down residency:   0.00%

P0-Cluster Online: 8%
P0-Cluster HW active frequency: 1326 MHz
P0-Cluster HW active residency:   1.98% (1260 MHz: 1.9% 1512 MHz:   0% 1800 MHz:   0% 2088 MHz: .07% 2352 MHz:   0% 2616 MHz: .05% 2868 MHz:   0% 3096 MHz:   0% 3300 MHz:   0% 3468 MHz:   0% 3624 MHz:   0% 3756 MHz:   0% 3828 MHz:   0% 3888 MHz:   0% 3948 MHz:   0% 3996 MHz:   0% 4044 MHz:   0% 4104 MHz:   0% 4416 MHz:   0% 4512 MHz:   0%)
P0-Cluster idle residency:   4.40%
P0-Cluster down residency:  93.62%
CPU 4 frequency: 0 MHz
CPU 4 active residency:   0.00% (1260 MHz:   0% 1512 MHz:   0% 1800 MHz:   0% 2088 MHz:   0% 2352 MHz:   0% 2616 MHz:   0% 2868 MHz:   0% 3096 MHz:   0% 3300 MHz:   0% 3468 MHz:   0% 3624 MHz:   0% 3756 MHz:   0% 3828 MHz:   0% 3888 MHz:   0% 3948 MHz:   0% 3996 MHz:   0% 4044 MHz:   0% 4104 MHz:   0% 4416 MHz:   0% 4512 MHz:   0%)
CPU 4 idle residency:   6.04%
CPU 4 down residency:  93.96%
CPU 5 frequency: 0 MHz
CPU 5 active residency:   0.00% (1260 MHz:   0% 1512 MHz:   0% 1800 MHz:   0% 2088 MHz:   0% 2352 MHz:   0% 2616 MHz:   0% 2868 MHz:   0% 3096 MHz:   0% 3300 MHz:   0% 3468 MHz:   0% 3624 MHz:   0% 3756 MHz:   0% 3828 MHz:   0% 3888 MHz:   0% 3948 MHz:   0% 3996 MHz:   0% 4044 MHz:   0% 4104 MHz:   0% 4416 MHz:   0% 4512 MHz:   0%)
CPU 5 idle residency:   6.06%
CPU 5 down residency:  93.94%
CPU 6 frequency: 0 MHz
CPU 6 active residency:   0.00% (1260 MHz:   0% 1512 MHz:   0% 1800 MHz:   0% 2088 MHz:   0% 2352 MHz:   0% 2616 MHz:   0% 2868 MHz:   0% 3096 MHz:   0% 3300 MHz:   0% 3468 MHz:   0% 3624 MHz:   0% 3756 MHz:   0% 3828 MHz:   0% 3888 MHz:   0% 3948 MHz:   0% 3996 MHz:   0% 4044 MHz:   0% 4104 MHz:   0% 4416 MHz:   0% 4512 MHz:   0%)
CPU 6 idle residency:   6.07%
CPU 6 down residency:  93.93%
CPU 7 frequency: 0 MHz
CPU 7 active residency:   0.00% (1260 MHz:   0% 1512 MHz:   0% 1800 MHz:   0% 2088 MHz:   0% 2352 MHz:   0% 2616 MHz:   0% 2868 MHz:   0% 3096 MHz:   0% 3300 MHz:   0% 3468 MHz:   0% 3624 MHz:   0% 3756 MHz:   0% 3828 MHz:   0% 3888 MHz:   0% 3948 MHz:   0% 3996 MHz:   0% 4044 MHz:   0% 4104 MHz:   0% 4416 MHz:   0% 4512 MHz:   0%)
CPU 7 idle residency:   6.07%
CPU 7 down residency:  93.93%
CPU 8 frequency: 0 MHz
CPU 8 active residency:   0.00% (1260 MHz:   0% 1512 MHz:   0% 1800 MHz:   0% 2088 MHz:   0% 2352 MHz:   0% 2616 MHz:   0% 2868 MHz:   0% 3096 MHz:   0% 3300 MHz:   0% 3468 MHz:   0% 3624 MHz:   0% 3756 MHz:   0% 3828 MHz:   0% 3888 MHz:   0% 3948 MHz:   0% 3996 MHz:   0% 4044 MHz:   0% 4104 MHz:   0% 4416 MHz:   0% 4512 MHz:   0%)
CPU 8 idle residency:   6.02%
CPU 8 down residency:  93.98%
CPU 9 frequency: 0 MHz
CPU 9 active residency:   0.00% (1260 MHz:   0% 1512 MHz:   0% 1800 MHz:   0% 2088 MHz:   0% 2352 MHz:   0% 2616 MHz:   0% 2868 MHz:   0% 3096 MHz:   0% 3300 MHz:   0% 3468 MHz:   0% 3624 MHz:   0% 3756 MHz:   0% 3828 MHz:   0% 3888 MHz:   0% 3948 MHz:   0% 3996 MHz:   0% 4044 MHz:   0% 4104 MHz:   0% 4416 MHz:   0% 4512 MHz:   0%)
CPU 9 idle residency:   6.07%
CPU 9 down residency:  93.93%

P1-Cluster HW active frequency: 2622 MHz
P1-Cluster HW active residency:  86.62% (1260 MHz: 1.2% 1512 MHz: .02% 1800 MHz: .03% 2088 MHz: .06% 2352 MHz:  14% 2616 MHz:  56% 2868 MHz: 7.8% 3096 MHz: 5.0% 3300 MHz: 2.2% 3468 MHz: .31% 3624 MHz:   0% 3756 MHz:   0% 3828 MHz:   0% 3888 MHz:   0% 3948 MHz:   0% 3996 MHz:   0% 4044 MHz:   0% 4104 MHz:   0% 4416 MHz:   0% 4512 MHz:   0%)
P1-Cluster idle residency:  13.38%
P1-Cluster down residency:   0.00%
CPU 10 frequency: 2648 MHz
CPU 10 active residency:  60.83% (1260 MHz: .06% 1512 MHz: .00% 1800 MHz: .00% 2088 MHz: .03% 2352 MHz:  10% 2616 MHz:  39% 2868 MHz: 5.7% 3096 MHz: 4.2% 3300 MHz: 1.5% 3468 MHz: .25% 3624 MHz:   0% 3756 MHz:   0% 3828 MHz:   0% 3888 MHz:   0% 3948 MHz:   0% 3996 MHz:   0% 4044 MHz:   0% 4104 MHz:   0% 4416 MHz:   0% 4512 MHz:   0%)
CPU 10 idle residency:  39.17%
CPU 10 down residency:   0.00%
CPU 11 frequency: 2667 MHz
CPU 11 active residency:  34.98% (1260 MHz: .03% 1512 MHz:   0% 1800 MHz: .00% 2088 MHz: .01% 2352 MHz: 6.1% 2616 MHz:  21% 2868 MHz: 3.1% 3096 MHz: 3.0% 3300 MHz: 1.6% 3468 MHz: .18% 3624 MHz:   0% 3756 MHz:   0% 3828 MHz:   0% 3888 MHz:   0% 3948 MHz:   0% 3996 MHz:   0% 4044 MHz:   0% 4104 MHz:   0% 4416 MHz:   0% 4512 MHz:   0%)
CPU 11 idle residency:  65.02%
CPU 11 down residency:   0.00%
CPU 12 frequency: 2722 MHz
CPU 12 active residency:  18.53% (1260 MHz: .01% 1512 MHz:   0% 1800 MHz: .01% 2088 MHz:   0% 2352 MHz: 1.4% 2616 MHz:  12% 2868 MHz: 1.8% 3096 MHz: 2.3% 3300 MHz: 1.0% 3468 MHz: .07% 3624 MHz:   0% 3756 MHz:   0% 3828 MHz:   0% 3888 MHz:   0% 3948 MHz:   0% 3996 MHz:   0% 4044 MHz:   0% 4104 MHz:   0% 4416 MHz:   0% 4512 MHz:   0%)
CPU 12 idle residency:  81.47%
CPU 12 down residency:   0.00%
CPU 13 frequency: 2759 MHz
CPU 13 active residency:   9.37% (1260 MHz:   0% 1512 MHz:   0% 1800 MHz:   0% 2088 MHz:   0% 2352 MHz: .19% 2616 MHz: 6.2% 2868 MHz: .83% 3096 MHz: 1.6% 3300 MHz: .51% 3468 MHz: .05% 3624 MHz:   0% 3756 MHz:   0% 3828 MHz:   0% 3888 MHz:   0% 3948 MHz:   0% 3996 MHz:   0% 4044 MHz:   0% 4104 MHz:   0% 4416 MHz:   0% 4512 MHz:   0%)
CPU 13 idle residency:  90.63%
CPU 13 down residency:   0.00%
CPU 14 frequency: 2642 MHz
CPU 14 active residency:  58.70% (1260 MHz: .08% 1512 MHz: .00% 1800 MHz: .01% 2088 MHz: .02% 2352 MHz:  11% 2616 MHz:  37% 2868 MHz: 5.1% 3096 MHz: 4.0% 3300 MHz: 1.6% 3468 MHz: .23% 3624 MHz:   0% 3756 MHz:   0% 3828 MHz:   0% 3888 MHz:   0% 3948 MHz:   0% 3996 MHz:   0% 4044 MHz:   0% 4104 MHz:   0% 4416 MHz:   0% 4512 MHz:   0%)
CPU 14 idle residency:  41.30%
CPU 14 down residency:   0.00%
CPU 15 frequency: 2645 MHz
CPU 15 active residency:  60.06% (1260 MHz: .09% 1512 MHz: .02% 1800 MHz: .02% 2088 MHz: .02% 2352 MHz:  10% 2616 MHz:  38% 2868 MHz: 5.9% 3096 MHz: 3.7% 3300 MHz: 1.6% 3468 MHz: .30% 3624 MHz:   0% 3756 MHz:   0% 3828 MHz:   0% 3888 MHz:   0% 3948 MHz:   0% 3996 MHz:   0% 4044 MHz:   0% 4104 MHz:   0% 4416 MHz:   0% 4512 MHz:   0%)
CPU 15 idle residency:  39.94%
CPU 15 down residency:   0.00%

CPU Power: 1896 mW
GPU Power: 22384 mW
ANE Power: 0 mW
Combined Power (CPU + GPU + ANE): 24280 mW

**** GPU usage ****

GPU HW active frequency: 1574 MHz
GPU HW active residency:  91.88% (338 MHz: .33% 618 MHz:   0% 796 MHz:   0% 924 MHz:   0% 952 MHz:   0% 1056 MHz:   0% 1062 MHz:   0% 1182 MHz:   0% 1182 MHz:   0% 1312 MHz:   0% 1242 MHz:   0% 1380 MHz:   0% 1326 MHz:   0% 1470 MHz:   0% 1578 MHz:  92%)
GPU SW requested state: (P1 :   0% P2 :   0% P3 :   0% P4 :   0% P5 :   0% P6 :   0% P7 :   0% P8 :   0% P9 :   0% P10 : 100% P11 :   0% P12 :   0% P13 :   0% P14 :   0% P15 :   0%)
GPU SW state: (SW_P1 : .33% SW_P2 :   0% SW_P3 :   0% SW_P4 :   0% SW_P5 :   0% SW_P6 :   0% SW_P7 :   0% SW_P8 :   0% SW_P9 :   0% SW_P10 :  92% SW_P11 :   0% SW_P12 :   0% SW_P13 :   0% SW_P14 :   0% SW_P15 :   0%)
GPU idle residency:   8.12%
GPU Power: 22189 mW

